Archive member included to satisfy reference by file (symbol)

c:/program files (x86)/gnu tools arm embedded/8 2019-q3-update/bin/../lib/gcc/arm-none-eabi/8.3.1/../../../../arm-none-eabi/lib/thumb/v7-m/nofp\libc_nano.a(lib_a-errno.o)
                              build/main.o (__errno)
c:/program files (x86)/gnu tools arm embedded/8 2019-q3-update/bin/../lib/gcc/arm-none-eabi/8.3.1/../../../../arm-none-eabi/lib/thumb/v7-m/nofp\libc_nano.a(lib_a-exit.o)
                              c:/program files (x86)/gnu tools arm embedded/8 2019-q3-update/bin/../lib/gcc/arm-none-eabi/8.3.1/../../../../arm-none-eabi/lib/thumb/v7-m/nofp/crt0.o (exit)
c:/program files (x86)/gnu tools arm embedded/8 2019-q3-update/bin/../lib/gcc/arm-none-eabi/8.3.1/../../../../arm-none-eabi/lib/thumb/v7-m/nofp\libc_nano.a(lib_a-impure.o)
                              c:/program files (x86)/gnu tools arm embedded/8 2019-q3-update/bin/../lib/gcc/arm-none-eabi/8.3.1/../../../../arm-none-eabi/lib/thumb/v7-m/nofp\libc_nano.a(lib_a-exit.o) (_global_impure_ptr)
c:/program files (x86)/gnu tools arm embedded/8 2019-q3-update/bin/../lib/gcc/arm-none-eabi/8.3.1/../../../../arm-none-eabi/lib/thumb/v7-m/nofp\libc_nano.a(lib_a-init.o)
                              c:/program files (x86)/gnu tools arm embedded/8 2019-q3-update/bin/../lib/gcc/arm-none-eabi/8.3.1/../../../../arm-none-eabi/lib/thumb/v7-m/nofp/crt0.o (__libc_init_array)
c:/program files (x86)/gnu tools arm embedded/8 2019-q3-update/bin/../lib/gcc/arm-none-eabi/8.3.1/../../../../arm-none-eabi/lib/thumb/v7-m/nofp\libc_nano.a(lib_a-lcltime.o)
                              build/clock_rtc.o (localtime)
c:/program files (x86)/gnu tools arm embedded/8 2019-q3-update/bin/../lib/gcc/arm-none-eabi/8.3.1/../../../../arm-none-eabi/lib/thumb/v7-m/nofp\libc_nano.a(lib_a-lcltime_r.o)
                              c:/program files (x86)/gnu tools arm embedded/8 2019-q3-update/bin/../lib/gcc/arm-none-eabi/8.3.1/../../../../arm-none-eabi/lib/thumb/v7-m/nofp\libc_nano.a(lib_a-lcltime.o) (localtime_r)
c:/program files (x86)/gnu tools arm embedded/8 2019-q3-update/bin/../lib/gcc/arm-none-eabi/8.3.1/../../../../arm-none-eabi/lib/thumb/v7-m/nofp\libc_nano.a(lib_a-malloc.o)
                              c:/program files (x86)/gnu tools arm embedded/8 2019-q3-update/bin/../lib/gcc/arm-none-eabi/8.3.1/../../../../arm-none-eabi/lib/thumb/v7-m/nofp\libc_nano.a(lib_a-lcltime.o) (malloc)
c:/program files (x86)/gnu tools arm embedded/8 2019-q3-update/bin/../lib/gcc/arm-none-eabi/8.3.1/../../../../arm-none-eabi/lib/thumb/v7-m/nofp\libc_nano.a(lib_a-memset.o)
                              c:/program files (x86)/gnu tools arm embedded/8 2019-q3-update/bin/../lib/gcc/arm-none-eabi/8.3.1/../../../../arm-none-eabi/lib/thumb/v7-m/nofp/crt0.o (memset)
c:/program files (x86)/gnu tools arm embedded/8 2019-q3-update/bin/../lib/gcc/arm-none-eabi/8.3.1/../../../../arm-none-eabi/lib/thumb/v7-m/nofp\libc_nano.a(lib_a-mktime.o)
                              build/clock_rtc.o (mktime)
c:/program files (x86)/gnu tools arm embedded/8 2019-q3-update/bin/../lib/gcc/arm-none-eabi/8.3.1/../../../../arm-none-eabi/lib/thumb/v7-m/nofp\libc_nano.a(lib_a-month_lengths.o)
                              c:/program files (x86)/gnu tools arm embedded/8 2019-q3-update/bin/../lib/gcc/arm-none-eabi/8.3.1/../../../../arm-none-eabi/lib/thumb/v7-m/nofp\libc_nano.a(lib_a-lcltime_r.o) (__month_lengths)
c:/program files (x86)/gnu tools arm embedded/8 2019-q3-update/bin/../lib/gcc/arm-none-eabi/8.3.1/../../../../arm-none-eabi/lib/thumb/v7-m/nofp\libc_nano.a(lib_a-nano-freer.o)
                              c:/program files (x86)/gnu tools arm embedded/8 2019-q3-update/bin/../lib/gcc/arm-none-eabi/8.3.1/../../../../arm-none-eabi/lib/thumb/v7-m/nofp\libc_nano.a(lib_a-malloc.o) (_free_r)
c:/program files (x86)/gnu tools arm embedded/8 2019-q3-update/bin/../lib/gcc/arm-none-eabi/8.3.1/../../../../arm-none-eabi/lib/thumb/v7-m/nofp\libc_nano.a(lib_a-nano-mallocr.o)
                              c:/program files (x86)/gnu tools arm embedded/8 2019-q3-update/bin/../lib/gcc/arm-none-eabi/8.3.1/../../../../arm-none-eabi/lib/thumb/v7-m/nofp\libc_nano.a(lib_a-malloc.o) (_malloc_r)
c:/program files (x86)/gnu tools arm embedded/8 2019-q3-update/bin/../lib/gcc/arm-none-eabi/8.3.1/../../../../arm-none-eabi/lib/thumb/v7-m/nofp\libc_nano.a(lib_a-nano-vfprintf_float.o)
                              (_printf_float)
c:/program files (x86)/gnu tools arm embedded/8 2019-q3-update/bin/../lib/gcc/arm-none-eabi/8.3.1/../../../../arm-none-eabi/lib/thumb/v7-m/nofp\libc_nano.a(lib_a-nano-vfprintf_i.o)
                              c:/program files (x86)/gnu tools arm embedded/8 2019-q3-update/bin/../lib/gcc/arm-none-eabi/8.3.1/../../../../arm-none-eabi/lib/thumb/v7-m/nofp\libc_nano.a(lib_a-nano-vfprintf_float.o) (_printf_common)
[...]
Memory Configuration

Name             Origin             Length             Attributes
RAM              0x20000000         0x00010000         xrw
FLASH            0x08000000         0x00060000         xr
*default*        0x00000000         0xffffffff

Linker script and memory map

LOAD c:/program files (x86)/gnu tools arm embedded/8 2019-q3-update/bin/../lib/gcc/arm-none-eabi/8.3.1/thumb/v7-m/nofp/crti.o
LOAD c:/program files (x86)/gnu tools arm embedded/8 2019-q3-update/bin/../lib/gcc/arm-none-eabi/8.3.1/thumb/v7-m/nofp/crtbegin.o
LOAD c:/program files (x86)/gnu tools arm embedded/8 2019-q3-update/bin/../lib/gcc/arm-none-eabi/8.3.1/../../../../arm-none-eabi/lib/thumb/v7-m/nofp/crt0.o
LOAD build/main.o
LOAD build/gpio.o
LOAD build/blinkled.o
LOAD build/key.o
LOAD build/user_bitmap.o
LOAD build/logo.o
LOAD build/main_screen.o
LOAD build/info_screen.o
LOAD build/output.o
LOAD build/input.o
LOAD build/buzzer.o
LOAD build/clock_rtc.o
LOAD build/i2c.o
LOAD build/spi.o
LOAD build/iwdg.o
LOAD build/usart.o
LOAD build/usb_device.o
LOAD build/usbd_conf.o
LOAD build/usbd_desc.o
LOAD build/usbd_cdc_if.o
LOAD build/stm32f1xx_it.o
LOAD build/stm32f1xx_hal_msp.o
LOAD build/stm32f1xx_hal_gpio_ex.o
LOAD build/stm32f1xx_hal_pcd.o
LOAD build/stm32f1xx_hal_pcd_ex.o
LOAD build/stm32f1xx_ll_usb.o
LOAD build/stm32f1xx_hal_i2c.o
LOAD build/stm32f1xx_hal_spi.o
LOAD build/stm32f1xx_hal_iwdg.o
LOAD build/stm32f1xx_hal_tim.o
LOAD build/stm32f1xx_hal_tim_ex.o
LOAD build/stm32f1xx_hal_uart.o
LOAD build/stm32f1xx_hal.o
LOAD build/stm32f1xx_hal_rcc.o
LOAD build/stm32f1xx_hal_rcc_ex.o
LOAD build/stm32f1xx_hal_rtc.o
LOAD build/stm32f1xx_hal_rtc_ex.o
LOAD build/stm32f1xx_hal_gpio.o
LOAD build/stm32f1xx_hal_dma.o
LOAD build/stm32f1xx_hal_cortex.o
LOAD build/stm32f1xx_hal_pwr.o
LOAD build/stm32f1xx_hal_flash.o
LOAD build/stm32f1xx_hal_flash_ex.o
LOAD build/system_stm32f1xx.o
LOAD build/usbd_core.o
LOAD build/usbd_ctlreq.o
LOAD build/usbd_ioreq.o
LOAD build/usbd_cdc.o
LOAD build/u8g2_bitmap.o
LOAD build/u8g2_box.o
LOAD build/u8g2_buffer.o
LOAD build/u8g2_circle.o
LOAD build/u8g2_cleardisplay.o
LOAD build/u8g2_d_memory.o
LOAD build/u8g2_d_setup.o
LOAD build/u8g2_font.o
LOAD build/u8g2_fonts.o
LOAD build/u8g2_hvline.o
LOAD build/u8g2_input_value.o
LOAD build/u8g2_intersection.o
LOAD build/u8g2_kerning.o
LOAD build/u8g2_line.o
LOAD build/u8g2_ll_hvline.o
LOAD build/u8g2_message.o
LOAD build/u8g2_polygon.o
LOAD build/u8g2_selection_list.o
LOAD build/u8g2_setup.o
LOAD build/u8x8_8x8.o
LOAD build/u8x8_byte.o
LOAD build/u8x8_cad.o
LOAD build/u8x8_d_a2printer.o
LOAD build/u8x8_d_st7920.o
LOAD build/u8x8_debounce.o
LOAD build/u8x8_display.o
LOAD build/u8x8_fonts.o
LOAD build/u8x8_gpio.o
LOAD build/u8x8_input_value.o
LOAD build/u8x8_message.o
LOAD build/u8x8_selection_list.o
LOAD build/u8x8_setup.o
LOAD build/u8x8_string.o
LOAD build/u8x8_u16toa.o
LOAD build/u8x8_u8toa.o
LOAD build/startup_stm32f103xe.o
LOAD c:/program files (x86)/gnu tools arm embedded/8 2019-q3-update/bin/../lib/gcc/arm-none-eabi/8.3.1/../../../../arm-none-eabi/lib/thumb/v7-m/nofp\libc_nano.a
LOAD c:/program files (x86)/gnu tools arm embedded/8 2019-q3-update/bin/../lib/gcc/arm-none-eabi/8.3.1/../../../../arm-none-eabi/lib/thumb/v7-m/nofp\libm.a
LOAD c:/program files (x86)/gnu tools arm embedded/8 2019-q3-update/bin/../lib/gcc/arm-none-eabi/8.3.1/../../../../arm-none-eabi/lib/thumb/v7-m/nofp\libnosys.a
START GROUP
LOAD c:/program files (x86)/gnu tools arm embedded/8 2019-q3-update/bin/../lib/gcc/arm-none-eabi/8.3.1/thumb/v7-m/nofp\libgcc.a
LOAD c:/program files (x86)/gnu tools arm embedded/8 2019-q3-update/bin/../lib/gcc/arm-none-eabi/8.3.1/../../../../arm-none-eabi/lib/thumb/v7-m/nofp\libc_nano.a
END GROUP
START GROUP
LOAD c:/program files (x86)/gnu tools arm embedded/8 2019-q3-update/bin/../lib/gcc/arm-none-eabi/8.3.1/thumb/v7-m/nofp\libgcc.a
LOAD c:/program files (x86)/gnu tools arm embedded/8 2019-q3-update/bin/../lib/gcc/arm-none-eabi/8.3.1/../../../../arm-none-eabi/lib/thumb/v7-m/nofp\libc_nano.a
END GROUP
LOAD c:/program files (x86)/gnu tools arm embedded/8 2019-q3-update/bin/../lib/gcc/arm-none-eabi/8.3.1/thumb/v7-m/nofp/crtend.o
LOAD c:/program files (x86)/gnu tools arm embedded/8 2019-q3-update/bin/../lib/gcc/arm-none-eabi/8.3.1/thumb/v7-m/nofp/crtn.o
                0x20010000                _estack = 0x20010000
                0x00000200                _Min_Heap_Size = 0x200
                0x00000400                _Min_Stack_Size = 0x400

.isr_vector     0x08000000      0x1e4
                0x08000000                . = ALIGN (0x4)
 *(.isr_vector)
 .isr_vector    0x08000000      0x1e4 build/startup_stm32f103xe.o
                0x08000000                g_pfnVectors
                0x080001e4                . = ALIGN (0x4)

.text           0x080001e8     0x97c4
                0x080001e8                . = ALIGN (0x4)
 *(.text)
 .text          0x080001e8       0x40 c:/program files (x86)/gnu tools arm embedded/8 2019-q3-update/bin/../lib/gcc/arm-none-eabi/8.3.1/thumb/v7-m/nofp/crtbegin.o
 .text          0x08000228       0x10 c:/program files (x86)/gnu tools arm embedded/8 2019-q3-update/bin/../lib/gcc/arm-none-eabi/8.3.1/../../../../arm-none-eabi/lib/thumb/v7-m/nofp\libc_nano.a(lib_a-strlen.o)
                0x08000228                strlen
 .text          0x08000238       0x14 c:/program files (x86)/gnu tools arm embedded/8 2019-q3-update/bin/../lib/gcc/arm-none-eabi/8.3.1/../../../../arm-none-eabi/lib/thumb/v7-m/nofp\libc_nano.a(lib_a-strcmp.o)
                0x08000238                strcmp
 .text          0x0800024c      0x378 c:/program files (x86)/gnu tools arm embedded/8 2019-q3-update/bin/../lib/gcc/arm-none-eabi/8.3.1/thumb/v7-m/nofp\libgcc.a(_arm_addsubdf3.o)
                0x0800024c                __aeabi_drsub
                0x08000254                __aeabi_dsub
                0x08000254                __subdf3
                0x08000258                __aeabi_dadd
                0x08000258                __adddf3
                0x080004d0                __floatunsidf
                0x080004d0                __aeabi_ui2d
                0x080004f0                __floatsidf
                0x080004f0                __aeabi_i2d
                0x08000514                __aeabi_f2d
                0x08000514                __extendsfdf2
                0x08000558                __floatundidf
                0x08000558                __aeabi_ul2d
                0x08000568                __floatdidf
                0x08000568                __aeabi_l2d
 .text          0x080005c4      0x424 c:/program files (x86)/gnu tools arm embedded/8 2019-q3-update/bin/../lib/gcc/arm-none-eabi/8.3.1/thumb/v7-m/nofp\libgcc.a(_arm_muldivdf3.o)
                0x080005c4                __aeabi_dmul
                0x080005c4                __muldf3
                0x08000818                __divdf3
                0x08000818                __aeabi_ddiv
 .text          0x080009e8      0x110 c:/program files (x86)/gnu tools arm embedded/8 2019-q3-update/bin/../lib/gcc/arm-none-eabi/8.3.1/thumb/v7-m/nofp\libgcc.a(_arm_cmpdf2.o)
                0x080009e8                __gtdf2
                0x080009e8                __gedf2
                0x080009f0                __ltdf2
                0x080009f0                __ledf2
                0x080009f8                __nedf2
                0x080009f8                __eqdf2
                0x080009f8                __cmpdf2
                0x08000a74                __aeabi_cdrcmple
                0x08000a84                __aeabi_cdcmpeq
                0x08000a84                __aeabi_cdcmple
                0x08000a94                __aeabi_dcmpeq
                0x08000aa8                __aeabi_dcmplt
                0x08000abc                __aeabi_dcmple
                0x08000ad0                __aeabi_dcmpge
                0x08000ae4                __aeabi_dcmpgt
 .text          0x08000af8       0x2c c:/program files (x86)/gnu tools arm embedded/8 2019-q3-update/bin/../lib/gcc/arm-none-eabi/8.3.1/thumb/v7-m/nofp\libgcc.a(_arm_unorddf2.o)
                0x08000af8                __unorddf2
                0x08000af8                __aeabi_dcmpun
 .text          0x08000b24       0x50 c:/program files (x86)/gnu tools arm embedded/8 2019-q3-update/bin/../lib/gcc/arm-none-eabi/8.3.1/thumb/v7-m/nofp\libgcc.a(_arm_fixdfsi.o)
                0x08000b24                __aeabi_d2iz
                0x08000b24                __fixdfsi
 .text          0x08000b74       0xa0 c:/program files (x86)/gnu tools arm embedded/8 2019-q3-update/bin/../lib/gcc/arm-none-eabi/8.3.1/thumb/v7-m/nofp\libgcc.a(_aeabi_ldivmod.o)
                0x08000b74                __aeabi_ldivmod
 .text          0x08000c14      0x2d0 c:/program files (x86)/gnu tools arm embedded/8 2019-q3-update/bin/../lib/gcc/arm-none-eabi/8.3.1/thumb/v7-m/nofp\libgcc.a(_udivmoddi4.o)
                0x08000c14                __udivmoddi4
 .text          0x08000ee4        0x4 c:/program files (x86)/gnu tools arm embedded/8 2019-q3-update/bin/../lib/gcc/arm-none-eabi/8.3.1/thumb/v7-m/nofp\libgcc.a(_dvmd_tls.o)
                0x08000ee4                __aeabi_idiv0
                0x08000ee4                __aeabi_ldiv0
 *(.text*)
 .text.u8g2_gpio_and_delay_stm32
                0x08000ee8        0x4 build/main.o
                0x08000ee8                u8g2_gpio_and_delay_stm32
 .text.u8x8_byte_4wire_hw_spi
                0x08000eec       0x64 build/main.o
                0x08000eec                u8x8_byte_4wire_hw_spi
 .text.SystemClock_Config
                0x08000f50       0x98 build/main.o
                0x08000f50                SystemClock_Config
 .text.main     0x08000fe8      0x104 build/main.o
                0x08000fe8                main
 .text.Error_Handler
                0x080010ec        0x2 build/main.o
                0x080010ec                Error_Handler
 *fill*         0x080010ee        0x2 
 .text.MX_GPIO_Init
                0x080010f0       0x88 build/gpio.o
                0x080010f0                MX_GPIO_Init
 .text.Led_Init
                0x08001178       0x58 build/blinkled.o
                0x08001178                Led_Init
 .text.Blink    0x080011d0       0x30 build/blinkled.o
                0x080011d0                Blink
 .text.KeyInit  0x08001200       0x6c build/key.o
                0x08001200                KeyInit
 .text.KeyGet   0x0800126c       0xe0 build/key.o
                0x0800126c                KeyGet
 .text.KeyProcess
                0x0800134c       0x80 build/key.o
                0x0800134c                KeyProcess
 .text.KeyManage
                0x080013cc       0xb4 build/key.o
                0x080013cc                KeyManage
 .text.Logo     0x08001480       0x30 build/logo.o
                0x08001480                Logo
 .text.main_screen_init
                0x080014b0       0x28 build/main_screen.o
                0x080014b0                main_screen_init
 .text.Lamp_Status
                0x080014d8       0x7c build/main_screen.o
                0x080014d8                Lamp_Status
 .text.UV_Status
                0x08001554       0x68 build/main_screen.o
                0x08001554                UV_Status
 .text.Fan_Status
                0x080015bc       0xa8 build/main_screen.o
                0x080015bc                Fan_Status
 .text.Socket_Status
                0x08001664       0xb0 build/main_screen.o
                0x08001664                Socket_Status
 .text.Filter   0x08001714       0x94 build/main_screen.o
                0x08001714                Filter
 .text.Horizontal
                0x080017a8       0x60 build/main_screen.o
                0x080017a8                Horizontal
 .text.Main_Screen_Manage
                0x08001808       0x2c build/main_screen.o
                0x08001808                Main_Screen_Manage
 .text.Info_Screen_Init
                0x08001834       0x24 build/info_screen.o
                0x08001834                Info_Screen_Init
 .text.SysTime  0x08001858       0xa4 build/info_screen.o
                0x08001858                SysTime
 .text.Filter_Pa
                0x080018fc       0x58 build/info_screen.o
                0x080018fc                Filter_Pa
 .text.Flow     0x08001954       0x84 build/info_screen.o
                0x08001954                Flow
 .text.Temperature
                0x080019d8       0x84 build/info_screen.o
                0x080019d8                Temperature
 .text.Door     0x08001a5c       0x9c build/info_screen.o
                0x08001a5c                Door
 .text.Frame_Door
                0x08001af8       0x38 build/info_screen.o
                0x08001af8                Frame_Door
 .text.Info_Screen_Manage
                0x08001b30       0x3c build/info_screen.o
                0x08001b30                Info_Screen_Manage
 .text.Output_Init
                0x08001b6c       0x8c build/output.o
                0x08001b6c                Output_Init
 .text.SW_Neon  0x08001bf8       0x20 build/output.o
                0x08001bf8                SW_Neon
 .text.SW_Uv    0x08001c18       0x20 build/output.o
                0x08001c18                SW_Uv
 .text.SW_Fan   0x08001c38       0x20 build/output.o
                0x08001c38                SW_Fan
 .text.SW_Socket
                0x08001c58       0x20 build/output.o
                0x08001c58                SW_Socket
 .text.Output_Manage
                0x08001c78       0x24 build/output.o
                0x08001c78                Output_Manage
 .text.Input_Init
                0x08001c9c       0x24 build/input.o
                0x08001c9c                Input_Init
 .text.buzzer_init
                0x08001cc0       0x70 build/buzzer.o
                0x08001cc0                buzzer_init
 .text.RTC_GetUnixTimestamp
                0x08001d30       0x40 build/clock_rtc.o
                0x08001d30                RTC_GetUnixTimestamp
 .text.RTC_Sync
                0x08001d70       0x34 build/clock_rtc.o
                0x08001d70                RTC_Sync
 .text.RTC_Init
                0x08001da4       0x98 build/clock_rtc.o
                0x08001da4                RTC_Init
 .text.RTC_CalcTime
                0x08001e3c       0x3a build/clock_rtc.o
                0x08001e3c                RTC_CalcTime
 *fill*         0x08001e76        0x2 
 .text.HAL_RTCEx_RTCEventCallback
                0x08001e78       0x1c build/clock_rtc.o
                0x08001e78                HAL_RTCEx_RTCEventCallback
 .text.MX_SPI1_Init
                0x08001e94       0x44 build/spi.o
                0x08001e94                MX_SPI1_Init
 .text.HAL_SPI_MspInit
                0x08001ed8       0x64 build/spi.o
                0x08001ed8                HAL_SPI_MspInit
 .text.MX_USB_DEVICE_Init
                0x08001f3c       0x54 build/usb_device.o
                0x08001f3c                MX_USB_DEVICE_Init
 .text.USBD_Get_USB_Status
                0x08001f90       0x14 build/usbd_conf.o
 .text.HAL_PCD_MspInit
                0x08001fa4       0x40 build/usbd_conf.o
                0x08001fa4                HAL_PCD_MspInit
 .text.HAL_PCD_SetupStageCallback
                0x08001fe4       0x10 build/usbd_conf.o
                0x08001fe4                HAL_PCD_SetupStageCallback
 .text.HAL_PCD_DataOutStageCallback
                0x08001ff4       0x14 build/usbd_conf.o
                0x08001ff4                HAL_PCD_DataOutStageCallback
 .text.HAL_PCD_DataInStageCallback
                0x08002008       0x12 build/usbd_conf.o
                0x08002008                HAL_PCD_DataInStageCallback
 .text.HAL_PCD_SOFCallback
                0x0800201a        0xc build/usbd_conf.o
                0x0800201a                HAL_PCD_SOFCallback
 .text.HAL_PCD_ResetCallback
                0x08002026       0x24 build/usbd_conf.o
                0x08002026                HAL_PCD_ResetCallback
 *fill*         0x0800204a        0x2 
 .text.HAL_PCD_SuspendCallback
                0x0800204c       0x20 build/usbd_conf.o
                0x0800204c                HAL_PCD_SuspendCallback
 .text.HAL_PCD_ResumeCallback
                0x0800206c        0xc build/usbd_conf.o
                0x0800206c                HAL_PCD_ResumeCallback
 .text.USBD_LL_Init
                0x08002078       0x84 build/usbd_conf.o
                0x08002078                USBD_LL_Init
 .text.USBD_LL_Start
                0x080020fc       0x10 build/usbd_conf.o
                0x080020fc                USBD_LL_Start
 .text.USBD_LL_OpenEP
                0x0800210c       0x16 build/usbd_conf.o
                0x0800210c                USBD_LL_OpenEP
 .text.USBD_LL_CloseEP
                0x08002122       0x10 build/usbd_conf.o
                0x08002122                USBD_LL_CloseEP
 .text.USBD_LL_StallEP
                0x08002132       0x10 build/usbd_conf.o
                0x08002132                USBD_LL_StallEP
 .text.USBD_LL_ClearStallEP
                0x08002142       0x10 build/usbd_conf.o
                0x08002142                USBD_LL_ClearStallEP
 .text.USBD_LL_IsStallEP
                0x08002152       0x26 build/usbd_conf.o
                0x08002152                USBD_LL_IsStallEP
 .text.USBD_LL_SetUSBAddress
                0x08002178       0x10 build/usbd_conf.o
                0x08002178                USBD_LL_SetUSBAddress
 .text.USBD_LL_Transmit
                0x08002188       0x10 build/usbd_conf.o
                0x08002188                USBD_LL_Transmit
 .text.USBD_LL_PrepareReceive
                0x08002198       0x10 build/usbd_conf.o
                0x08002198                USBD_LL_PrepareReceive
 .text.USBD_LL_GetRxDataSize
                0x080021a8        0xc build/usbd_conf.o
                0x080021a8                USBD_LL_GetRxDataSize
 .text.USBD_static_malloc
                0x080021b4        0x8 build/usbd_conf.o
                0x080021b4                USBD_static_malloc
 .text.USBD_static_free
                0x080021bc        0x2 build/usbd_conf.o
                0x080021bc                USBD_static_free
 .text.HAL_PCDEx_SetConnectionState
                0x080021be        0x2 build/usbd_conf.o
                0x080021be                HAL_PCDEx_SetConnectionState
 .text.USBD_FS_DeviceDescriptor
                0x080021c0        0xc build/usbd_desc.o
                0x080021c0                USBD_FS_DeviceDescriptor
 .text.USBD_FS_LangIDStrDescriptor
                0x080021cc        0xc build/usbd_desc.o
                0x080021cc                USBD_FS_LangIDStrDescriptor
 .text.IntToUnicode
                0x080021d8       0x36 build/usbd_desc.o
 *fill*         0x0800220e        0x2 
 .text.Get_SerialNum
                0x08002210       0x34 build/usbd_desc.o
 .text.USBD_FS_SerialStrDescriptor
                0x08002244       0x14 build/usbd_desc.o
                0x08002244                USBD_FS_SerialStrDescriptor
 .text.USBD_FS_ProductStrDescriptor
                0x08002258       0x24 build/usbd_desc.o
                0x08002258                USBD_FS_ProductStrDescriptor
 .text.USBD_FS_ManufacturerStrDescriptor
                0x0800227c       0x1c build/usbd_desc.o
                0x0800227c                USBD_FS_ManufacturerStrDescriptor
 .text.USBD_FS_ConfigStrDescriptor
                0x08002298       0x24 build/usbd_desc.o
                0x08002298                USBD_FS_ConfigStrDescriptor
 .text.USBD_FS_InterfaceStrDescriptor
                0x080022bc       0x24 build/usbd_desc.o
                0x080022bc                USBD_FS_InterfaceStrDescriptor
 .text.CDC_DeInit_FS
                0x080022e0        0x4 build/usbd_cdc_if.o
 .text.CDC_Control_FS
                0x080022e4        0x4 build/usbd_cdc_if.o
 .text.CDC_Receive_FS
                0x080022e8       0x1c build/usbd_cdc_if.o
 .text.CDC_Init_FS
                0x08002304       0x28 build/usbd_cdc_if.o
 .text.NMI_Handler
                0x0800232c        0x2 build/stm32f1xx_it.o
                0x0800232c                NMI_Handler
 .text.HardFault_Handler
                0x0800232e        0x2 build/stm32f1xx_it.o
                0x0800232e                HardFault_Handler
 .text.MemManage_Handler
                0x08002330        0x2 build/stm32f1xx_it.o
                0x08002330                MemManage_Handler
 .text.BusFault_Handler
                0x08002332        0x2 build/stm32f1xx_it.o
                0x08002332                BusFault_Handler
 .text.UsageFault_Handler
                0x08002334        0x2 build/stm32f1xx_it.o
                0x08002334                UsageFault_Handler
 .text.SVC_Handler
                0x08002336        0x2 build/stm32f1xx_it.o
                0x08002336                SVC_Handler
 .text.DebugMon_Handler
                0x08002338        0x2 build/stm32f1xx_it.o
                0x08002338                DebugMon_Handler
 .text.PendSV_Handler
                0x0800233a        0x2 build/stm32f1xx_it.o
                0x0800233a                PendSV_Handler
 .text.SysTick_Handler
                0x0800233c        0x8 build/stm32f1xx_it.o
                0x0800233c                SysTick_Handler
 .text.USB_LP_CAN1_RX0_IRQHandler
                0x08002344       0x10 build/stm32f1xx_it.o
                0x08002344                USB_LP_CAN1_RX0_IRQHandler
 .text.RTC_IRQHandler
                0x08002354       0x10 build/stm32f1xx_it.o
                0x08002354                RTC_IRQHandler
 .text.RTC_Alarm_IRQHandler
                0x08002364       0x10 build/stm32f1xx_it.o
                0x08002364                RTC_Alarm_IRQHandler
 .text.HAL_MspInit
                0x08002374       0x44 build/stm32f1xx_hal_msp.o
                0x08002374                HAL_MspInit
 .text.HAL_RTC_MspInit
                0x080023b8       0x60 build/stm32f1xx_hal_msp.o
                0x080023b8                HAL_RTC_MspInit
 .text.HAL_PCD_Init
                0x08002418       0xd6 build/stm32f1xx_hal_pcd.o
                0x08002418                HAL_PCD_Init
 .text.HAL_PCD_Start
                0x080024ee       0x2e build/stm32f1xx_hal_pcd.o
                0x080024ee                HAL_PCD_Start
 .text.HAL_PCD_SetAddress
                0x0800251c       0x28 build/stm32f1xx_hal_pcd.o
                0x0800251c                HAL_PCD_SetAddress
 .text.HAL_PCD_EP_Open
                0x08002544       0x52 build/stm32f1xx_hal_pcd.o
                0x08002544                HAL_PCD_EP_Open
 .text.HAL_PCD_EP_Close
                0x08002596       0x4e build/stm32f1xx_hal_pcd.o
                0x08002596                HAL_PCD_EP_Close
 .text.HAL_PCD_EP_Receive
                0x080025e4       0x3e build/stm32f1xx_hal_pcd.o
                0x080025e4                HAL_PCD_EP_Receive
 .text.HAL_PCD_EP_GetRxCount
                0x08002622        0xe build/stm32f1xx_hal_pcd.o
                0x08002622                HAL_PCD_EP_GetRxCount
 .text.HAL_PCD_EP_Transmit
                0x08002630       0x3c build/stm32f1xx_hal_pcd.o
                0x08002630                HAL_PCD_EP_Transmit
 .text.PCD_EP_ISR_Handler
                0x0800266c      0x458 build/stm32f1xx_hal_pcd.o
 .text.HAL_PCD_IRQHandler
                0x08002ac4      0x160 build/stm32f1xx_hal_pcd.o
                0x08002ac4                HAL_PCD_IRQHandler
 .text.HAL_PCD_EP_SetStall
                0x08002c24       0x5c build/stm32f1xx_hal_pcd.o
                0x08002c24                HAL_PCD_EP_SetStall
 .text.HAL_PCD_EP_ClrStall
                0x08002c80       0x4e build/stm32f1xx_hal_pcd.o
                0x08002c80                HAL_PCD_EP_ClrStall
 .text.HAL_PCDEx_PMAConfig
                0x08002cce       0x30 build/stm32f1xx_hal_pcd_ex.o
                0x08002cce                HAL_PCDEx_PMAConfig
 .text.USB_CoreInit
                0x08002cfe        0xe build/stm32f1xx_ll_usb.o
                0x08002cfe                USB_CoreInit
 .text.USB_EnableGlobalInt
                0x08002d0c       0x10 build/stm32f1xx_ll_usb.o
                0x08002d0c                USB_EnableGlobalInt
 .text.USB_DisableGlobalInt
                0x08002d1c       0x14 build/stm32f1xx_ll_usb.o
                0x08002d1c                USB_DisableGlobalInt
 .text.USB_SetCurrentMode
                0x08002d30        0x4 build/stm32f1xx_ll_usb.o
                0x08002d30                USB_SetCurrentMode
 .text.USB_DevInit
                0x08002d34       0x2c build/stm32f1xx_ll_usb.o
                0x08002d34                USB_DevInit
 .text.USB_ActivateEndpoint
                0x08002d60      0x328 build/stm32f1xx_ll_usb.o
                0x08002d60                USB_ActivateEndpoint
 .text.USB_DeactivateEndpoint
                0x08003088      0x1c4 build/stm32f1xx_ll_usb.o
                0x08003088                USB_DeactivateEndpoint
 .text.USB_EPSetStall
                0x0800324c       0x6e build/stm32f1xx_ll_usb.o
                0x0800324c                USB_EPSetStall
 .text.USB_EPClearStall
                0x080032ba       0x92 build/stm32f1xx_ll_usb.o
                0x080032ba                USB_EPClearStall
 .text.USB_SetDevAddress
                0x0800334c        0xc build/stm32f1xx_ll_usb.o
                0x0800334c                USB_SetDevAddress
 .text.USB_DevConnect
                0x08003358        0x4 build/stm32f1xx_ll_usb.o
                0x08003358                USB_DevConnect
 .text.USB_DevDisconnect
                0x0800335c        0x4 build/stm32f1xx_ll_usb.o
                0x0800335c                USB_DevDisconnect
 .text.USB_ReadInterrupts
                0x08003360        0x6 build/stm32f1xx_ll_usb.o
                0x08003360                USB_ReadInterrupts
 .text.USB_EP0_OutStart
                0x08003366        0x4 build/stm32f1xx_ll_usb.o
                0x08003366                USB_EP0_OutStart
 .text.USB_WritePMA
                0x0800336a       0x2a build/stm32f1xx_ll_usb.o
                0x0800336a                USB_WritePMA
 .text.USB_EPStartXfer
                0x08003394      0x2ba build/stm32f1xx_ll_usb.o
                0x08003394                USB_EPStartXfer
 .text.USB_ReadPMA
                0x0800364e       0x1c build/stm32f1xx_ll_usb.o
                0x0800364e                USB_ReadPMA
 .text.SPI_WaitFlagStateUntilTimeout
                0x0800366a       0x96 build/stm32f1xx_hal_spi.o
 .text.SPI_CheckFlag_BSY
                0x08003700       0x28 build/stm32f1xx_hal_spi.o
 .text.HAL_SPI_Init
                0x08003728       0x80 build/stm32f1xx_hal_spi.o
                0x08003728                HAL_SPI_Init
 .text.HAL_SPI_Transmit
                0x080037a8      0x194 build/stm32f1xx_hal_spi.o
                0x080037a8                HAL_SPI_Transmit
 .text.HAL_InitTick
                0x0800393c       0x4c build/stm32f1xx_hal.o
                0x0800393c                HAL_InitTick
 .text.HAL_Init
                0x08003988       0x24 build/stm32f1xx_hal.o
                0x08003988                HAL_Init
 .text.HAL_IncTick
                0x080039ac       0x18 build/stm32f1xx_hal.o
                0x080039ac                HAL_IncTick
 .text.HAL_GetTick
                0x080039c4        0xc build/stm32f1xx_hal.o
                0x080039c4                HAL_GetTick
 .text.HAL_Delay
                0x080039d0       0x28 build/stm32f1xx_hal.o
                0x080039d0                HAL_Delay
 .text.RCC_Delay
                0x080039f8       0x2c build/stm32f1xx_hal_rcc.o
 .text.HAL_RCC_OscConfig
                0x08003a24      0x3e0 build/stm32f1xx_hal_rcc.o
                0x08003a24                HAL_RCC_OscConfig
 .text.HAL_RCC_GetSysClockFreq
                0x08003e04       0x70 build/stm32f1xx_hal_rcc.o
                0x08003e04                HAL_RCC_GetSysClockFreq
 .text.HAL_RCC_ClockConfig
                0x08003e74      0x19c build/stm32f1xx_hal_rcc.o
                0x08003e74                HAL_RCC_ClockConfig
 .text.HAL_RCC_GetHCLKFreq
                0x08004010        0xc build/stm32f1xx_hal_rcc.o
                0x08004010                HAL_RCC_GetHCLKFreq
 .text.HAL_RCC_GetPCLK2Freq
                0x0800401c       0x20 build/stm32f1xx_hal_rcc.o
                0x0800401c                HAL_RCC_GetPCLK2Freq
 .text.HAL_RCCEx_PeriphCLKConfig
                0x0800403c      0x114 build/stm32f1xx_hal_rcc_ex.o
                0x0800403c                HAL_RCCEx_PeriphCLKConfig
 .text.HAL_RCCEx_GetPeriphCLKFreq
                0x08004150      0x114 build/stm32f1xx_hal_rcc_ex.o
                0x08004150                HAL_RCCEx_GetPeriphCLKFreq
 .text.RTC_EnterInitMode
                0x08004264       0x30 build/stm32f1xx_hal_rtc.o
 .text.RTC_ExitInitMode
                0x08004294       0x32 build/stm32f1xx_hal_rtc.o
 .text.HAL_RTC_AlarmAEventCallback
                0x080042c6        0x2 build/stm32f1xx_hal_rtc.o
                0x080042c6                HAL_RTC_AlarmAEventCallback
 .text.HAL_RTC_AlarmIRQHandler
                0x080042c8       0x38 build/stm32f1xx_hal_rtc.o
                0x080042c8                HAL_RTC_AlarmIRQHandler
 .text.HAL_RTC_WaitForSynchro
                0x08004300       0x38 build/stm32f1xx_hal_rtc.o
                0x08004300                HAL_RTC_WaitForSynchro
 .text.HAL_RTC_Init
                0x08004338       0xc4 build/stm32f1xx_hal_rtc.o
                0x08004338                HAL_RTC_Init
 .text.RTC_ReadTimeCounter
                0x080043fc       0x26 build/stm32f1xx_hal_rtc.o
                0x080043fc                RTC_ReadTimeCounter
 .text.RTC_WriteTimeCounter
                0x08004422       0x2e build/stm32f1xx_hal_rtc.o
                0x08004422                RTC_WriteTimeCounter
 .text.HAL_RTCEx_SetSecond_IT
                0x08004450       0x2a build/stm32f1xx_hal_rtc_ex.o
                0x08004450                HAL_RTCEx_SetSecond_IT
 .text.HAL_RTCEx_RTCEventErrorCallback
                0x0800447a        0x2 build/stm32f1xx_hal_rtc_ex.o
                0x0800447a                HAL_RTCEx_RTCEventErrorCallback
 .text.HAL_RTCEx_RTCIRQHandler
                0x0800447c       0x44 build/stm32f1xx_hal_rtc_ex.o
                0x0800447c                HAL_RTCEx_RTCIRQHandler
 .text.HAL_RTCEx_BKUPWrite
                0x080044c0       0x10 build/stm32f1xx_hal_rtc_ex.o
                0x080044c0                HAL_RTCEx_BKUPWrite
 .text.HAL_RTCEx_BKUPRead
                0x080044d0       0x10 build/stm32f1xx_hal_rtc_ex.o
                0x080044d0                HAL_RTCEx_BKUPRead
 .text.HAL_GPIO_Init
                0x080044e0      0x1e8 build/stm32f1xx_hal_gpio.o
                0x080044e0                HAL_GPIO_Init
 .text.HAL_GPIO_ReadPin
                0x080046c8        0xe build/stm32f1xx_hal_gpio.o
                0x080046c8                HAL_GPIO_ReadPin
 .text.HAL_GPIO_WritePin
                0x080046d6        0xc build/stm32f1xx_hal_gpio.o
                0x080046d6                HAL_GPIO_WritePin
 .text.HAL_GPIO_TogglePin
                0x080046e2        0x8 build/stm32f1xx_hal_gpio.o
                0x080046e2                HAL_GPIO_TogglePin
 *fill*         0x080046ea        0x2 
 .text.HAL_NVIC_SetPriorityGrouping
                0x080046ec       0x24 build/stm32f1xx_hal_cortex.o
                0x080046ec                HAL_NVIC_SetPriorityGrouping
 .text.HAL_NVIC_SetPriority
                0x08004710       0x68 build/stm32f1xx_hal_cortex.o
                0x08004710                HAL_NVIC_SetPriority
 .text.HAL_NVIC_EnableIRQ
                0x08004778       0x18 build/stm32f1xx_hal_cortex.o
                0x08004778                HAL_NVIC_EnableIRQ
 .text.HAL_SYSTICK_Config
                0x08004790       0x2c build/stm32f1xx_hal_cortex.o
                0x08004790                HAL_SYSTICK_Config
 .text.HAL_SYSTICK_CLKSourceConfig
                0x080047bc       0x20 build/stm32f1xx_hal_cortex.o
                0x080047bc                HAL_SYSTICK_CLKSourceConfig
 .text.HAL_PWR_EnableBkUpAccess
                0x080047dc        0xc build/stm32f1xx_hal_pwr.o
                0x080047dc                HAL_PWR_EnableBkUpAccess
 .text.SystemInit
                0x080047e8       0x4c build/system_stm32f1xx.o
                0x080047e8                SystemInit
 .text.USBD_Init
                0x08004834       0x2e build/usbd_core.o
                0x08004834                USBD_Init
 .text.USBD_RegisterClass
                0x08004862        0xe build/usbd_core.o
                0x08004862                USBD_RegisterClass
 .text.USBD_Start
                0x08004870        0xa build/usbd_core.o
                0x08004870                USBD_Start
 .text.USBD_SetClassConfig
                0x0800487a       0x1c build/usbd_core.o
                0x0800487a                USBD_SetClassConfig
 .text.USBD_ClrClassConfig
                0x08004896        0xe build/usbd_core.o
                0x08004896                USBD_ClrClassConfig
 .text.USBD_LL_SetupStage
                0x080048a4       0x5c build/usbd_core.o
                0x080048a4                USBD_LL_SetupStage
 .text.USBD_LL_DataOutStage
                0x08004900       0x6c build/usbd_core.o
                0x08004900                USBD_LL_DataOutStage
 .text.USBD_LL_DataInStage
                0x0800496c       0xb2 build/usbd_core.o
                0x0800496c                USBD_LL_DataInStage
 .text.USBD_LL_Reset
                0x08004a1e       0x3e build/usbd_core.o
                0x08004a1e                USBD_LL_Reset
 .text.USBD_LL_SetSpeed
                0x08004a5c        0x6 build/usbd_core.o
                0x08004a5c                USBD_LL_SetSpeed
 .text.USBD_LL_Suspend
                0x08004a62       0x12 build/usbd_core.o
                0x08004a62                USBD_LL_Suspend
 .text.USBD_LL_Resume
                0x08004a74        0xc build/usbd_core.o
                0x08004a74                USBD_LL_Resume
 .text.USBD_LL_SOF
                0x08004a80       0x1c build/usbd_core.o
                0x08004a80                USBD_LL_SOF
 .text.USBD_GetLen
                0x08004a9c       0x12 build/usbd_ctlreq.o
 .text.USBD_SetFeature
                0x08004aae       0x20 build/usbd_ctlreq.o
 .text.USBD_ParseSetupRequest
                0x08004ace       0x28 build/usbd_ctlreq.o
                0x08004ace                USBD_ParseSetupRequest
 .text.USBD_CtlError
                0x08004af6       0x14 build/usbd_ctlreq.o
                0x08004af6                USBD_CtlError
 .text.USBD_GetDescriptor
                0x08004b0a      0x132 build/usbd_ctlreq.o
 .text.USBD_SetAddress
                0x08004c3c       0x4a build/usbd_ctlreq.o
 *fill*         0x08004c86        0x2 
 .text.USBD_SetConfig
                0x08004c88       0xa4 build/usbd_ctlreq.o
 .text.USBD_GetConfig
                0x08004d2c       0x3a build/usbd_ctlreq.o
 .text.USBD_GetStatus
                0x08004d66       0x2c build/usbd_ctlreq.o
 .text.USBD_ClrFeature
                0x08004d92       0x30 build/usbd_ctlreq.o
 .text.USBD_StdDevReq
                0x08004dc2       0x48 build/usbd_ctlreq.o
                0x08004dc2                USBD_StdDevReq
 .text.USBD_StdItfReq
                0x08004e0a       0x36 build/usbd_ctlreq.o
                0x08004e0a                USBD_StdItfReq
 .text.USBD_StdEPReq
                0x08004e40      0x126 build/usbd_ctlreq.o
                0x08004e40                USBD_StdEPReq
 .text.USBD_GetString
                0x08004f66       0x38 build/usbd_ctlreq.o
                0x08004f66                USBD_GetString
 .text.USBD_CtlSendData
                0x08004f9e       0x1a build/usbd_ioreq.o
                0x08004f9e                USBD_CtlSendData
 .text.USBD_CtlContinueSendData
                0x08004fb8       0x10 build/usbd_ioreq.o
                0x08004fb8                USBD_CtlContinueSendData
 .text.USBD_CtlPrepareRx
                0x08004fc8       0x1e build/usbd_ioreq.o
                0x08004fc8                USBD_CtlPrepareRx
 .text.USBD_CtlContinueRx
                0x08004fe6       0x10 build/usbd_ioreq.o
                0x08004fe6                USBD_CtlContinueRx
 .text.USBD_CtlSendStatus
                0x08004ff6       0x16 build/usbd_ioreq.o
                0x08004ff6                USBD_CtlSendStatus
 .text.USBD_CtlReceiveStatus
                0x0800500c       0x16 build/usbd_ioreq.o
                0x0800500c                USBD_CtlReceiveStatus
 .text.USBD_CDC_DataIn
                0x08005022       0x12 build/usbd_cdc.o
 .text.USBD_CDC_EP0_RxReady
                0x08005034       0x28 build/usbd_cdc.o
 .text.USBD_CDC_GetFSCfgDesc
                0x0800505c        0xc build/usbd_cdc.o
 .text.USBD_CDC_GetHSCfgDesc
                0x08005068        0xc build/usbd_cdc.o
 .text.USBD_CDC_GetOtherSpeedCfgDesc
                0x08005074        0xc build/usbd_cdc.o
 .text.USBD_CDC_GetDeviceQualifierDescriptor
                0x08005080        0xc build/usbd_cdc.o
                0x08005080                USBD_CDC_GetDeviceQualifierDescriptor
 .text.USBD_CDC_DataOut
                0x0800508c       0x2e build/usbd_cdc.o
 *fill*         0x080050ba        0x2 
 .text.USBD_CDC_Setup
                0x080050bc       0x74 build/usbd_cdc.o
 .text.USBD_CDC_DeInit
                0x08005130       0x3a build/usbd_cdc.o
 .text.USBD_CDC_Init
                0x0800516a       0x96 build/usbd_cdc.o
 .text.USBD_CDC_RegisterInterface
                0x08005200        0xe build/usbd_cdc.o
                0x08005200                USBD_CDC_RegisterInterface
 .text.USBD_CDC_SetTxBuffer
                0x0800520e       0x10 build/usbd_cdc.o
                0x0800520e                USBD_CDC_SetTxBuffer
 .text.USBD_CDC_SetRxBuffer
                0x0800521e        0xc build/usbd_cdc.o
                0x0800521e                USBD_CDC_SetRxBuffer
 .text.USBD_CDC_ReceivePacket
                0x0800522a       0x30 build/usbd_cdc.o
                0x0800522a                USBD_CDC_ReceivePacket
 .text.u8g2_DrawHorizontalBitmap
                0x0800525a       0x88 build/u8g2_bitmap.o
                0x0800525a                u8g2_DrawHorizontalBitmap
 .text.u8g2_DrawBitmap
                0x080052e2       0x4e build/u8g2_bitmap.o
                0x080052e2                u8g2_DrawBitmap
 .text.u8g2_DrawBox
                0x08005330       0x48 build/u8g2_box.o
                0x08005330                u8g2_DrawBox
 .text.u8g2_DrawFrame
                0x08005378       0x82 build/u8g2_box.o
                0x08005378                u8g2_DrawFrame
 .text.u8g2_send_tile_row
                0x080053fa       0x20 build/u8g2_buffer.o
 .text.u8g2_send_buffer
                0x0800541a       0x34 build/u8g2_buffer.o
 .text.u8g2_ClearBuffer
                0x0800544e       0x1a build/u8g2_buffer.o
                0x0800544e                u8g2_ClearBuffer
 .text.u8g2_SendBuffer
                0x08005468       0x10 build/u8g2_buffer.o
                0x08005468                u8g2_SendBuffer
 .text.u8g2_m_16_8_f
                0x08005478        0xc build/u8g2_d_memory.o
                0x08005478                u8g2_m_16_8_f
 .text.u8g2_Setup_st7920_s_128x64_f
                0x08005484       0x3c build/u8g2_d_setup.o
                0x08005484                u8g2_Setup_st7920_s_128x64_f
 .text.u8g2_font_get_byte
                0x080054c0        0x4 build/u8g2_font.o
 .text.u8g2_font_get_word
                0x080054c4        0xe build/u8g2_font.o
 .text.u8g2_add_vector_y
                0x080054d2       0x28 build/u8g2_font.o
 .text.u8g2_add_vector_x
                0x080054fa       0x28 build/u8g2_font.o
 .text.u8g2_font_calc_vref_font
                0x08005522        0x4 build/u8g2_font.o
                0x08005522                u8g2_font_calc_vref_font
 .text.u8g2_read_font_info
                0x08005526       0xd0 build/u8g2_font.o
                0x08005526                u8g2_read_font_info
 .text.u8g2_font_decode_get_unsigned_bits
                0x080055f6       0x3c build/u8g2_font.o
                0x080055f6                u8g2_font_decode_get_unsigned_bits
 .text.u8g2_font_setup_decode
                0x08005632       0x40 build/u8g2_font.o
 .text.u8g2_font_decode_get_signed_bits
                0x08005672       0x16 build/u8g2_font.o
                0x08005672                u8g2_font_decode_get_signed_bits
 .text.u8g2_font_decode_len
                0x08005688       0xce build/u8g2_font.o
                0x08005688                u8g2_font_decode_len
 .text.u8g2_font_decode_glyph
                0x08005756      0x15c build/u8g2_font.o
                0x08005756                u8g2_font_decode_glyph
 .text.u8g2_font_get_glyph_data
                0x080058b2       0x56 build/u8g2_font.o
                0x080058b2                u8g2_font_get_glyph_data
 .text.u8g2_font_draw_glyph
                0x08005908       0x24 build/u8g2_font.o
 .text.u8g2_DrawGlyph
                0x0800592c       0x4e build/u8g2_font.o
                0x0800592c                u8g2_DrawGlyph
 *fill*         0x0800597a        0x2 
 .text.u8g2_draw_string
                0x0800597c       0x7c build/u8g2_font.o
 .text.u8g2_DrawStr
                0x080059f8       0x10 build/u8g2_font.o
                0x080059f8                u8g2_DrawStr
 .text.u8g2_UpdateRefHeight
                0x08005a08       0x60 build/u8g2_font.o
                0x08005a08                u8g2_UpdateRefHeight
 .text.u8g2_SetFontPosBaseline
                0x08005a68        0xc build/u8g2_font.o
                0x08005a68                u8g2_SetFontPosBaseline
 .text.u8g2_SetFont
                0x08005a74       0x1c build/u8g2_font.o
                0x08005a74                u8g2_SetFont
 .text.u8g2_clip_intersection
                0x08005a90       0x36 build/u8g2_hvline.o
 .text.u8g2_draw_hv_line_2dir
                0x08005ac6       0x8e build/u8g2_hvline.o
 .text.u8g2_draw_hv_line_4dir
                0x08005b54       0x58 build/u8g2_hvline.o
                0x08005b54                u8g2_draw_hv_line_4dir
 .text.u8g2_DrawHVLine
                0x08005bac       0x18 build/u8g2_hvline.o
                0x08005bac                u8g2_DrawHVLine
 .text.u8g2_DrawHLine
                0x08005bc4       0x36 build/u8g2_hvline.o
                0x08005bc4                u8g2_DrawHLine
 .text.u8g2_SetDrawColor
                0x08005bfa       0x10 build/u8g2_hvline.o
                0x08005bfa                u8g2_SetDrawColor
 .text.u8g2_is_intersection_decision_tree
                0x08005c0a       0x2c build/u8g2_intersection.o
                0x08005c0a                u8g2_is_intersection_decision_tree
 .text.u8g2_IsIntersection
                0x08005c36       0x32 build/u8g2_intersection.o
                0x08005c36                u8g2_IsIntersection
 .text.u8g2_ll_hvline_horizontal_right_lsb
                0x08005c68       0x80 build/u8g2_ll_hvline.o
                0x08005c68                u8g2_ll_hvline_horizontal_right_lsb
 .text.u8g2_update_dimension_common
                0x08005ce8       0x5c build/u8g2_setup.o
 .text.u8g2_update_dimension_r0
                0x08005d44       0x28 build/u8g2_setup.o
                0x08005d44                u8g2_update_dimension_r0
 .text.u8g2_draw_l90_r0
                0x08005d6c       0x12 build/u8g2_setup.o
                0x08005d6c                u8g2_draw_l90_r0
 .text.u8g2_SetupBuffer
                0x08005d7e       0x3a build/u8g2_setup.o
                0x08005d7e                u8g2_SetupBuffer
 .text.u8x8_ascii_next
                0x08005db8       0x16 build/u8x8_8x8.o
                0x08005db8                u8x8_ascii_next
 .text.u8x8_utf8_init
                0x08005dce        0x8 build/u8x8_8x8.o
                0x08005dce                u8x8_utf8_init
 .text.u8x8_byte_SendBytes
                0x08005dd6        0xe build/u8x8_byte.o
                0x08005dd6                u8x8_byte_SendBytes
 .text.u8x8_byte_SendByte
                0x08005de4       0x18 build/u8x8_byte.o
                0x08005de4                u8x8_byte_SendByte
 .text.u8x8_cad_SendCmd
                0x08005dfc        0xe build/u8x8_cad.o
                0x08005dfc                u8x8_cad_SendCmd
 .text.u8x8_cad_SendData
                0x08005e0a        0xe build/u8x8_cad.o
                0x08005e0a                u8x8_cad_SendData
 .text.u8x8_cad_StartTransfer
                0x08005e18        0xe build/u8x8_cad.o
                0x08005e18                u8x8_cad_StartTransfer
 .text.u8x8_cad_EndTransfer
                0x08005e26        0xe build/u8x8_cad.o
                0x08005e26                u8x8_cad_EndTransfer
 .text.u8x8_cad_SendSequence
                0x08005e34       0x6c build/u8x8_cad.o
                0x08005e34                u8x8_cad_SendSequence
 .text.u8x8_cad_st7920_spi
                0x08005ea0      0x104 build/u8x8_cad.o
                0x08005ea0                u8x8_cad_st7920_spi
 .text.u8x8_d_st7920_common
                0x08005fa4       0xb8 build/u8x8_d_st7920.o
                0x08005fa4                u8x8_d_st7920_common
 .text.u8x8_d_st7920_128x64
                0x0800605c       0x1c build/u8x8_d_st7920.o
                0x0800605c                u8x8_d_st7920_128x64
 .text.u8x8_d_helper_display_setup_memory
                0x08006078        0x8 build/u8x8_display.o
                0x08006078                u8x8_d_helper_display_setup_memory
 .text.u8x8_d_helper_display_init
                0x08006080       0x5e build/u8x8_display.o
                0x08006080                u8x8_d_helper_display_init
 .text.u8x8_DrawTile
                0x080060de       0x22 build/u8x8_display.o
                0x080060de                u8x8_DrawTile
 .text.u8x8_SetupMemory
                0x08006100        0xe build/u8x8_display.o
                0x08006100                u8x8_SetupMemory
 .text.u8x8_InitDisplay
                0x0800610e        0xe build/u8x8_display.o
                0x0800610e                u8x8_InitDisplay
 .text.u8x8_SetPowerSave
                0x0800611c        0xe build/u8x8_display.o
                0x0800611c                u8x8_SetPowerSave
 .text.u8x8_RefreshDisplay
                0x0800612a        0xe build/u8x8_display.o
                0x0800612a                u8x8_RefreshDisplay
 .text.u8x8_gpio_call
                0x08006138        0xa build/u8x8_gpio.o
                0x08006138                u8x8_gpio_call
 .text.u8x8_dummy_cb
                0x08006142        0x4 build/u8x8_setup.o
                0x08006142                u8x8_dummy_cb
 *fill*         0x08006146        0x2 
 .text.u8x8_SetupDefaults
                0x08006148       0x28 build/u8x8_setup.o
                0x08006148                u8x8_SetupDefaults
 .text.u8x8_Setup
                0x08006170       0x20 build/u8x8_setup.o
                0x08006170                u8x8_Setup
 .text.Reset_Handler
                0x08006190       0x48 build/startup_stm32f103xe.o
                0x08006190                Reset_Handler
 .text.Default_Handler
                0x080061d8        0x2 build/startup_stm32f103xe.o
                0x080061d8                EXTI2_IRQHandler
                0x080061d8                TIM8_TRG_COM_IRQHandler
                0x080061d8                TIM8_CC_IRQHandler
                0x080061d8                TIM1_CC_IRQHandler
                0x080061d8                TIM6_IRQHandler
                0x080061d8                PVD_IRQHandler
                0x080061d8                SDIO_IRQHandler
                0x080061d8                EXTI3_IRQHandler
                0x080061d8                EXTI0_IRQHandler
                0x080061d8                I2C2_EV_IRQHandler
                0x080061d8                ADC1_2_IRQHandler
                0x080061d8                SPI1_IRQHandler
                0x080061d8                TAMPER_IRQHandler
                0x080061d8                TIM8_UP_IRQHandler
                0x080061d8                DMA2_Channel2_IRQHandler
                0x080061d8                DMA1_Channel4_IRQHandler
                0x080061d8                USART3_IRQHandler
                0x080061d8                DMA1_Channel7_IRQHandler
                0x080061d8                CAN1_RX1_IRQHandler
                0x080061d8                UART5_IRQHandler
                0x080061d8                ADC3_IRQHandler
                0x080061d8                TIM4_IRQHandler
                0x080061d8                DMA2_Channel1_IRQHandler
                0x080061d8                I2C1_EV_IRQHandler
                0x080061d8                DMA1_Channel6_IRQHandler
                0x080061d8                UART4_IRQHandler
                0x080061d8                TIM3_IRQHandler
                0x080061d8                RCC_IRQHandler
                0x080061d8                TIM1_TRG_COM_IRQHandler
                0x080061d8                DMA1_Channel1_IRQHandler
                0x080061d8                Default_Handler
                0x080061d8                EXTI15_10_IRQHandler
                0x080061d8                TIM7_IRQHandler
                0x080061d8                TIM5_IRQHandler
                0x080061d8                EXTI9_5_IRQHandler
                0x080061d8                SPI2_IRQHandler
                0x080061d8                DMA1_Channel5_IRQHandler
                0x080061d8                EXTI4_IRQHandler
                0x080061d8                USB_HP_CAN1_TX_IRQHandler
                0x080061d8                DMA1_Channel3_IRQHandler
                0x080061d8                FSMC_IRQHandler
                0x080061d8                TIM1_UP_IRQHandler
                0x080061d8                WWDG_IRQHandler
                0x080061d8                TIM2_IRQHandler
                0x080061d8                TIM1_BRK_IRQHandler
                0x080061d8                EXTI1_IRQHandler
                0x080061d8                DMA2_Channel4_5_IRQHandler
                0x080061d8                USART2_IRQHandler
                0x080061d8                I2C2_ER_IRQHandler
                0x080061d8                DMA1_Channel2_IRQHandler
                0x080061d8                TIM8_BRK_IRQHandler
                0x080061d8                CAN1_SCE_IRQHandler
                0x080061d8                FLASH_IRQHandler
                0x080061d8                USART1_IRQHandler
                0x080061d8                SPI3_IRQHandler
                0x080061d8                I2C1_ER_IRQHandler
                0x080061d8                USBWakeUp_IRQHandler
                0x080061d8                DMA2_Channel3_IRQHandler
 *fill*         0x080061da        0x2 
 .text.__libc_init_array
                0x080061dc       0x48 c:/program files (x86)/gnu tools arm embedded/8 2019-q3-update/bin/../lib/gcc/arm-none-eabi/8.3.1/../../../../arm-none-eabi/lib/thumb/v7-m/nofp\libc_nano.a(lib_a-init.o)
                0x080061dc                __libc_init_array
 .text.localtime
                0x08006224       0x24 c:/program files (x86)/gnu tools arm embedded/8 2019-q3-update/bin/../lib/gcc/arm-none-eabi/8.3.1/../../../../arm-none-eabi/lib/thumb/v7-m/nofp\libc_nano.a(lib_a-lcltime.o)
                0x08006224                localtime
 .text.localtime_r
                0x08006248      0x1e0 c:/program files (x86)/gnu tools arm embedded/8 2019-q3-update/bin/../lib/gcc/arm-none-eabi/8.3.1/../../../../arm-none-eabi/lib/thumb/v7-m/nofp\libc_nano.a(lib_a-lcltime_r.o)
                0x08006248                localtime_r
 .text.malloc   0x08006428       0x10 c:/program files (x86)/gnu tools arm embedded/8 2019-q3-update/bin/../lib/gcc/arm-none-eabi/8.3.1/../../../../arm-none-eabi/lib/thumb/v7-m/nofp\libc_nano.a(lib_a-malloc.o)
                0x08006428                malloc
 .text.free     0x08006438       0x10 c:/program files (x86)/gnu tools arm embedded/8 2019-q3-update/bin/../lib/gcc/arm-none-eabi/8.3.1/../../../../arm-none-eabi/lib/thumb/v7-m/nofp\libc_nano.a(lib_a-malloc.o)
                0x08006438                free
 .text.memset   0x08006448       0x10 c:/program files (x86)/gnu tools arm embedded/8 2019-q3-update/bin/../lib/gcc/arm-none-eabi/8.3.1/../../../../arm-none-eabi/lib/thumb/v7-m/nofp\libc_nano.a(lib_a-memset.o)
                0x08006448                memset
 .text.validate_structure
                0x08006458      0x1b4 c:/program files (x86)/gnu tools arm embedded/8 2019-q3-update/bin/../lib/gcc/arm-none-eabi/8.3.1/../../../../arm-none-eabi/lib/thumb/v7-m/nofp\libc_nano.a(lib_a-mktime.o)
 .text.mktime   0x0800660c      0x370 c:/program files (x86)/gnu tools arm embedded/8 2019-q3-update/bin/../lib/gcc/arm-none-eabi/8.3.1/../../../../arm-none-eabi/lib/thumb/v7-m/nofp\libc_nano.a(lib_a-mktime.o)
                0x0800660c                mktime
 .text._free_r  0x0800697c       0x98 c:/program files (x86)/gnu tools arm embedded/8 2019-q3-update/bin/../lib/gcc/arm-none-eabi/8.3.1/../../../../arm-none-eabi/lib/thumb/v7-m/nofp\libc_nano.a(lib_a-nano-freer.o)
                0x0800697c                _free_r
 .text._malloc_r
                0x08006a14       0xb4 c:/program files (x86)/gnu tools arm embedded/8 2019-q3-update/bin/../lib/gcc/arm-none-eabi/8.3.1/../../../../arm-none-eabi/lib/thumb/v7-m/nofp\libc_nano.a(lib_a-nano-mallocr.o)
                0x08006a14                _malloc_r
 .text.__cvt    0x08006ac8       0xba c:/program files (x86)/gnu tools arm embedded/8 2019-q3-update/bin/../lib/gcc/arm-none-eabi/8.3.1/../../../../arm-none-eabi/lib/thumb/v7-m/nofp\libc_nano.a(lib_a-nano-vfprintf_float.o)
                0x08006ac8                __cvt
 .text.__exponent
                0x08006b82       0x66 c:/program files (x86)/gnu tools arm embedded/8 2019-q3-update/bin/../lib/gcc/arm-none-eabi/8.3.1/../../../../arm-none-eabi/lib/thumb/v7-m/nofp\libc_nano.a(lib_a-nano-vfprintf_float.o)
                0x08006b82                __exponent
 .text._printf_float
                0x08006be8      0x43c c:/program files (x86)/gnu tools arm embedded/8 2019-q3-update/bin/../lib/gcc/arm-none-eabi/8.3.1/../../../../arm-none-eabi/lib/thumb/v7-m/nofp\libc_nano.a(lib_a-nano-vfprintf_float.o)
                0x08006be8                _printf_float
 .text._printf_common
                0x08007024       0xec c:/program files (x86)/gnu tools arm embedded/8 2019-q3-update/bin/../lib/gcc/arm-none-eabi/8.3.1/../../../../arm-none-eabi/lib/thumb/v7-m/nofp\libc_nano.a(lib_a-nano-vfprintf_i.o)
                0x08007024                _printf_common
 .text._printf_i
                0x08007110      0x22c c:/program files (x86)/gnu tools arm embedded/8 2019-q3-update/bin/../lib/gcc/arm-none-eabi/8.3.1/../../../../arm-none-eabi/lib/thumb/v7-m/nofp\libc_nano.a(lib_a-nano-vfprintf_i.o)
                0x08007110                _printf_i
 .text._sbrk_r  0x0800733c       0x20 c:/program files (x86)/gnu tools arm embedded/8 2019-q3-update/bin/../lib/gcc/arm-none-eabi/8.3.1/../../../../arm-none-eabi/lib/thumb/v7-m/nofp\libc_nano.a(lib_a-sbrkr.o)
                0x0800733c                _sbrk_r
 .text.sprintf  0x0800735c       0x40 c:/program files (x86)/gnu tools arm embedded/8 2019-q3-update/bin/../lib/gcc/arm-none-eabi/8.3.1/../../../../arm-none-eabi/lib/thumb/v7-m/nofp\libc_nano.a(lib_a-sprintf.o)
                0x0800735c                siprintf
                0x0800735c                sprintf
 .text.__tzcalc_limits
                0x0800739c      0x150 c:/program files (x86)/gnu tools arm embedded/8 2019-q3-update/bin/../lib/gcc/arm-none-eabi/8.3.1/../../../../arm-none-eabi/lib/thumb/v7-m/nofp\libc_nano.a(lib_a-tzcalc_limits.o)
                0x0800739c                __tzcalc_limits
 .text.__tz_lock
                0x080074ec        0xc c:/program files (x86)/gnu tools arm embedded/8 2019-q3-update/bin/../lib/gcc/arm-none-eabi/8.3.1/../../../../arm-none-eabi/lib/thumb/v7-m/nofp\libc_nano.a(lib_a-tzlock.o)
                0x080074ec                __tz_lock
 .text.__tz_unlock
                0x080074f8        0xc c:/program files (x86)/gnu tools arm embedded/8 2019-q3-update/bin/../lib/gcc/arm-none-eabi/8.3.1/../../../../arm-none-eabi/lib/thumb/v7-m/nofp\libc_nano.a(lib_a-tzlock.o)
                0x080074f8                __tz_unlock
 .text._tzset_unlocked
                0x08007504        0xc c:/program files (x86)/gnu tools arm embedded/8 2019-q3-update/bin/../lib/gcc/arm-none-eabi/8.3.1/../../../../arm-none-eabi/lib/thumb/v7-m/nofp\libc_nano.a(lib_a-tzset.o)
                0x08007504                _tzset_unlocked
 .text._tzset_unlocked_r
                0x08007510      0x2fc c:/program files (x86)/gnu tools arm embedded/8 2019-q3-update/bin/../lib/gcc/arm-none-eabi/8.3.1/../../../../arm-none-eabi/lib/thumb/v7-m/nofp\libc_nano.a(lib_a-tzset_r.o)
                0x08007510                _tzset_unlocked_r
 .text.div      0x0800780c       0x28 c:/program files (x86)/gnu tools arm embedded/8 2019-q3-update/bin/../lib/gcc/arm-none-eabi/8.3.1/../../../../arm-none-eabi/lib/thumb/v7-m/nofp\libc_nano.a(lib_a-div.o)
                0x0800780c                div
 .text.quorem   0x08007834      0x118 c:/program files (x86)/gnu tools arm embedded/8 2019-q3-update/bin/../lib/gcc/arm-none-eabi/8.3.1/../../../../arm-none-eabi/lib/thumb/v7-m/nofp\libc_nano.a(lib_a-dtoa.o)
 *fill*         0x0800794c        0x4 
 .text._dtoa_r  0x08007950      0xb60 c:/program files (x86)/gnu tools arm embedded/8 2019-q3-update/bin/../lib/gcc/arm-none-eabi/8.3.1/../../../../arm-none-eabi/lib/thumb/v7-m/nofp\libc_nano.a(lib_a-dtoa.o)
                0x08007950                _dtoa_r
 .text._findenv_r
                0x080084b0       0x74 c:/program files (x86)/gnu tools arm embedded/8 2019-q3-update/bin/../lib/gcc/arm-none-eabi/8.3.1/../../../../arm-none-eabi/lib/thumb/v7-m/nofp\libc_nano.a(lib_a-getenv_r.o)
                0x080084b0                _findenv_r
 .text._getenv_r
                0x08008524        0xe c:/program files (x86)/gnu tools arm embedded/8 2019-q3-update/bin/../lib/gcc/arm-none-eabi/8.3.1/../../../../arm-none-eabi/lib/thumb/v7-m/nofp\libc_nano.a(lib_a-getenv_r.o)
                0x08008524                _getenv_r
 *fill*         0x08008532        0x2 
 .text.__gettzinfo
                0x08008534        0x8 c:/program files (x86)/gnu tools arm embedded/8 2019-q3-update/bin/../lib/gcc/arm-none-eabi/8.3.1/../../../../arm-none-eabi/lib/thumb/v7-m/nofp\libc_nano.a(lib_a-gettzinfo.o)
                0x08008534                __gettzinfo
 .text.gmtime_r
                0x0800853c      0x158 c:/program files (x86)/gnu tools arm embedded/8 2019-q3-update/bin/../lib/gcc/arm-none-eabi/8.3.1/../../../../arm-none-eabi/lib/thumb/v7-m/nofp\libc_nano.a(lib_a-gmtime_r.o)
                0x0800853c                gmtime_r
 .text._localeconv_r
                0x08008694        0x8 c:/program files (x86)/gnu tools arm embedded/8 2019-q3-update/bin/../lib/gcc/arm-none-eabi/8.3.1/../../../../arm-none-eabi/lib/thumb/v7-m/nofp\libc_nano.a(lib_a-localeconv.o)
                0x08008694                _localeconv_r
 .text.__retarget_lock_acquire
                0x0800869c        0x2 c:/program files (x86)/gnu tools arm embedded/8 2019-q3-update/bin/../lib/gcc/arm-none-eabi/8.3.1/../../../../arm-none-eabi/lib/thumb/v7-m/nofp\libc_nano.a(lib_a-lock.o)
                0x0800869c                __retarget_lock_acquire
 .text.__retarget_lock_acquire_recursive
                0x0800869e        0x2 c:/program files (x86)/gnu tools arm embedded/8 2019-q3-update/bin/../lib/gcc/arm-none-eabi/8.3.1/../../../../arm-none-eabi/lib/thumb/v7-m/nofp\libc_nano.a(lib_a-lock.o)
                0x0800869e                __retarget_lock_acquire_recursive
 .text.__retarget_lock_release
                0x080086a0        0x2 c:/program files (x86)/gnu tools arm embedded/8 2019-q3-update/bin/../lib/gcc/arm-none-eabi/8.3.1/../../../../arm-none-eabi/lib/thumb/v7-m/nofp\libc_nano.a(lib_a-lock.o)
                0x080086a0                __retarget_lock_release
 .text.__retarget_lock_release_recursive
                0x080086a2        0x2 c:/program files (x86)/gnu tools arm embedded/8 2019-q3-update/bin/../lib/gcc/arm-none-eabi/8.3.1/../../../../arm-none-eabi/lib/thumb/v7-m/nofp\libc_nano.a(lib_a-lock.o)
                0x080086a2                __retarget_lock_release_recursive
 .text.memchr   0x080086a4       0x1c c:/program files (x86)/gnu tools arm embedded/8 2019-q3-update/bin/../lib/gcc/arm-none-eabi/8.3.1/../../../../arm-none-eabi/lib/thumb/v7-m/nofp\libc_nano.a(lib_a-memchr-stub.o)
                0x080086a4                memchr
 .text.memcpy   0x080086c0       0x1c c:/program files (x86)/gnu tools arm embedded/8 2019-q3-update/bin/../lib/gcc/arm-none-eabi/8.3.1/../../../../arm-none-eabi/lib/thumb/v7-m/nofp\libc_nano.a(lib_a-memcpy-stub.o)
                0x080086c0                memcpy
 .text.__malloc_lock
                0x080086dc        0xc c:/program files (x86)/gnu tools arm embedded/8 2019-q3-update/bin/../lib/gcc/arm-none-eabi/8.3.1/../../../../arm-none-eabi/lib/thumb/v7-m/nofp\libc_nano.a(lib_a-mlock.o)
                0x080086dc                __malloc_lock
 .text.__malloc_unlock
                0x080086e8        0xc c:/program files (x86)/gnu tools arm embedded/8 2019-q3-update/bin/../lib/gcc/arm-none-eabi/8.3.1/../../../../arm-none-eabi/lib/thumb/v7-m/nofp\libc_nano.a(lib_a-mlock.o)
                0x080086e8                __malloc_unlock
 .text._Balloc  0x080086f4       0x68 c:/program files (x86)/gnu tools arm embedded/8 2019-q3-update/bin/../lib/gcc/arm-none-eabi/8.3.1/../../../../arm-none-eabi/lib/thumb/v7-m/nofp\libc_nano.a(lib_a-mprec.o)
                0x080086f4                _Balloc
 .text._Bfree   0x0800875c       0x2e c:/program files (x86)/gnu tools arm embedded/8 2019-q3-update/bin/../lib/gcc/arm-none-eabi/8.3.1/../../../../arm-none-eabi/lib/thumb/v7-m/nofp\libc_nano.a(lib_a-mprec.o)
                0x0800875c                _Bfree
 .text.__multadd
                0x0800878a       0x76 c:/program files (x86)/gnu tools arm embedded/8 2019-q3-update/bin/../lib/gcc/arm-none-eabi/8.3.1/../../../../arm-none-eabi/lib/thumb/v7-m/nofp\libc_nano.a(lib_a-mprec.o)
                0x0800878a                __multadd
 .text.__hi0bits
                0x08008800       0x40 c:/program files (x86)/gnu tools arm embedded/8 2019-q3-update/bin/../lib/gcc/arm-none-eabi/8.3.1/../../../../arm-none-eabi/lib/thumb/v7-m/nofp\libc_nano.a(lib_a-mprec.o)
                0x08008800                __hi0bits
 .text.__lo0bits
                0x08008840       0x60 c:/program files (x86)/gnu tools arm embedded/8 2019-q3-update/bin/../lib/gcc/arm-none-eabi/8.3.1/../../../../arm-none-eabi/lib/thumb/v7-m/nofp\libc_nano.a(lib_a-mprec.o)
                0x08008840                __lo0bits
 .text.__i2b    0x080088a0       0x12 c:/program files (x86)/gnu tools arm embedded/8 2019-q3-update/bin/../lib/gcc/arm-none-eabi/8.3.1/../../../../arm-none-eabi/lib/thumb/v7-m/nofp\libc_nano.a(lib_a-mprec.o)
                0x080088a0                __i2b
 .text.__multiply
                0x080088b2      0x11e c:/program files (x86)/gnu tools arm embedded/8 2019-q3-update/bin/../lib/gcc/arm-none-eabi/8.3.1/../../../../arm-none-eabi/lib/thumb/v7-m/nofp\libc_nano.a(lib_a-mprec.o)
                0x080088b2                __multiply
 .text.__pow5mult
                0x080089d0       0x9c c:/program files (x86)/gnu tools arm embedded/8 2019-q3-update/bin/../lib/gcc/arm-none-eabi/8.3.1/../../../../arm-none-eabi/lib/thumb/v7-m/nofp\libc_nano.a(lib_a-mprec.o)
                0x080089d0                __pow5mult
 .text.__lshift
                0x08008a6c       0xa6 c:/program files (x86)/gnu tools arm embedded/8 2019-q3-update/bin/../lib/gcc/arm-none-eabi/8.3.1/../../../../arm-none-eabi/lib/thumb/v7-m/nofp\libc_nano.a(lib_a-mprec.o)
                0x08008a6c                __lshift
 .text.__mcmp   0x08008b12       0x34 c:/program files (x86)/gnu tools arm embedded/8 2019-q3-update/bin/../lib/gcc/arm-none-eabi/8.3.1/../../../../arm-none-eabi/lib/thumb/v7-m/nofp\libc_nano.a(lib_a-mprec.o)
                0x08008b12                __mcmp
 .text.__mdiff  0x08008b46       0xbc c:/program files (x86)/gnu tools arm embedded/8 2019-q3-update/bin/../lib/gcc/arm-none-eabi/8.3.1/../../../../arm-none-eabi/lib/thumb/v7-m/nofp\libc_nano.a(lib_a-mprec.o)
                0x08008b46                __mdiff
 .text.__d2b    0x08008c02       0x9c c:/program files (x86)/gnu tools arm embedded/8 2019-q3-update/bin/../lib/gcc/arm-none-eabi/8.3.1/../../../../arm-none-eabi/lib/thumb/v7-m/nofp\libc_nano.a(lib_a-mprec.o)
                0x08008c02                __d2b
 .text._calloc_r
                0x08008c9e       0x1c c:/program files (x86)/gnu tools arm embedded/8 2019-q3-update/bin/../lib/gcc/arm-none-eabi/8.3.1/../../../../arm-none-eabi/lib/thumb/v7-m/nofp\libc_nano.a(lib_a-nano-callocr.o)
                0x08008c9e                _calloc_r
 .text.__ssputs_r
                0x08008cba       0xb6 c:/program files (x86)/gnu tools arm embedded/8 2019-q3-update/bin/../lib/gcc/arm-none-eabi/8.3.1/../../../../arm-none-eabi/lib/thumb/v7-m/nofp\libc_nano.a(lib_a-nano-svfprintf.o)
                0x08008cba                __ssputs_r
 .text._svfprintf_r
                0x08008d70      0x1f0 c:/program files (x86)/gnu tools arm embedded/8 2019-q3-update/bin/../lib/gcc/arm-none-eabi/8.3.1/../../../../arm-none-eabi/lib/thumb/v7-m/nofp\libc_nano.a(lib_a-nano-svfprintf.o)
                0x08008d70                _svfiprintf_r
                0x08008d70                _svfprintf_r
 .text.sscanf   0x08008f60       0x54 c:/program files (x86)/gnu tools arm embedded/8 2019-q3-update/bin/../lib/gcc/arm-none-eabi/8.3.1/../../../../arm-none-eabi/lib/thumb/v7-m/nofp\libc_nano.a(lib_a-sscanf.o)
                0x08008f60                siscanf
                0x08008f60                sscanf
 .text.__seofread
                0x08008fb4        0x4 c:/program files (x86)/gnu tools arm embedded/8 2019-q3-update/bin/../lib/gcc/arm-none-eabi/8.3.1/../../../../arm-none-eabi/lib/thumb/v7-m/nofp\libc_nano.a(lib_a-stdio.o)
                0x08008fb4                __seofread
 .text.strcpy   0x08008fb8       0x10 c:/program files (x86)/gnu tools arm embedded/8 2019-q3-update/bin/../lib/gcc/arm-none-eabi/8.3.1/../../../../arm-none-eabi/lib/thumb/v7-m/nofp\libc_nano.a(lib_a-strcpy.o)
                0x08008fb8                strcpy
 .text.strncmp  0x08008fc8       0x24 c:/program files (x86)/gnu tools arm embedded/8 2019-q3-update/bin/../lib/gcc/arm-none-eabi/8.3.1/../../../../arm-none-eabi/lib/thumb/v7-m/nofp\libc_nano.a(lib_a-strncmp.o)
                0x08008fc8                strncmp
 .text._strtoul_l.isra.0
                0x08008fec       0xec c:/program files (x86)/gnu tools arm embedded/8 2019-q3-update/bin/../lib/gcc/arm-none-eabi/8.3.1/../../../../arm-none-eabi/lib/thumb/v7-m/nofp\libc_nano.a(lib_a-strtoul.o)
 .text._strtoul_r
                0x080090d8        0x4 c:/program files (x86)/gnu tools arm embedded/8 2019-q3-update/bin/../lib/gcc/arm-none-eabi/8.3.1/../../../../arm-none-eabi/lib/thumb/v7-m/nofp\libc_nano.a(lib_a-strtoul.o)
                0x080090d8                _strtoul_r
 .text.strtoul  0x080090dc       0x14 c:/program files (x86)/gnu tools arm embedded/8 2019-q3-update/bin/../lib/gcc/arm-none-eabi/8.3.1/../../../../arm-none-eabi/lib/thumb/v7-m/nofp\libc_nano.a(lib_a-strtoul.o)
                0x080090dc                strtoul
 .text.__env_lock
                0x080090f0        0xc c:/program files (x86)/gnu tools arm embedded/8 2019-q3-update/bin/../lib/gcc/arm-none-eabi/8.3.1/../../../../arm-none-eabi/lib/thumb/v7-m/nofp\libc_nano.a(lib_a-envlock.o)
                0x080090f0                __env_lock
 .text.__env_unlock
                0x080090fc        0xc c:/program files (x86)/gnu tools arm embedded/8 2019-q3-update/bin/../lib/gcc/arm-none-eabi/8.3.1/../../../../arm-none-eabi/lib/thumb/v7-m/nofp\libc_nano.a(lib_a-envlock.o)
                0x080090fc                __env_unlock
 .text.__ascii_mbtowc
                0x08009108       0x24 c:/program files (x86)/gnu tools arm embedded/8 2019-q3-update/bin/../lib/gcc/arm-none-eabi/8.3.1/../../../../arm-none-eabi/lib/thumb/v7-m/nofp\libc_nano.a(lib_a-mbtowc_r.o)
                0x08009108                __ascii_mbtowc
 .text.memmove  0x0800912c       0x34 c:/program files (x86)/gnu tools arm embedded/8 2019-q3-update/bin/../lib/gcc/arm-none-eabi/8.3.1/../../../../arm-none-eabi/lib/thumb/v7-m/nofp\libc_nano.a(lib_a-memmove.o)
                0x0800912c                memmove
 .text._realloc_r
                0x08009160       0x4c c:/program files (x86)/gnu tools arm embedded/8 2019-q3-update/bin/../lib/gcc/arm-none-eabi/8.3.1/../../../../arm-none-eabi/lib/thumb/v7-m/nofp\libc_nano.a(lib_a-nano-reallocr.o)
                0x08009160                _realloc_r
 .text._sungetc_r
                0x080091ac       0x7a c:/program files (x86)/gnu tools arm embedded/8 2019-q3-update/bin/../lib/gcc/arm-none-eabi/8.3.1/../../../../arm-none-eabi/lib/thumb/v7-m/nofp\libc_nano.a(lib_a-nano-svfscanf.o)
                0x080091ac                _sungetc_r
 .text.__ssrefill_r
                0x08009226       0x3a c:/program files (x86)/gnu tools arm embedded/8 2019-q3-update/bin/../lib/gcc/arm-none-eabi/8.3.1/../../../../arm-none-eabi/lib/thumb/v7-m/nofp\libc_nano.a(lib_a-nano-svfscanf.o)
                0x08009226                __ssrefill_r
 .text.__ssvfscanf_r
                0x08009260      0x290 c:/program files (x86)/gnu tools arm embedded/8 2019-q3-update/bin/../lib/gcc/arm-none-eabi/8.3.1/../../../../arm-none-eabi/lib/thumb/v7-m/nofp\libc_nano.a(lib_a-nano-svfscanf.o)
                0x08009260                __ssvfiscanf_r
                0x08009260                __ssvfscanf_r
 .text._scanf_chars
                0x080094f0       0xb0 c:/program files (x86)/gnu tools arm embedded/8 2019-q3-update/bin/../lib/gcc/arm-none-eabi/8.3.1/../../../../arm-none-eabi/lib/thumb/v7-m/nofp\libc_nano.a(lib_a-nano-vfscanf_i.o)
                0x080094f0                _scanf_chars
 .text._scanf_i
                0x080095a0      0x1e4 c:/program files (x86)/gnu tools arm embedded/8 2019-q3-update/bin/../lib/gcc/arm-none-eabi/8.3.1/../../../../arm-none-eabi/lib/thumb/v7-m/nofp\libc_nano.a(lib_a-nano-vfscanf_i.o)
                0x080095a0                _scanf_i
 .text.__sccl   0x08009784       0x62 c:/program files (x86)/gnu tools arm embedded/8 2019-q3-update/bin/../lib/gcc/arm-none-eabi/8.3.1/../../../../arm-none-eabi/lib/thumb/v7-m/nofp\libc_nano.a(lib_a-sccl.o)
                0x08009784                __sccl
 *fill*         0x080097e6        0x2 
 .text._strtol_l.isra.0
                0x080097e8       0xf0 c:/program files (x86)/gnu tools arm embedded/8 2019-q3-update/bin/../lib/gcc/arm-none-eabi/8.3.1/../../../../arm-none-eabi/lib/thumb/v7-m/nofp\libc_nano.a(lib_a-strtol.o)
 .text._strtol_r
                0x080098d8        0x4 c:/program files (x86)/gnu tools arm embedded/8 2019-q3-update/bin/../lib/gcc/arm-none-eabi/8.3.1/../../../../arm-none-eabi/lib/thumb/v7-m/nofp\libc_nano.a(lib_a-strtol.o)
                0x080098d8                _strtol_r
 .text.__submore
                0x080098dc       0x70 c:/program files (x86)/gnu tools arm embedded/8 2019-q3-update/bin/../lib/gcc/arm-none-eabi/8.3.1/../../../../arm-none-eabi/lib/thumb/v7-m/nofp\libc_nano.a(lib_a-ungetc.o)
                0x080098dc                __submore
 .text.__ascii_wctomb
                0x0800994c       0x1a c:/program files (x86)/gnu tools arm embedded/8 2019-q3-update/bin/../lib/gcc/arm-none-eabi/8.3.1/../../../../arm-none-eabi/lib/thumb/v7-m/nofp\libc_nano.a(lib_a-wctomb_r.o)
                0x0800994c                __ascii_wctomb
 .text._malloc_usable_size_r
                0x08009966       0x10 c:/program files (x86)/gnu tools arm embedded/8 2019-q3-update/bin/../lib/gcc/arm-none-eabi/8.3.1/../../../../arm-none-eabi/lib/thumb/v7-m/nofp\libc_nano.a(lib_a-nano-msizer.o)
                0x08009966                _malloc_usable_size_r
 *fill*         0x08009976        0x2 
 .text._sbrk    0x08009978       0x1c c:/program files (x86)/gnu tools arm embedded/8 2019-q3-update/bin/../lib/gcc/arm-none-eabi/8.3.1/../../../../arm-none-eabi/lib/thumb/v7-m/nofp\libnosys.a(sbrk.o)
                0x08009978                _sbrk
 *(.glue_7)
 .glue_7        0x08009994        0x0 linker stubs
 *(.glue_7t)
 .glue_7t       0x08009994        0x0 linker stubs
 *(.eh_frame)
 .eh_frame      0x08009994        0x0 c:/program files (x86)/gnu tools arm embedded/8 2019-q3-update/bin/../lib/gcc/arm-none-eabi/8.3.1/thumb/v7-m/nofp/crtbegin.o
 *(.init)
 .init          0x08009994        0x4 c:/program files (x86)/gnu tools arm embedded/8 2019-q3-update/bin/../lib/gcc/arm-none-eabi/8.3.1/thumb/v7-m/nofp/crti.o
                0x08009994                _init
 .init          0x08009998        0x8 c:/program files (x86)/gnu tools arm embedded/8 2019-q3-update/bin/../lib/gcc/arm-none-eabi/8.3.1/thumb/v7-m/nofp/crtn.o
 *(.fini)
 .fini          0x080099a0        0x4 c:/program files (x86)/gnu tools arm embedded/8 2019-q3-update/bin/../lib/gcc/arm-none-eabi/8.3.1/thumb/v7-m/nofp/crti.o
                0x080099a0                _fini
 .fini          0x080099a4        0x8 c:/program files (x86)/gnu tools arm embedded/8 2019-q3-update/bin/../lib/gcc/arm-none-eabi/8.3.1/thumb/v7-m/nofp/crtn.o
                0x080099ac                . = ALIGN (0x4)
                0x080099ac                _etext = .

.vfp11_veneer   0x080099ac        0x0
 .vfp11_veneer  0x080099ac        0x0 linker stubs

.v4_bx          0x080099ac        0x0
 .v4_bx         0x080099ac        0x0 linker stubs

.iplt           0x080099ac        0x0
 .iplt          0x080099ac        0x0 c:/program files (x86)/gnu tools arm embedded/8 2019-q3-update/bin/../lib/gcc/arm-none-eabi/8.3.1/thumb/v7-m/nofp/crtbegin.o

.rodata         0x080099b0      0xd4c
                0x080099b0                . = ALIGN (0x4)
 *(.rodata)
 .rodata        0x080099b0       0x12 build/stm32f1xx_hal_rcc.o
 *fill*         0x080099c2        0x2 
 .rodata        0x080099c4       0x12 build/stm32f1xx_hal_rcc_ex.o
 *fill*         0x080099d6        0x2 
 .rodata        0x080099d8        0xc c:/program files (x86)/gnu tools arm embedded/8 2019-q3-update/bin/../lib/gcc/arm-none-eabi/8.3.1/../../../../arm-none-eabi/lib/thumb/v7-m/nofp\libc_nano.a(lib_a-nano-vfscanf_i.o)
 *(.rodata*)
 .rodata.bmp_fan_origin
                0x080099e4        0x8 build/user_bitmap.o
                0x080099e4                bmp_fan_origin
 .rodata.bmp_fan_origin_data
                0x080099ec       0x48 build/user_bitmap.o
                0x080099ec                bmp_fan_origin_data
 .rodata.bmp_fan_rotate
                0x08009a34        0x8 build/user_bitmap.o
                0x08009a34                bmp_fan_rotate
 .rodata.bmp_fan_rotate_data
                0x08009a3c       0x48 build/user_bitmap.o
                0x08009a3c                bmp_fan_rotate_data
 .rodata.bmp_logo_ph
                0x08009a84        0x8 build/user_bitmap.o
                0x08009a84                bmp_logo_ph
 .rodata.bmp_neon_off
                0x08009a8c        0x8 build/user_bitmap.o
                0x08009a8c                bmp_neon_off
 .rodata.bmp_neon_off_data
                0x08009a94       0x80 build/user_bitmap.o
                0x08009a94                bmp_neon_off_data
 .rodata.bmp_neon_on
                0x08009b14        0x8 build/user_bitmap.o
                0x08009b14                bmp_neon_on
 .rodata.bmp_neon_on_data
                0x08009b1c       0x80 build/user_bitmap.o
                0x08009b1c                bmp_neon_on_data
 .rodata.bmp_ph_logo_data
                0x08009b9c      0x400 build/user_bitmap.o
                0x08009b9c                bmp_ph_logo_data
 .rodata.bmp_socket_off
                0x08009f9c        0x8 build/user_bitmap.o
                0x08009f9c                bmp_socket_off
 .rodata.bmp_socket_off_data
                0x08009fa4       0x80 build/user_bitmap.o
                0x08009fa4                bmp_socket_off_data
 .rodata.bmp_socket_on
                0x0800a024        0x8 build/user_bitmap.o
                0x0800a024                bmp_socket_on
 .rodata.bmp_socket_on_data
                0x0800a02c       0x80 build/user_bitmap.o
                0x0800a02c                bmp_socket_on_data
 .rodata.bmp_temp
                0x0800a0ac        0x8 build/user_bitmap.o
                0x0800a0ac                bmp_temp
 .rodata.bmp_temp_data
                0x0800a0b4       0x20 build/user_bitmap.o
                0x0800a0b4                bmp_temp_data
 .rodata.bmp_uv_off
                0x0800a0d4        0x8 build/user_bitmap.o
                0x0800a0d4                bmp_uv_off
 .rodata.bmp_uv_off_data
                0x0800a0dc       0x80 build/user_bitmap.o
                0x0800a0dc                bmp_uv_off_data
 .rodata.bmp_uv_on
                0x0800a15c        0x8 build/user_bitmap.o
                0x0800a15c                bmp_uv_on
 .rodata.bmp_uv_on_data
                0x0800a164       0x80 build/user_bitmap.o
                0x0800a164                bmp_uv_on_data
 .rodata.Fan_Status.str1.4
                0x0800a1e4        0x4 build/main_screen.o
 .rodata.Filter.str1.4
                0x0800a1e8       0x2a build/main_screen.o
 *fill*         0x0800a212        0x2 
 .rodata.Lamp_Status.str1.4
                0x0800a214        0x5 build/main_screen.o
 *fill*         0x0800a219        0x3 
 .rodata.Socket_Status.str1.4
                0x0800a21c       0x10 build/main_screen.o
 .rodata.UV_Status.str1.4
                0x0800a22c        0x3 build/main_screen.o
 *fill*         0x0800a22f        0x1 
 .rodata.Door.str1.4
                0x0800a230        0x5 build/info_screen.o
 *fill*         0x0800a235        0x3 
 .rodata.Filter_Pa.str1.4
                0x0800a238        0x8 build/info_screen.o
                                 0x10 (size before relaxing)
 .rodata.Flow.str1.4
                0x0800a240       0x12 build/info_screen.o
 *fill*         0x0800a252        0x2 
 .rodata.SysTime.str1.4
                0x0800a254       0x27 build/info_screen.o
 *fill*         0x0800a27b        0x1 
 .rodata.Temperature.str1.4
                0x0800a27c        0x7 build/info_screen.o
 *fill*         0x0800a283        0x1 
 .rodata.USBD_FS_ConfigStrDescriptor.str1.4
                0x0800a284        0xb build/usbd_desc.o
 *fill*         0x0800a28f        0x1 
 .rodata.USBD_FS_InterfaceStrDescriptor.str1.4
                0x0800a290        0xe build/usbd_desc.o
 *fill*         0x0800a29e        0x2 
 .rodata.USBD_FS_ManufacturerStrDescriptor.str1.4
                0x0800a2a0       0x13 build/usbd_desc.o
 *fill*         0x0800a2b3        0x1 
 .rodata.USBD_FS_ProductStrDescriptor.str1.4
                0x0800a2b4       0x18 build/usbd_desc.o
                                 0x16 (size before relaxing)
 .rodata.AHBPrescTable
                0x0800a2cc       0x10 build/system_stm32f1xx.o
                0x0800a2cc                AHBPrescTable
 .rodata.APBPrescTable
                0x0800a2dc        0x8 build/system_stm32f1xx.o
                0x0800a2dc                APBPrescTable
 .rodata.u8g2_cb_r0
                0x0800a2e4        0x8 build/u8g2_setup.o
                0x0800a2e4                u8g2_cb_r0
 .rodata.u8x8_d_st7920_init_seq
                0x0800a2ec       0x13 build/u8x8_d_st7920.o
 *fill*         0x0800a2ff        0x1 
 .rodata.u8x8_d_st7920_powersave0_seq
                0x0800a300        0x7 build/u8x8_d_st7920.o
 *fill*         0x0800a307        0x1 
 .rodata.u8x8_d_st7920_powersave1_seq
                0x0800a308        0x7 build/u8x8_d_st7920.o
 *fill*         0x0800a30f        0x1 
 .rodata.u8x8_st7920_128x64_display_info
                0x0800a310       0x18 build/u8x8_d_st7920.o
 .rodata.DAYS_IN_MONTH
                0x0800a328       0x30 c:/program files (x86)/gnu tools arm embedded/8 2019-q3-update/bin/../lib/gcc/arm-none-eabi/8.3.1/../../../../arm-none-eabi/lib/thumb/v7-m/nofp\libc_nano.a(lib_a-mktime.o)
 .rodata._DAYS_BEFORE_MONTH
                0x0800a358       0x30 c:/program files (x86)/gnu tools arm embedded/8 2019-q3-update/bin/../lib/gcc/arm-none-eabi/8.3.1/../../../../arm-none-eabi/lib/thumb/v7-m/nofp\libc_nano.a(lib_a-mktime.o)
 .rodata.__month_lengths
                0x0800a388       0x60 c:/program files (x86)/gnu tools arm embedded/8 2019-q3-update/bin/../lib/gcc/arm-none-eabi/8.3.1/../../../../arm-none-eabi/lib/thumb/v7-m/nofp\libc_nano.a(lib_a-month_lengths.o)
                0x0800a388                __month_lengths
 .rodata._printf_float.str1.1
                0x0800a3e8       0x10 c:/program files (x86)/gnu tools arm embedded/8 2019-q3-update/bin/../lib/gcc/arm-none-eabi/8.3.1/../../../../arm-none-eabi/lib/thumb/v7-m/nofp\libc_nano.a(lib_a-nano-vfprintf_float.o)
                                 0x12 (size before relaxing)
 .rodata._printf_i.str1.1
                0x0800a3f8       0x22 c:/program files (x86)/gnu tools arm embedded/8 2019-q3-update/bin/../lib/gcc/arm-none-eabi/8.3.1/../../../../arm-none-eabi/lib/thumb/v7-m/nofp\libc_nano.a(lib_a-nano-vfprintf_i.o)
 .rodata._tzset_unlocked_r.str1.1
                0x0800a41a       0x3c c:/program files (x86)/gnu tools arm embedded/8 2019-q3-update/bin/../lib/gcc/arm-none-eabi/8.3.1/../../../../arm-none-eabi/lib/thumb/v7-m/nofp\libc_nano.a(lib_a-tzset_r.o)
                                 0x4e (size before relaxing)
 .rodata.str1.1
                0x0800a456        0x4 c:/program files (x86)/gnu tools arm embedded/8 2019-q3-update/bin/../lib/gcc/arm-none-eabi/8.3.1/../../../../arm-none-eabi/lib/thumb/v7-m/nofp\libc_nano.a(lib_a-tzvars.o)
 .rodata._dtoa_r.str1.1
                0x0800a456        0xd c:/program files (x86)/gnu tools arm embedded/8 2019-q3-update/bin/../lib/gcc/arm-none-eabi/8.3.1/../../../../arm-none-eabi/lib/thumb/v7-m/nofp\libc_nano.a(lib_a-dtoa.o)
                                  0xf (size before relaxing)
 *fill*         0x0800a463        0x1 
 .rodata.__sf_fake_stderr
                0x0800a464       0x20 c:/program files (x86)/gnu tools arm embedded/8 2019-q3-update/bin/../lib/gcc/arm-none-eabi/8.3.1/../../../../arm-none-eabi/lib/thumb/v7-m/nofp\libc_nano.a(lib_a-findfp.o)
                0x0800a464                __sf_fake_stderr
 .rodata.__sf_fake_stdin
                0x0800a484       0x20 c:/program files (x86)/gnu tools arm embedded/8 2019-q3-update/bin/../lib/gcc/arm-none-eabi/8.3.1/../../../../arm-none-eabi/lib/thumb/v7-m/nofp\libc_nano.a(lib_a-findfp.o)
                0x0800a484                __sf_fake_stdin
 .rodata.__sf_fake_stdout
                0x0800a4a4       0x20 c:/program files (x86)/gnu tools arm embedded/8 2019-q3-update/bin/../lib/gcc/arm-none-eabi/8.3.1/../../../../arm-none-eabi/lib/thumb/v7-m/nofp\libc_nano.a(lib_a-findfp.o)
                0x0800a4a4                __sf_fake_stdout
 *fill*         0x0800a4c4        0x4 
 .rodata.__mprec_bigtens
                0x0800a4c8       0x28 c:/program files (x86)/gnu tools arm embedded/8 2019-q3-update/bin/../lib/gcc/arm-none-eabi/8.3.1/../../../../arm-none-eabi/lib/thumb/v7-m/nofp\libc_nano.a(lib_a-mprec.o)
                0x0800a4c8                __mprec_bigtens
 .rodata.__mprec_tens
                0x0800a4f0       0xc8 c:/program files (x86)/gnu tools arm embedded/8 2019-q3-update/bin/../lib/gcc/arm-none-eabi/8.3.1/../../../../arm-none-eabi/lib/thumb/v7-m/nofp\libc_nano.a(lib_a-mprec.o)
                0x0800a4f0                __mprec_tens
 .rodata.p05.6137
                0x0800a5b8        0xc c:/program files (x86)/gnu tools arm embedded/8 2019-q3-update/bin/../lib/gcc/arm-none-eabi/8.3.1/../../../../arm-none-eabi/lib/thumb/v7-m/nofp\libc_nano.a(lib_a-mprec.o)
 .rodata._svfprintf_r.str1.1
                0x0800a5c4       0x11 c:/program files (x86)/gnu tools arm embedded/8 2019-q3-update/bin/../lib/gcc/arm-none-eabi/8.3.1/../../../../arm-none-eabi/lib/thumb/v7-m/nofp\libc_nano.a(lib_a-nano-svfprintf.o)
 .rodata._ctype_
                0x0800a5d5      0x101 c:/program files (x86)/gnu tools arm embedded/8 2019-q3-update/bin/../lib/gcc/arm-none-eabi/8.3.1/../../../../arm-none-eabi/lib/thumb/v7-m/nofp\libc_nano.a(lib_a-ctype_.o)
                0x0800a5d5                _ctype_
 .rodata._setlocale_r.str1.1
                0x0800a6d6        0x8 c:/program files (x86)/gnu tools arm embedded/8 2019-q3-update/bin/../lib/gcc/arm-none-eabi/8.3.1/../../../../arm-none-eabi/lib/thumb/v7-m/nofp\libc_nano.a(lib_a-locale.o)
                                  0x9 (size before relaxing)
 .rodata.str1.1
                0x0800a6de        0x2 c:/program files (x86)/gnu tools arm embedded/8 2019-q3-update/bin/../lib/gcc/arm-none-eabi/8.3.1/../../../../arm-none-eabi/lib/thumb/v7-m/nofp\libc_nano.a(lib_a-locale.o)
 .rodata.__ssvfscanf_r.str1.1
                0x0800a6e0        0x4 c:/program files (x86)/gnu tools arm embedded/8 2019-q3-update/bin/../lib/gcc/arm-none-eabi/8.3.1/../../../../arm-none-eabi/lib/thumb/v7-m/nofp\libc_nano.a(lib_a-nano-svfscanf.o)
 .rodata._scanf_i.str1.1
                0x0800a6e0       0x12 c:/program files (x86)/gnu tools arm embedded/8 2019-q3-update/bin/../lib/gcc/arm-none-eabi/8.3.1/../../../../arm-none-eabi/lib/thumb/v7-m/nofp\libc_nano.a(lib_a-nano-vfscanf_i.o)
 .rodata.str1.1
                0x0800a6f2        0x9 c:/program files (x86)/gnu tools arm embedded/8 2019-q3-update/bin/../lib/gcc/arm-none-eabi/8.3.1/../../../../arm-none-eabi/lib/thumb/v7-m/nofp\libc_nano.a(lib_a-nano-vfscanf_i.o)
                0x0800a6fc                . = ALIGN (0x4)
 *fill*         0x0800a6fb        0x1 

.font.u8g2_font_5x7_mf
                0x0800a6fc      0x77a
 .font.u8g2_font_5x7_mf
                0x0800a6fc      0x77a build/u8g2_fonts.o
                0x0800a6fc                u8g2_font_5x7_mf

.font.u8g2_font_5x7_tf
                0x0800ae78      0x689
 .font.u8g2_font_5x7_tf
                0x0800ae78      0x689 build/u8g2_fonts.o
                0x0800ae78                u8g2_font_5x7_tf

.font.u8g2_font_5x7_tr
                0x0800b504      0x345
 .font.u8g2_font_5x7_tr
                0x0800b504      0x345 build/u8g2_fonts.o
                0x0800b504                u8g2_font_5x7_tr

.font.u8g2_font_5x8_mf
                0x0800b84c      0x7db
 .font.u8g2_font_5x8_mf
                0x0800b84c      0x7db build/u8g2_fonts.o
                0x0800b84c                u8g2_font_5x8_mf

.font.u8g2_font_5x8_tr
                0x0800c028      0x371
 .font.u8g2_font_5x8_tr
                0x0800c028      0x371 build/u8g2_fonts.o
                0x0800c028                u8g2_font_5x8_tr

.font.u8g2_font_inr21_mf
                0x0800c39c     0x1e43
 .font.u8g2_font_inr21_mf
                0x0800c39c     0x1e43 build/u8g2_fonts.o
                0x0800c39c                u8g2_font_inr21_mf

.font.u8g2_font_micro_tr
                0x0800e1e0      0x2c5
 .font.u8g2_font_micro_tr
                0x0800e1e0      0x2c5 build/u8g2_fonts.o
                0x0800e1e0                u8g2_font_micro_tr

.font.u8g2_font_u8glib_4_tf
                0x0800e4a8      0x72a
 .font.u8g2_font_u8glib_4_tf
                0x0800e4a8      0x72a build/u8g2_fonts.o
                0x0800e4a8                u8g2_font_u8glib_4_tf

.ARM.extab
 *(.ARM.extab* .gnu.linkonce.armextab.*)

.ARM            0x0800ebd4        0x8
                0x0800ebd4                __exidx_start = .
 *(.ARM.exidx*)
 .ARM.exidx     0x0800ebd4        0x8 c:/program files (x86)/gnu tools arm embedded/8 2019-q3-update/bin/../lib/gcc/arm-none-eabi/8.3.1/thumb/v7-m/nofp\libgcc.a(_udivmoddi4.o)
                0x0800ebdc                __exidx_end = .

.rel.dyn        0x0800ebdc        0x0
 .rel.iplt      0x0800ebdc        0x0 c:/program files (x86)/gnu tools arm embedded/8 2019-q3-update/bin/../lib/gcc/arm-none-eabi/8.3.1/thumb/v7-m/nofp/crtbegin.o

.preinit_array  0x0800ebdc        0x0
                0x0800ebdc                PROVIDE (__preinit_array_start = .)
 *(.preinit_array*)
                0x0800ebdc                PROVIDE (__preinit_array_end = .)

.init_array     0x0800ebdc        0x4
                0x0800ebdc                PROVIDE (__init_array_start = .)
 *(SORT_BY_NAME(.init_array.*))
 *(.init_array*)
 .init_array    0x0800ebdc        0x4 c:/program files (x86)/gnu tools arm embedded/8 2019-q3-update/bin/../lib/gcc/arm-none-eabi/8.3.1/thumb/v7-m/nofp/crtbegin.o
                0x0800ebe0                PROVIDE (__init_array_end = .)

.fini_array     0x0800ebe0        0x4
                [!provide]                PROVIDE (__fini_array_start = .)
 *(SORT_BY_NAME(.fini_array.*))
 *(.fini_array*)
 .fini_array    0x0800ebe0        0x4 c:/program files (x86)/gnu tools arm embedded/8 2019-q3-update/bin/../lib/gcc/arm-none-eabi/8.3.1/thumb/v7-m/nofp/crtbegin.o
                [!provide]                PROVIDE (__fini_array_end = .)
                0x0800ebe4                _sidata = LOADADDR (.data)

.data           0x20000000      0x3b0 load address 0x0800ebe4
                0x20000000                . = ALIGN (0x4)
                0x20000000                _sdata = .
 *(.data)
 *(.data*)
 .data.FS_Desc  0x20000000       0x1c build/usbd_desc.o
                0x20000000                FS_Desc
 .data.USBD_FS_DeviceDesc
                0x2000001c       0x12 build/usbd_desc.o
                0x2000001c                USBD_FS_DeviceDesc
 *fill*         0x2000002e        0x2 
 .data.USBD_LangIDDesc
                0x20000030        0x4 build/usbd_desc.o
                0x20000030                USBD_LangIDDesc
 .data.USBD_StringSerial
                0x20000034       0x1a build/usbd_desc.o
                0x20000034                USBD_StringSerial
 *fill*         0x2000004e        0x2 
 .data.USBD_Interface_fops_FS
                0x20000050       0x10 build/usbd_cdc_if.o
                0x20000050                USBD_Interface_fops_FS
 .data.uwTickFreq
                0x20000060        0x1 build/stm32f1xx_hal.o
                0x20000060                uwTickFreq
 *fill*         0x20000061        0x3 
 .data.uwTickPrio
                0x20000064        0x4 build/stm32f1xx_hal.o
                0x20000064                uwTickPrio
 .data.SystemCoreClock
                0x20000068        0x4 build/system_stm32f1xx.o
                0x20000068                SystemCoreClock
 .data.USBD_CDC
                0x2000006c       0x38 build/usbd_cdc.o
                0x2000006c                USBD_CDC
 .data.USBD_CDC_CfgFSDesc
                0x200000a4       0x43 build/usbd_cdc.o
                0x200000a4                USBD_CDC_CfgFSDesc
 *fill*         0x200000e7        0x1 
 .data.USBD_CDC_CfgHSDesc
                0x200000e8       0x43 build/usbd_cdc.o
                0x200000e8                USBD_CDC_CfgHSDesc
 *fill*         0x2000012b        0x1 
 .data.USBD_CDC_DeviceQualifierDesc
                0x2000012c        0xa build/usbd_cdc.o
 *fill*         0x20000136        0x2 
 .data.USBD_CDC_OtherSpeedCfgDesc
                0x20000138       0x43 build/usbd_cdc.o
                0x20000138                USBD_CDC_OtherSpeedCfgDesc
 *fill*         0x2000017b        0x1 
 .data._impure_ptr
                0x2000017c        0x4 c:/program files (x86)/gnu tools arm embedded/8 2019-q3-update/bin/../lib/gcc/arm-none-eabi/8.3.1/../../../../arm-none-eabi/lib/thumb/v7-m/nofp\libc_nano.a(lib_a-impure.o)
                0x2000017c                _impure_ptr
 .data.impure_data
                0x20000180       0x60 c:/program files (x86)/gnu tools arm embedded/8 2019-q3-update/bin/../lib/gcc/arm-none-eabi/8.3.1/../../../../arm-none-eabi/lib/thumb/v7-m/nofp\libc_nano.a(lib_a-impure.o)
 .data._tzname  0x200001e0        0x8 c:/program files (x86)/gnu tools arm embedded/8 2019-q3-update/bin/../lib/gcc/arm-none-eabi/8.3.1/../../../../arm-none-eabi/lib/thumb/v7-m/nofp\libc_nano.a(lib_a-tzvars.o)
                0x200001e0                _tzname
 .data.tzinfo   0x200001e8       0x58 c:/program files (x86)/gnu tools arm embedded/8 2019-q3-update/bin/../lib/gcc/arm-none-eabi/8.3.1/../../../../arm-none-eabi/lib/thumb/v7-m/nofp\libc_nano.a(lib_a-gettzinfo.o)
 .data.environ  0x20000240        0x4 c:/program files (x86)/gnu tools arm embedded/8 2019-q3-update/bin/../lib/gcc/arm-none-eabi/8.3.1/../../../../arm-none-eabi/lib/thumb/v7-m/nofp\libc_nano.a(lib_a-environ.o)
                0x20000240                environ
 .data.__global_locale
                0x20000244      0x16c c:/program files (x86)/gnu tools arm embedded/8 2019-q3-update/bin/../lib/gcc/arm-none-eabi/8.3.1/../../../../arm-none-eabi/lib/thumb/v7-m/nofp\libc_nano.a(lib_a-locale.o)
                0x20000244                __global_locale
                0x200003b0                . = ALIGN (0x4)
                0x200003b0                _edata = .

.igot.plt       0x200003b0        0x0 load address 0x0800ef94
 .igot.plt      0x200003b0        0x0 c:/program files (x86)/gnu tools arm embedded/8 2019-q3-update/bin/../lib/gcc/arm-none-eabi/8.3.1/thumb/v7-m/nofp/crtbegin.o
                0x200003b0                . = ALIGN (0x4)

.bss            0x200003b0     0x1828 load address 0x0800ef94
                0x200003b0                _sbss = .
                0x200003b0                __bss_start__ = _sbss
 *(.bss)
 .bss           0x200003b0       0x1c c:/program files (x86)/gnu tools arm embedded/8 2019-q3-update/bin/../lib/gcc/arm-none-eabi/8.3.1/thumb/v7-m/nofp/crtbegin.o
 *(.bss*)
 .bss.toggle    0x200003cc        0x1 build/main.o
                0x200003cc                toggle
 *fill*         0x200003cd        0x3 
 .bss.mem.8453  0x200003d0      0x220 build/usbd_conf.o
 .bss.cfgidx.8370
                0x200005f0        0x1 build/usbd_ctlreq.o
 .bss.ifalt.8365
                0x200005f1        0x1 build/usbd_cdc.o
 *fill*         0x200005f2        0x2 
 .bss.buf.8494  0x200005f4      0x400 build/u8g2_d_memory.o
 .bss.buf.5191  0x200009f4       0x10 build/u8x8_cad.o
 .bss.__malloc_free_list
                0x20000a04        0x4 c:/program files (x86)/gnu tools arm embedded/8 2019-q3-update/bin/../lib/gcc/arm-none-eabi/8.3.1/../../../../arm-none-eabi/lib/thumb/v7-m/nofp\libc_nano.a(lib_a-nano-mallocr.o)
                0x20000a04                __malloc_free_list
 .bss.__malloc_sbrk_start
                0x20000a08        0x4 c:/program files (x86)/gnu tools arm embedded/8 2019-q3-update/bin/../lib/gcc/arm-none-eabi/8.3.1/../../../../arm-none-eabi/lib/thumb/v7-m/nofp\libc_nano.a(lib_a-nano-mallocr.o)
                0x20000a08                __malloc_sbrk_start
 .bss.__tzname_dst
                0x20000a0c        0xb c:/program files (x86)/gnu tools arm embedded/8 2019-q3-update/bin/../lib/gcc/arm-none-eabi/8.3.1/../../../../arm-none-eabi/lib/thumb/v7-m/nofp\libc_nano.a(lib_a-tzset_r.o)
 .bss.__tzname_std