Archive member included to satisfy reference by file (symbol)

c:/program files (x86)/gnu tools arm embedded/8 2019-q3-update/bin/../lib/gcc/arm-none-eabi/8.3.1/../../../../arm-none-eabi/lib/thumb/v7-m/nofp\libc_nano.a(lib_a-errno.o)
                              build/main.o (__errno)
c:/program files (x86)/gnu tools arm embedded/8 2019-q3-update/bin/../lib/gcc/arm-none-eabi/8.3.1/../../../../arm-none-eabi/lib/thumb/v7-m/nofp\libc_nano.a(lib_a-exit.o)
                              c:/program files (x86)/gnu tools arm embedded/8 2019-q3-update/bin/../lib/gcc/arm-none-eabi/8.3.1/../../../../arm-none-eabi/lib/thumb/v7-m/nofp/crt0.o (exit)
c:/program files (x86)/gnu tools arm embedded/8 2019-q3-update/bin/../lib/gcc/arm-none-eabi/8.3.1/../../../../arm-none-eabi/lib/thumb/v7-m/nofp\libc_nano.a(lib_a-impure.o)
                              c:/program files (x86)/gnu tools arm embedded/8 2019-q3-update/bin/../lib/gcc/arm-none-eabi/8.3.1/../../../../arm-none-eabi/lib/thumb/v7-m/nofp\libc_nano.a(lib_a-exit.o) (_global_impure_ptr)
c:/program files (x86)/gnu tools arm embedded/8 2019-q3-update/bin/../lib/gcc/arm-none-eabi/8.3.1/../../../../arm-none-eabi/lib/thumb/v7-m/nofp\libc_nano.a(lib_a-init.o)
                              c:/program files (x86)/gnu tools arm embedded/8 2019-q3-update/bin/../lib/gcc/arm-none-eabi/8.3.1/../../../../arm-none-eabi/lib/thumb/v7-m/nofp/crt0.o (__libc_init_array)
c:/program files (x86)/gnu tools arm embedded/8 2019-q3-update/bin/../lib/gcc/arm-none-eabi/8.3.1/../../../../arm-none-eabi/lib/thumb/v7-m/nofp\libc_nano.a(lib_a-memset.o)
                              c:/program files (x86)/gnu tools arm embedded/8 2019-q3-update/bin/../lib/gcc/arm-none-eabi/8.3.1/../../../../arm-none-eabi/lib/thumb/v7-m/nofp/crt0.o (memset)
c:/program files (x86)/gnu tools arm embedded/8 2019-q3-update/bin/../lib/gcc/arm-none-eabi/8.3.1/../../../../arm-none-eabi/lib/thumb/v7-m/nofp\libc_nano.a(lib_a-nano-vfprintf_float.o)
                              (_printf_float)
c:/program files (x86)/gnu tools arm embedded/8 2019-q3-update/bin/../lib/gcc/arm-none-eabi/8.3.1/../../../../arm-none-eabi/lib/thumb/v7-m/nofp\libc_nano.a(lib_a-nano-vfprintf_i.o)
                              c:/program files (x86)/gnu tools arm embedded/8 2019-q3-update/bin/../lib/gcc/arm-none-eabi/8.3.1/../../../../arm-none-eabi/lib/thumb/v7-m/nofp\libc_nano.a(lib_a-nano-vfprintf_float.o) (_printf_common)
c:/program files (x86)/gnu tools arm embedded/8 2019-q3-update/bin/../lib/gcc/arm-none-eabi/8.3.1/../../../../arm-none-eabi/lib/thumb/v7-m/nofp\libc_nano.a(lib_a-puts.o)
                              build/blinkled.o (puts)
c:/program files (x86)/gnu tools arm embedded/8 2019-q3-update/bin/../lib/gcc/arm-none-eabi/8.3.1/../../../../arm-none-eabi/lib/thumb/v7-m/nofp\libc_nano.a(lib_a-strlen.o)
                              c:/program files (x86)/gnu tools arm embedded/8 2019-q3-update/bin/../lib/gcc/arm-none-eabi/8.3.1/../../../../arm-none-eabi/lib/thumb/v7-m/nofp\libc_nano.a(lib_a-nano-vfprintf_float.o) (strlen)
c:/program files (x86)/gnu tools arm embedded/8 2019-q3-update/bin/../lib/gcc/arm-none-eabi/8.3.1/../../../../arm-none-eabi/lib/thumb/v7-m/nofp\libc_nano.a(lib_a-wbuf.o)
                              c:/program files (x86)/gnu tools arm embedded/8 2019-q3-update/bin/../lib/gcc/arm-none-eabi/8.3.1/../../../../arm-none-eabi/lib/thumb/v7-m/nofp\libc_nano.a(lib_a-puts.o) (__swbuf_r)
c:/program files (x86)/gnu tools arm embedded/8 2019-q3-update/bin/../lib/gcc/arm-none-eabi/8.3.1/../../../../arm-none-eabi/lib/thumb/v7-m/nofp\libc_nano.a(lib_a-wsetup.o)
                              c:/program files (x86)/gnu tools arm embedded/8 2019-q3-update/bin/../lib/gcc/arm-none-eabi/8.3.1/../../../../arm-none-eabi/lib/thumb/v7-m/nofp\libc_nano.a(lib_a-puts.o) (__swsetup_r)
c:/program files (x86)/gnu tools arm embedded/8 2019-q3-update/bin/../lib/gcc/arm-none-eabi/8.3.1/../../../../arm-none-eabi/lib/thumb/v7-m/nofp\libc_nano.a(lib_a-dtoa.o)
                              c:/program files (x86)/gnu tools arm embedded/8 2019-q3-update/bin/../lib/gcc/arm-none-eabi/8.3.1/../../../../arm-none-eabi/lib/thumb/v7-m/nofp\libc_nano.a(lib_a-nano-vfprintf_float.o) (_dtoa_r)
c:/program files (x86)/gnu tools arm embedded/8 2019-q3-update/bin/../lib/gcc/arm-none-eabi/8.3.1/../../../../arm-none-eabi/lib/thumb/v7-m/nofp\libc_nano.a(lib_a-fflush.o)
                              c:/program files (x86)/gnu tools arm embedded/8 2019-q3-update/bin/../lib/gcc/arm-none-eabi/8.3.1/../../../../arm-none-eabi/lib/thumb/v7-m/nofp\libc_nano.a(lib_a-wbuf.o) (_fflush_r)
c:/program files (x86)/gnu tools arm embedded/8 2019-q3-update/bin/../lib/gcc/arm-none-eabi/8.3.1/../../../../arm-none-eabi/lib/thumb/v7-m/nofp\libc_nano.a(lib_a-findfp.o)
                              c:/program files (x86)/gnu tools arm embedded/8 2019-q3-update/bin/../lib/gcc/arm-none-eabi/8.3.1/../../../../arm-none-eabi/lib/thumb/v7-m/nofp\libc_nano.a(lib_a-puts.o) (__sinit)
[...]
Memory Configuration

Name             Origin             Length             Attributes
RAM              0x20000000         0x00010000         xrw
FLASH            0x08000000         0x00060000         xr
*default*        0x00000000         0xffffffff

Linker script and memory map

LOAD c:/program files (x86)/gnu tools arm embedded/8 2019-q3-update/bin/../lib/gcc/arm-none-eabi/8.3.1/thumb/v7-m/nofp/crti.o
LOAD c:/program files (x86)/gnu tools arm embedded/8 2019-q3-update/bin/../lib/gcc/arm-none-eabi/8.3.1/thumb/v7-m/nofp/crtbegin.o
LOAD c:/program files (x86)/gnu tools arm embedded/8 2019-q3-update/bin/../lib/gcc/arm-none-eabi/8.3.1/../../../../arm-none-eabi/lib/thumb/v7-m/nofp/crt0.o
LOAD build/main.o
LOAD build/gpio.o
LOAD build/blinkled.o
LOAD build/key.o
LOAD build/user_bitmap.o
LOAD build/logo.o
LOAD build/main_screen.o
LOAD build/info_screen.o
LOAD build/output.o
LOAD build/i2c.o
LOAD build/spi.o
LOAD build/iwdg.o
LOAD build/usart.o
LOAD build/usb_device.o
LOAD build/usbd_conf.o
LOAD build/usbd_desc.o
LOAD build/usbd_cdc_if.o
LOAD build/stm32f1xx_it.o
LOAD build/stm32f1xx_hal_msp.o
LOAD build/stm32f1xx_hal_gpio_ex.o
LOAD build/stm32f1xx_hal_pcd.o
LOAD build/stm32f1xx_hal_pcd_ex.o
LOAD build/stm32f1xx_ll_usb.o
LOAD build/stm32f1xx_hal_i2c.o
LOAD build/stm32f1xx_hal_spi.o
LOAD build/stm32f1xx_hal_iwdg.o
LOAD build/stm32f1xx_hal_tim.o
LOAD build/stm32f1xx_hal_tim_ex.o
LOAD build/stm32f1xx_hal_uart.o
LOAD build/stm32f1xx_hal.o
LOAD build/stm32f1xx_hal_rcc.o
LOAD build/stm32f1xx_hal_rcc_ex.o
LOAD build/stm32f1xx_hal_gpio.o
LOAD build/stm32f1xx_hal_dma.o
LOAD build/stm32f1xx_hal_cortex.o
LOAD build/stm32f1xx_hal_pwr.o
LOAD build/stm32f1xx_hal_flash.o
LOAD build/stm32f1xx_hal_flash_ex.o
LOAD build/system_stm32f1xx.o
LOAD build/usbd_core.o
LOAD build/usbd_ctlreq.o
LOAD build/usbd_ioreq.o
LOAD build/usbd_cdc.o
LOAD build/u8g2_bitmap.o
LOAD build/u8g2_box.o
LOAD build/u8g2_buffer.o
LOAD build/u8g2_circle.o
LOAD build/u8g2_cleardisplay.o
LOAD build/u8g2_d_memory.o
LOAD build/u8g2_d_setup.o
LOAD build/u8g2_font.o
LOAD build/u8g2_fonts.o
LOAD build/u8g2_hvline.o
LOAD build/u8g2_input_value.o
LOAD build/u8g2_intersection.o
LOAD build/u8g2_kerning.o
LOAD build/u8g2_line.o
LOAD build/u8g2_ll_hvline.o
LOAD build/u8g2_message.o
LOAD build/u8g2_polygon.o
LOAD build/u8g2_selection_list.o
LOAD build/u8g2_setup.o
LOAD build/u8x8_8x8.o
LOAD build/u8x8_byte.o
LOAD build/u8x8_cad.o
LOAD build/u8x8_d_a2printer.o
LOAD build/u8x8_d_st7920.o
LOAD build/u8x8_debounce.o
LOAD build/u8x8_display.o
LOAD build/u8x8_fonts.o
LOAD build/u8x8_gpio.o
LOAD build/u8x8_input_value.o
LOAD build/u8x8_message.o
LOAD build/u8x8_selection_list.o
LOAD build/u8x8_setup.o
LOAD build/u8x8_string.o
LOAD build/u8x8_u16toa.o
LOAD build/u8x8_u8toa.o
LOAD build/startup_stm32f103xe.o
LOAD c:/program files (x86)/gnu tools arm embedded/8 2019-q3-update/bin/../lib/gcc/arm-none-eabi/8.3.1/../../../../arm-none-eabi/lib/thumb/v7-m/nofp\libc_nano.a
LOAD c:/program files (x86)/gnu tools arm embedded/8 2019-q3-update/bin/../lib/gcc/arm-none-eabi/8.3.1/../../../../arm-none-eabi/lib/thumb/v7-m/nofp\libm.a
LOAD c:/program files (x86)/gnu tools arm embedded/8 2019-q3-update/bin/../lib/gcc/arm-none-eabi/8.3.1/../../../../arm-none-eabi/lib/thumb/v7-m/nofp\libnosys.a
START GROUP
LOAD c:/program files (x86)/gnu tools arm embedded/8 2019-q3-update/bin/../lib/gcc/arm-none-eabi/8.3.1/thumb/v7-m/nofp\libgcc.a
LOAD c:/program files (x86)/gnu tools arm embedded/8 2019-q3-update/bin/../lib/gcc/arm-none-eabi/8.3.1/../../../../arm-none-eabi/lib/thumb/v7-m/nofp\libc_nano.a
END GROUP
START GROUP
LOAD c:/program files (x86)/gnu tools arm embedded/8 2019-q3-update/bin/../lib/gcc/arm-none-eabi/8.3.1/thumb/v7-m/nofp\libgcc.a
LOAD c:/program files (x86)/gnu tools arm embedded/8 2019-q3-update/bin/../lib/gcc/arm-none-eabi/8.3.1/../../../../arm-none-eabi/lib/thumb/v7-m/nofp\libc_nano.a
END GROUP
LOAD c:/program files (x86)/gnu tools arm embedded/8 2019-q3-update/bin/../lib/gcc/arm-none-eabi/8.3.1/thumb/v7-m/nofp/crtend.o
LOAD c:/program files (x86)/gnu tools arm embedded/8 2019-q3-update/bin/../lib/gcc/arm-none-eabi/8.3.1/thumb/v7-m/nofp/crtn.o
                0x20010000                _estack = 0x20010000
                0x00000200                _Min_Heap_Size = 0x200
                0x00000400                _Min_Stack_Size = 0x400

.isr_vector     0x08000000      0x1e4
                0x08000000                . = ALIGN (0x4)
 *(.isr_vector)
 .isr_vector    0x08000000      0x1e4 build/startup_stm32f103xe.o
                0x08000000                g_pfnVectors
                0x080001e4                . = ALIGN (0x4)

.text           0x080001e8     0x78e0
                0x080001e8                . = ALIGN (0x4)
 *(.text)
 .text          0x080001e8       0x40 c:/program files (x86)/gnu tools arm embedded/8 2019-q3-update/bin/../lib/gcc/arm-none-eabi/8.3.1/thumb/v7-m/nofp/crtbegin.o
 .text          0x08000228       0x10 c:/program files (x86)/gnu tools arm embedded/8 2019-q3-update/bin/../lib/gcc/arm-none-eabi/8.3.1/../../../../arm-none-eabi/lib/thumb/v7-m/nofp\libc_nano.a(lib_a-strlen.o)
                0x08000228                strlen
 .text          0x08000238      0x378 c:/program files (x86)/gnu tools arm embedded/8 2019-q3-update/bin/../lib/gcc/arm-none-eabi/8.3.1/thumb/v7-m/nofp\libgcc.a(_arm_addsubdf3.o)
                0x08000238                __aeabi_drsub
                0x08000240                __aeabi_dsub
                0x08000240                __subdf3
                0x08000244                __aeabi_dadd
                0x08000244                __adddf3
                0x080004bc                __floatunsidf
                0x080004bc                __aeabi_ui2d
                0x080004dc                __floatsidf
                0x080004dc                __aeabi_i2d
                0x08000500                __aeabi_f2d
                0x08000500                __extendsfdf2
                0x08000544                __floatundidf
                0x08000544                __aeabi_ul2d
                0x08000554                __floatdidf
                0x08000554                __aeabi_l2d
 .text          0x080005b0      0x424 c:/program files (x86)/gnu tools arm embedded/8 2019-q3-update/bin/../lib/gcc/arm-none-eabi/8.3.1/thumb/v7-m/nofp\libgcc.a(_arm_muldivdf3.o)
                0x080005b0                __aeabi_dmul
                0x080005b0                __muldf3
                0x08000804                __divdf3
                0x08000804                __aeabi_ddiv
 .text          0x080009d4      0x110 c:/program files (x86)/gnu tools arm embedded/8 2019-q3-update/bin/../lib/gcc/arm-none-eabi/8.3.1/thumb/v7-m/nofp\libgcc.a(_arm_cmpdf2.o)
                0x080009d4                __gtdf2
                0x080009d4                __gedf2
                0x080009dc                __ltdf2
                0x080009dc                __ledf2
                0x080009e4                __nedf2
                0x080009e4                __eqdf2
                0x080009e4                __cmpdf2
                0x08000a60                __aeabi_cdrcmple
                0x08000a70                __aeabi_cdcmpeq
                0x08000a70                __aeabi_cdcmple
                0x08000a80                __aeabi_dcmpeq
                0x08000a94                __aeabi_dcmplt
                0x08000aa8                __aeabi_dcmple
                0x08000abc                __aeabi_dcmpge
                0x08000ad0                __aeabi_dcmpgt
 .text          0x08000ae4       0x2c c:/program files (x86)/gnu tools arm embedded/8 2019-q3-update/bin/../lib/gcc/arm-none-eabi/8.3.1/thumb/v7-m/nofp\libgcc.a(_arm_unorddf2.o)
                0x08000ae4                __unorddf2
                0x08000ae4                __aeabi_dcmpun
 .text          0x08000b10       0x50 c:/program files (x86)/gnu tools arm embedded/8 2019-q3-update/bin/../lib/gcc/arm-none-eabi/8.3.1/thumb/v7-m/nofp\libgcc.a(_arm_fixdfsi.o)
                0x08000b10                __aeabi_d2iz
                0x08000b10                __fixdfsi
 *(.text*)
 .text.u8g2_gpio_and_delay_stm32
                0x08000b60        0x4 build/main.o
                0x08000b60                u8g2_gpio_and_delay_stm32
 .text.u8x8_byte_4wire_hw_spi
                0x08000b64       0x64 build/main.o
                0x08000b64                u8x8_byte_4wire_hw_spi
 .text.SystemClock_Config
                0x08000bc8       0x6c build/main.o
                0x08000bc8                SystemClock_Config
 .text.main     0x08000c34       0xf8 build/main.o
                0x08000c34                main
 .text.Error_Handler
                0x08000d2c        0x2 build/main.o
                0x08000d2c                Error_Handler
 .text._write   0x08000d2e       0x24 build/main.o
                0x08000d2e                _write
 *fill*         0x08000d52        0x2 
 .text.MX_GPIO_Init
                0x08000d54       0x88 build/gpio.o
                0x08000d54                MX_GPIO_Init
 .text.Led_Init
                0x08000ddc       0x58 build/blinkled.o
                0x08000ddc                Led_Init
 .text.Blink    0x08000e34       0x3c build/blinkled.o
                0x08000e34                Blink
 .text.KeyInit  0x08000e70       0x6c build/key.o
                0x08000e70                KeyInit
 .text.KeyGet   0x08000edc       0xe0 build/key.o
                0x08000edc                KeyGet
 .text.KeyProcess
                0x08000fbc       0x80 build/key.o
                0x08000fbc                KeyProcess
 .text.KeyManage
                0x0800103c       0x78 build/key.o
                0x0800103c                KeyManage
 .text.Logo     0x080010b4       0x30 build/logo.o
                0x080010b4                Logo
 .text.main_screen_init
                0x080010e4       0x28 build/main_screen.o
                0x080010e4                main_screen_init
 .text.Lamp_Status
                0x0800110c       0x7c build/main_screen.o
                0x0800110c                Lamp_Status
 .text.UV_Status
                0x08001188       0x7c build/main_screen.o
                0x08001188                UV_Status
 .text.Fan_Status
                0x08001204       0xac build/main_screen.o
                0x08001204                Fan_Status
 .text.Socket_Status
                0x080012b0       0xb0 build/main_screen.o
                0x080012b0                Socket_Status
 .text.Filter   0x08001360       0x94 build/main_screen.o
                0x08001360                Filter
 .text.Horizontal
                0x080013f4       0x60 build/main_screen.o
                0x080013f4                Horizontal
 .text.Main_Screen_Manage
                0x08001454       0x2c build/main_screen.o
                0x08001454                Main_Screen_Manage
 .text.Info_Screen_Init
                0x08001480       0x24 build/info_screen.o
                0x08001480                Info_Screen_Init
 .text.SysTime  0x080014a4       0xa4 build/info_screen.o
                0x080014a4                SysTime
 .text.Filter_Pa
                0x08001548       0x58 build/info_screen.o
                0x08001548                Filter_Pa
 .text.Flow     0x080015a0       0x84 build/info_screen.o
                0x080015a0                Flow
 .text.Door     0x08001624       0x9c build/info_screen.o
                0x08001624                Door
 .text.Info_Screen_Manage
                0x080016c0       0x34 build/info_screen.o
                0x080016c0                Info_Screen_Manage
 .text.Output_Init
                0x080016f4       0x8c build/output.o
                0x080016f4                Output_Init
 .text.SW_Neon  0x08001780       0x20 build/output.o
                0x08001780                SW_Neon
 .text.SW_Uv    0x080017a0       0x20 build/output.o
                0x080017a0                SW_Uv
 .text.SW_Fan   0x080017c0       0x20 build/output.o
                0x080017c0                SW_Fan
 .text.SW_Socket
                0x080017e0       0x20 build/output.o
                0x080017e0                SW_Socket
 .text.Output_Manage
                0x08001800       0x24 build/output.o
                0x08001800                Output_Manage
 .text.MX_SPI1_Init
                0x08001824       0x44 build/spi.o
                0x08001824                MX_SPI1_Init
 .text.HAL_SPI_MspInit
                0x08001868       0x64 build/spi.o
                0x08001868                HAL_SPI_MspInit
 .text.MX_USB_DEVICE_Init
                0x080018cc       0x54 build/usb_device.o
                0x080018cc                MX_USB_DEVICE_Init
 .text.USBD_Get_USB_Status
                0x08001920       0x14 build/usbd_conf.o
 .text.HAL_PCD_MspInit
                0x08001934       0x40 build/usbd_conf.o
                0x08001934                HAL_PCD_MspInit
 .text.HAL_PCD_SetupStageCallback
                0x08001974       0x10 build/usbd_conf.o
                0x08001974                HAL_PCD_SetupStageCallback
 .text.HAL_PCD_DataOutStageCallback
                0x08001984       0x14 build/usbd_conf.o
                0x08001984                HAL_PCD_DataOutStageCallback
 .text.HAL_PCD_DataInStageCallback
                0x08001998       0x12 build/usbd_conf.o
                0x08001998                HAL_PCD_DataInStageCallback
 .text.HAL_PCD_SOFCallback
                0x080019aa        0xc build/usbd_conf.o
                0x080019aa                HAL_PCD_SOFCallback
 .text.HAL_PCD_ResetCallback
                0x080019b6       0x24 build/usbd_conf.o
                0x080019b6                HAL_PCD_ResetCallback
 *fill*         0x080019da        0x2 
 .text.HAL_PCD_SuspendCallback
                0x080019dc       0x20 build/usbd_conf.o
                0x080019dc                HAL_PCD_SuspendCallback
 .text.HAL_PCD_ResumeCallback
                0x080019fc        0xc build/usbd_conf.o
                0x080019fc                HAL_PCD_ResumeCallback
 .text.USBD_LL_Init
                0x08001a08       0x84 build/usbd_conf.o
                0x08001a08                USBD_LL_Init
 .text.USBD_LL_Start
                0x08001a8c       0x10 build/usbd_conf.o
                0x08001a8c                USBD_LL_Start
 .text.USBD_LL_OpenEP
                0x08001a9c       0x16 build/usbd_conf.o
                0x08001a9c                USBD_LL_OpenEP
 .text.USBD_LL_CloseEP
                0x08001ab2       0x10 build/usbd_conf.o
                0x08001ab2                USBD_LL_CloseEP
 .text.USBD_LL_StallEP
                0x08001ac2       0x10 build/usbd_conf.o
                0x08001ac2                USBD_LL_StallEP
 .text.USBD_LL_ClearStallEP
                0x08001ad2       0x10 build/usbd_conf.o
                0x08001ad2                USBD_LL_ClearStallEP
 .text.USBD_LL_IsStallEP
                0x08001ae2       0x26 build/usbd_conf.o
                0x08001ae2                USBD_LL_IsStallEP
 .text.USBD_LL_SetUSBAddress
                0x08001b08       0x10 build/usbd_conf.o
                0x08001b08                USBD_LL_SetUSBAddress
 .text.USBD_LL_Transmit
                0x08001b18       0x10 build/usbd_conf.o
                0x08001b18                USBD_LL_Transmit
 .text.USBD_LL_PrepareReceive
                0x08001b28       0x10 build/usbd_conf.o
                0x08001b28                USBD_LL_PrepareReceive
 .text.USBD_LL_GetRxDataSize
                0x08001b38        0xc build/usbd_conf.o
                0x08001b38                USBD_LL_GetRxDataSize
 .text.USBD_static_malloc
                0x08001b44        0x8 build/usbd_conf.o
                0x08001b44                USBD_static_malloc
 .text.USBD_static_free
                0x08001b4c        0x2 build/usbd_conf.o
                0x08001b4c                USBD_static_free
 .text.HAL_PCDEx_SetConnectionState
                0x08001b4e        0x2 build/usbd_conf.o
                0x08001b4e                HAL_PCDEx_SetConnectionState
 .text.USBD_FS_DeviceDescriptor
                0x08001b50        0xc build/usbd_desc.o
                0x08001b50                USBD_FS_DeviceDescriptor
 .text.USBD_FS_LangIDStrDescriptor
                0x08001b5c        0xc build/usbd_desc.o
                0x08001b5c                USBD_FS_LangIDStrDescriptor
 .text.IntToUnicode
                0x08001b68       0x36 build/usbd_desc.o
 *fill*         0x08001b9e        0x2 
 .text.Get_SerialNum
                0x08001ba0       0x34 build/usbd_desc.o
 .text.USBD_FS_SerialStrDescriptor
                0x08001bd4       0x14 build/usbd_desc.o
                0x08001bd4                USBD_FS_SerialStrDescriptor
 .text.USBD_FS_ProductStrDescriptor
                0x08001be8       0x24 build/usbd_desc.o
                0x08001be8                USBD_FS_ProductStrDescriptor
 .text.USBD_FS_ManufacturerStrDescriptor
                0x08001c0c       0x1c build/usbd_desc.o
                0x08001c0c                USBD_FS_ManufacturerStrDescriptor
 .text.USBD_FS_ConfigStrDescriptor
                0x08001c28       0x24 build/usbd_desc.o
                0x08001c28                USBD_FS_ConfigStrDescriptor
 .text.USBD_FS_InterfaceStrDescriptor
                0x08001c4c       0x24 build/usbd_desc.o
                0x08001c4c                USBD_FS_InterfaceStrDescriptor
 .text.CDC_DeInit_FS
                0x08001c70        0x4 build/usbd_cdc_if.o
 .text.CDC_Control_FS
                0x08001c74        0x4 build/usbd_cdc_if.o
 .text.CDC_Receive_FS
                0x08001c78       0x1c build/usbd_cdc_if.o
 .text.CDC_Init_FS
                0x08001c94       0x28 build/usbd_cdc_if.o
 .text.CDC_Transmit_FS
                0x08001cbc       0x2c build/usbd_cdc_if.o
                0x08001cbc                CDC_Transmit_FS
 .text.NMI_Handler
                0x08001ce8        0x2 build/stm32f1xx_it.o
                0x08001ce8                NMI_Handler
 .text.HardFault_Handler
                0x08001cea        0x2 build/stm32f1xx_it.o
                0x08001cea                HardFault_Handler
 .text.MemManage_Handler
                0x08001cec        0x2 build/stm32f1xx_it.o
                0x08001cec                MemManage_Handler
 .text.BusFault_Handler
                0x08001cee        0x2 build/stm32f1xx_it.o
                0x08001cee                BusFault_Handler
 .text.UsageFault_Handler
                0x08001cf0        0x2 build/stm32f1xx_it.o
                0x08001cf0                UsageFault_Handler
 .text.SVC_Handler
                0x08001cf2        0x2 build/stm32f1xx_it.o
                0x08001cf2                SVC_Handler
 .text.DebugMon_Handler
                0x08001cf4        0x2 build/stm32f1xx_it.o
                0x08001cf4                DebugMon_Handler
 .text.PendSV_Handler
                0x08001cf6        0x2 build/stm32f1xx_it.o
                0x08001cf6                PendSV_Handler
 .text.SysTick_Handler
                0x08001cf8        0x8 build/stm32f1xx_it.o
                0x08001cf8                SysTick_Handler
 .text.USB_LP_CAN1_RX0_IRQHandler
                0x08001d00       0x10 build/stm32f1xx_it.o
                0x08001d00                USB_LP_CAN1_RX0_IRQHandler
 .text.HAL_MspInit
                0x08001d10       0x44 build/stm32f1xx_hal_msp.o
                0x08001d10                HAL_MspInit
 .text.HAL_PCD_Init
                0x08001d54       0xd6 build/stm32f1xx_hal_pcd.o
                0x08001d54                HAL_PCD_Init
 .text.HAL_PCD_Start
                0x08001e2a       0x2e build/stm32f1xx_hal_pcd.o
                0x08001e2a                HAL_PCD_Start
 .text.HAL_PCD_SetAddress
                0x08001e58       0x28 build/stm32f1xx_hal_pcd.o
                0x08001e58                HAL_PCD_SetAddress
 .text.HAL_PCD_EP_Open
                0x08001e80       0x52 build/stm32f1xx_hal_pcd.o
                0x08001e80                HAL_PCD_EP_Open
 .text.HAL_PCD_EP_Close
                0x08001ed2       0x4e build/stm32f1xx_hal_pcd.o
                0x08001ed2                HAL_PCD_EP_Close
 .text.HAL_PCD_EP_Receive
                0x08001f20       0x3e build/stm32f1xx_hal_pcd.o
                0x08001f20                HAL_PCD_EP_Receive
 .text.HAL_PCD_EP_GetRxCount
                0x08001f5e        0xe build/stm32f1xx_hal_pcd.o
                0x08001f5e                HAL_PCD_EP_GetRxCount
 .text.HAL_PCD_EP_Transmit
                0x08001f6c       0x3c build/stm32f1xx_hal_pcd.o
                0x08001f6c                HAL_PCD_EP_Transmit
 .text.PCD_EP_ISR_Handler
                0x08001fa8      0x458 build/stm32f1xx_hal_pcd.o
 .text.HAL_PCD_IRQHandler
                0x08002400      0x160 build/stm32f1xx_hal_pcd.o
                0x08002400                HAL_PCD_IRQHandler
 .text.HAL_PCD_EP_SetStall
                0x08002560       0x5c build/stm32f1xx_hal_pcd.o
                0x08002560                HAL_PCD_EP_SetStall
 .text.HAL_PCD_EP_ClrStall
                0x080025bc       0x4e build/stm32f1xx_hal_pcd.o
                0x080025bc                HAL_PCD_EP_ClrStall
 .text.HAL_PCDEx_PMAConfig
                0x0800260a       0x30 build/stm32f1xx_hal_pcd_ex.o
                0x0800260a                HAL_PCDEx_PMAConfig
 .text.USB_CoreInit
                0x0800263a        0xe build/stm32f1xx_ll_usb.o
                0x0800263a                USB_CoreInit
 .text.USB_EnableGlobalInt
                0x08002648       0x10 build/stm32f1xx_ll_usb.o
                0x08002648                USB_EnableGlobalInt
 .text.USB_DisableGlobalInt
                0x08002658       0x14 build/stm32f1xx_ll_usb.o
                0x08002658                USB_DisableGlobalInt
 .text.USB_SetCurrentMode
                0x0800266c        0x4 build/stm32f1xx_ll_usb.o
                0x0800266c                USB_SetCurrentMode
 .text.USB_DevInit
                0x08002670       0x2c build/stm32f1xx_ll_usb.o
                0x08002670                USB_DevInit
 .text.USB_ActivateEndpoint
                0x0800269c      0x328 build/stm32f1xx_ll_usb.o
                0x0800269c                USB_ActivateEndpoint
 .text.USB_DeactivateEndpoint
                0x080029c4      0x1c4 build/stm32f1xx_ll_usb.o
                0x080029c4                USB_DeactivateEndpoint
 .text.USB_EPSetStall
                0x08002b88       0x6e build/stm32f1xx_ll_usb.o
                0x08002b88                USB_EPSetStall
 .text.USB_EPClearStall
                0x08002bf6       0x92 build/stm32f1xx_ll_usb.o
                0x08002bf6                USB_EPClearStall
 .text.USB_SetDevAddress
                0x08002c88        0xc build/stm32f1xx_ll_usb.o
                0x08002c88                USB_SetDevAddress
 .text.USB_DevConnect
                0x08002c94        0x4 build/stm32f1xx_ll_usb.o
                0x08002c94                USB_DevConnect
 .text.USB_DevDisconnect
                0x08002c98        0x4 build/stm32f1xx_ll_usb.o
                0x08002c98                USB_DevDisconnect
 .text.USB_ReadInterrupts
                0x08002c9c        0x6 build/stm32f1xx_ll_usb.o
                0x08002c9c                USB_ReadInterrupts
 .text.USB_EP0_OutStart
                0x08002ca2        0x4 build/stm32f1xx_ll_usb.o
                0x08002ca2                USB_EP0_OutStart
 .text.USB_WritePMA
                0x08002ca6       0x2a build/stm32f1xx_ll_usb.o
                0x08002ca6                USB_WritePMA
 .text.USB_EPStartXfer
                0x08002cd0      0x2ba build/stm32f1xx_ll_usb.o
                0x08002cd0                USB_EPStartXfer
 .text.USB_ReadPMA
                0x08002f8a       0x1c build/stm32f1xx_ll_usb.o
                0x08002f8a                USB_ReadPMA
 .text.SPI_WaitFlagStateUntilTimeout
                0x08002fa6       0x96 build/stm32f1xx_hal_spi.o
 .text.SPI_CheckFlag_BSY
                0x0800303c       0x28 build/stm32f1xx_hal_spi.o
 .text.HAL_SPI_Init
                0x08003064       0x80 build/stm32f1xx_hal_spi.o
                0x08003064                HAL_SPI_Init
 .text.HAL_SPI_Transmit
                0x080030e4      0x194 build/stm32f1xx_hal_spi.o
                0x080030e4                HAL_SPI_Transmit
 .text.HAL_InitTick
                0x08003278       0x4c build/stm32f1xx_hal.o
                0x08003278                HAL_InitTick
 .text.HAL_Init
                0x080032c4       0x24 build/stm32f1xx_hal.o
                0x080032c4                HAL_Init
 .text.HAL_IncTick
                0x080032e8       0x18 build/stm32f1xx_hal.o
                0x080032e8                HAL_IncTick
 .text.HAL_GetTick
                0x08003300        0xc build/stm32f1xx_hal.o
                0x08003300                HAL_GetTick
 .text.HAL_Delay
                0x0800330c       0x28 build/stm32f1xx_hal.o
                0x0800330c                HAL_Delay
 .text.RCC_Delay
                0x08003334       0x2c build/stm32f1xx_hal_rcc.o
 .text.HAL_RCC_OscConfig
                0x08003360      0x3e0 build/stm32f1xx_hal_rcc.o
                0x08003360                HAL_RCC_OscConfig
 .text.HAL_RCC_GetSysClockFreq
                0x08003740       0x70 build/stm32f1xx_hal_rcc.o
                0x08003740                HAL_RCC_GetSysClockFreq
 .text.HAL_RCC_ClockConfig
                0x080037b0      0x19c build/stm32f1xx_hal_rcc.o
                0x080037b0                HAL_RCC_ClockConfig
 .text.HAL_RCCEx_PeriphCLKConfig
                0x0800394c      0x114 build/stm32f1xx_hal_rcc_ex.o
                0x0800394c                HAL_RCCEx_PeriphCLKConfig
 .text.HAL_GPIO_Init
                0x08003a60      0x1e8 build/stm32f1xx_hal_gpio.o
                0x08003a60                HAL_GPIO_Init
 .text.HAL_GPIO_ReadPin
                0x08003c48        0xe build/stm32f1xx_hal_gpio.o
                0x08003c48                HAL_GPIO_ReadPin
 .text.HAL_GPIO_WritePin
                0x08003c56        0xc build/stm32f1xx_hal_gpio.o
                0x08003c56                HAL_GPIO_WritePin
 .text.HAL_GPIO_TogglePin
                0x08003c62        0x8 build/stm32f1xx_hal_gpio.o
                0x08003c62                HAL_GPIO_TogglePin
 *fill*         0x08003c6a        0x2 
 .text.HAL_NVIC_SetPriorityGrouping
                0x08003c6c       0x24 build/stm32f1xx_hal_cortex.o
                0x08003c6c                HAL_NVIC_SetPriorityGrouping
 .text.HAL_NVIC_SetPriority
                0x08003c90       0x68 build/stm32f1xx_hal_cortex.o
                0x08003c90                HAL_NVIC_SetPriority
 .text.HAL_NVIC_EnableIRQ
                0x08003cf8       0x18 build/stm32f1xx_hal_cortex.o
                0x08003cf8                HAL_NVIC_EnableIRQ
 .text.HAL_SYSTICK_Config
                0x08003d10       0x2c build/stm32f1xx_hal_cortex.o
                0x08003d10                HAL_SYSTICK_Config
 .text.SystemInit
                0x08003d3c       0x4c build/system_stm32f1xx.o
                0x08003d3c                SystemInit
 .text.USBD_Init
                0x08003d88       0x2e build/usbd_core.o
                0x08003d88                USBD_Init
 .text.USBD_RegisterClass
                0x08003db6        0xe build/usbd_core.o
                0x08003db6                USBD_RegisterClass
 .text.USBD_Start
                0x08003dc4        0xa build/usbd_core.o
                0x08003dc4                USBD_Start
 .text.USBD_SetClassConfig
                0x08003dce       0x1c build/usbd_core.o
                0x08003dce                USBD_SetClassConfig
 .text.USBD_ClrClassConfig
                0x08003dea        0xe build/usbd_core.o
                0x08003dea                USBD_ClrClassConfig
 .text.USBD_LL_SetupStage
                0x08003df8       0x5c build/usbd_core.o
                0x08003df8                USBD_LL_SetupStage
 .text.USBD_LL_DataOutStage
                0x08003e54       0x6c build/usbd_core.o
                0x08003e54                USBD_LL_DataOutStage
 .text.USBD_LL_DataInStage
                0x08003ec0       0xb2 build/usbd_core.o
                0x08003ec0                USBD_LL_DataInStage
 .text.USBD_LL_Reset
                0x08003f72       0x3e build/usbd_core.o
                0x08003f72                USBD_LL_Reset
 .text.USBD_LL_SetSpeed
                0x08003fb0        0x6 build/usbd_core.o
                0x08003fb0                USBD_LL_SetSpeed
 .text.USBD_LL_Suspend
                0x08003fb6       0x12 build/usbd_core.o
                0x08003fb6                USBD_LL_Suspend
 .text.USBD_LL_Resume
                0x08003fc8        0xc build/usbd_core.o
                0x08003fc8                USBD_LL_Resume
 .text.USBD_LL_SOF
                0x08003fd4       0x1c build/usbd_core.o
                0x08003fd4                USBD_LL_SOF
 .text.USBD_GetLen
                0x08003ff0       0x12 build/usbd_ctlreq.o
 .text.USBD_SetFeature
                0x08004002       0x20 build/usbd_ctlreq.o
 .text.USBD_ParseSetupRequest
                0x08004022       0x28 build/usbd_ctlreq.o
                0x08004022                USBD_ParseSetupRequest
 .text.USBD_CtlError
                0x0800404a       0x14 build/usbd_ctlreq.o
                0x0800404a                USBD_CtlError
 .text.USBD_GetDescriptor
                0x0800405e      0x132 build/usbd_ctlreq.o
 .text.USBD_SetAddress
                0x08004190       0x4a build/usbd_ctlreq.o
 *fill*         0x080041da        0x2 
 .text.USBD_SetConfig
                0x080041dc       0xa4 build/usbd_ctlreq.o
 .text.USBD_GetConfig
                0x08004280       0x3a build/usbd_ctlreq.o
 .text.USBD_GetStatus
                0x080042ba       0x2c build/usbd_ctlreq.o
 .text.USBD_ClrFeature
                0x080042e6       0x30 build/usbd_ctlreq.o
 .text.USBD_StdDevReq
                0x08004316       0x48 build/usbd_ctlreq.o
                0x08004316                USBD_StdDevReq
 .text.USBD_StdItfReq
                0x0800435e       0x36 build/usbd_ctlreq.o
                0x0800435e                USBD_StdItfReq
 .text.USBD_StdEPReq
                0x08004394      0x126 build/usbd_ctlreq.o
                0x08004394                USBD_StdEPReq
 .text.USBD_GetString
                0x080044ba       0x38 build/usbd_ctlreq.o
                0x080044ba                USBD_GetString
 .text.USBD_CtlSendData
                0x080044f2       0x1a build/usbd_ioreq.o
                0x080044f2                USBD_CtlSendData
 .text.USBD_CtlContinueSendData
                0x0800450c       0x10 build/usbd_ioreq.o
                0x0800450c                USBD_CtlContinueSendData
 .text.USBD_CtlPrepareRx
                0x0800451c       0x1e build/usbd_ioreq.o
                0x0800451c                USBD_CtlPrepareRx
 .text.USBD_CtlContinueRx
                0x0800453a       0x10 build/usbd_ioreq.o
                0x0800453a                USBD_CtlContinueRx
 .text.USBD_CtlSendStatus
                0x0800454a       0x16 build/usbd_ioreq.o
                0x0800454a                USBD_CtlSendStatus
 .text.USBD_CtlReceiveStatus
                0x08004560       0x16 build/usbd_ioreq.o
                0x08004560                USBD_CtlReceiveStatus
 .text.USBD_CDC_DataIn
                0x08004576       0x12 build/usbd_cdc.o
 .text.USBD_CDC_EP0_RxReady
                0x08004588       0x28 build/usbd_cdc.o
 .text.USBD_CDC_GetFSCfgDesc
                0x080045b0        0xc build/usbd_cdc.o
 .text.USBD_CDC_GetHSCfgDesc
                0x080045bc        0xc build/usbd_cdc.o
 .text.USBD_CDC_GetOtherSpeedCfgDesc
                0x080045c8        0xc build/usbd_cdc.o
 .text.USBD_CDC_GetDeviceQualifierDescriptor
                0x080045d4        0xc build/usbd_cdc.o
                0x080045d4                USBD_CDC_GetDeviceQualifierDescriptor
 .text.USBD_CDC_DataOut
                0x080045e0       0x2e build/usbd_cdc.o
 *fill*         0x0800460e        0x2 
 .text.USBD_CDC_Setup
                0x08004610       0x74 build/usbd_cdc.o
 .text.USBD_CDC_DeInit
                0x08004684       0x3a build/usbd_cdc.o
 .text.USBD_CDC_Init
                0x080046be       0x96 build/usbd_cdc.o
 .text.USBD_CDC_RegisterInterface
                0x08004754        0xe build/usbd_cdc.o
                0x08004754                USBD_CDC_RegisterInterface
 .text.USBD_CDC_SetTxBuffer
                0x08004762       0x10 build/usbd_cdc.o
                0x08004762                USBD_CDC_SetTxBuffer
 .text.USBD_CDC_SetRxBuffer
                0x08004772        0xc build/usbd_cdc.o
                0x08004772                USBD_CDC_SetRxBuffer
 .text.USBD_CDC_TransmitPacket
                0x0800477e       0x2e build/usbd_cdc.o
                0x0800477e                USBD_CDC_TransmitPacket
 .text.USBD_CDC_ReceivePacket
                0x080047ac       0x30 build/usbd_cdc.o
                0x080047ac                USBD_CDC_ReceivePacket
 .text.u8g2_DrawHorizontalBitmap
                0x080047dc       0x88 build/u8g2_bitmap.o
                0x080047dc                u8g2_DrawHorizontalBitmap
 .text.u8g2_DrawBitmap
                0x08004864       0x4e build/u8g2_bitmap.o
                0x08004864                u8g2_DrawBitmap
 .text.u8g2_DrawBox
                0x080048b2       0x48 build/u8g2_box.o
                0x080048b2                u8g2_DrawBox
 .text.u8g2_DrawFrame
                0x080048fa       0x82 build/u8g2_box.o
                0x080048fa                u8g2_DrawFrame
 .text.u8g2_send_tile_row
                0x0800497c       0x20 build/u8g2_buffer.o
 .text.u8g2_send_buffer
                0x0800499c       0x34 build/u8g2_buffer.o
 .text.u8g2_ClearBuffer
                0x080049d0       0x1a build/u8g2_buffer.o
                0x080049d0                u8g2_ClearBuffer
 .text.u8g2_SendBuffer
                0x080049ea       0x10 build/u8g2_buffer.o
                0x080049ea                u8g2_SendBuffer
 *fill*         0x080049fa        0x2 
 .text.u8g2_m_16_8_f
                0x080049fc        0xc build/u8g2_d_memory.o
                0x080049fc                u8g2_m_16_8_f
 .text.u8g2_Setup_st7920_s_128x64_f
                0x08004a08       0x3c build/u8g2_d_setup.o
                0x08004a08                u8g2_Setup_st7920_s_128x64_f
 .text.u8g2_font_get_byte
                0x08004a44        0x4 build/u8g2_font.o
 .text.u8g2_font_get_word
                0x08004a48        0xe build/u8g2_font.o
 .text.u8g2_add_vector_y
                0x08004a56       0x28 build/u8g2_font.o
 .text.u8g2_add_vector_x
                0x08004a7e       0x28 build/u8g2_font.o
 .text.u8g2_font_calc_vref_font
                0x08004aa6        0x4 build/u8g2_font.o
                0x08004aa6                u8g2_font_calc_vref_font
 .text.u8g2_read_font_info
                0x08004aaa       0xd0 build/u8g2_font.o
                0x08004aaa                u8g2_read_font_info
 .text.u8g2_font_decode_get_unsigned_bits
                0x08004b7a       0x3c build/u8g2_font.o
                0x08004b7a                u8g2_font_decode_get_unsigned_bits
 .text.u8g2_font_setup_decode
                0x08004bb6       0x40 build/u8g2_font.o
 .text.u8g2_font_decode_get_signed_bits
                0x08004bf6       0x16 build/u8g2_font.o
                0x08004bf6                u8g2_font_decode_get_signed_bits
 .text.u8g2_font_decode_len
                0x08004c0c       0xce build/u8g2_font.o
                0x08004c0c                u8g2_font_decode_len
 .text.u8g2_font_decode_glyph
                0x08004cda      0x15c build/u8g2_font.o
                0x08004cda                u8g2_font_decode_glyph
 .text.u8g2_font_get_glyph_data
                0x08004e36       0x56 build/u8g2_font.o
                0x08004e36                u8g2_font_get_glyph_data
 .text.u8g2_font_draw_glyph
                0x08004e8c       0x24 build/u8g2_font.o
 .text.u8g2_DrawGlyph
                0x08004eb0       0x4e build/u8g2_font.o
                0x08004eb0                u8g2_DrawGlyph
 *fill*         0x08004efe        0x2 
 .text.u8g2_draw_string
                0x08004f00       0x7c build/u8g2_font.o
 .text.u8g2_DrawStr
                0x08004f7c       0x10 build/u8g2_font.o
                0x08004f7c                u8g2_DrawStr
 .text.u8g2_UpdateRefHeight
                0x08004f8c       0x60 build/u8g2_font.o
                0x08004f8c                u8g2_UpdateRefHeight
 .text.u8g2_SetFontPosBaseline
                0x08004fec        0xc build/u8g2_font.o
                0x08004fec                u8g2_SetFontPosBaseline
 .text.u8g2_SetFont
                0x08004ff8       0x1c build/u8g2_font.o
                0x08004ff8                u8g2_SetFont
 .text.u8g2_clip_intersection
                0x08005014       0x36 build/u8g2_hvline.o
 .text.u8g2_draw_hv_line_2dir
                0x0800504a       0x8e build/u8g2_hvline.o
 .text.u8g2_draw_hv_line_4dir
                0x080050d8       0x58 build/u8g2_hvline.o
                0x080050d8                u8g2_draw_hv_line_4dir
 .text.u8g2_DrawHVLine
                0x08005130       0x18 build/u8g2_hvline.o
                0x08005130                u8g2_DrawHVLine
 .text.u8g2_DrawHLine
                0x08005148       0x36 build/u8g2_hvline.o
                0x08005148                u8g2_DrawHLine
 .text.u8g2_SetDrawColor
                0x0800517e       0x10 build/u8g2_hvline.o
                0x0800517e                u8g2_SetDrawColor
 .text.u8g2_is_intersection_decision_tree
                0x0800518e       0x2c build/u8g2_intersection.o
                0x0800518e                u8g2_is_intersection_decision_tree
 .text.u8g2_IsIntersection
                0x080051ba       0x32 build/u8g2_intersection.o
                0x080051ba                u8g2_IsIntersection
 .text.u8g2_ll_hvline_horizontal_right_lsb
                0x080051ec       0x80 build/u8g2_ll_hvline.o
                0x080051ec                u8g2_ll_hvline_horizontal_right_lsb
 .text.u8g2_update_dimension_common
                0x0800526c       0x5c build/u8g2_setup.o
 .text.u8g2_update_dimension_r0
                0x080052c8       0x28 build/u8g2_setup.o
                0x080052c8                u8g2_update_dimension_r0
 .text.u8g2_draw_l90_r0
                0x080052f0       0x12 build/u8g2_setup.o
                0x080052f0                u8g2_draw_l90_r0
 .text.u8g2_SetupBuffer
                0x08005302       0x3a build/u8g2_setup.o
                0x08005302                u8g2_SetupBuffer
 .text.u8x8_ascii_next
                0x0800533c       0x16 build/u8x8_8x8.o
                0x0800533c                u8x8_ascii_next
 .text.u8x8_utf8_init
                0x08005352        0x8 build/u8x8_8x8.o
                0x08005352                u8x8_utf8_init
 .text.u8x8_byte_SendBytes
                0x0800535a        0xe build/u8x8_byte.o
                0x0800535a                u8x8_byte_SendBytes
 .text.u8x8_byte_SendByte
                0x08005368       0x18 build/u8x8_byte.o
                0x08005368                u8x8_byte_SendByte
 .text.u8x8_cad_SendCmd
                0x08005380        0xe build/u8x8_cad.o
                0x08005380                u8x8_cad_SendCmd
 .text.u8x8_cad_SendData
                0x0800538e        0xe build/u8x8_cad.o
                0x0800538e                u8x8_cad_SendData
 .text.u8x8_cad_StartTransfer
                0x0800539c        0xe build/u8x8_cad.o
                0x0800539c                u8x8_cad_StartTransfer
 .text.u8x8_cad_EndTransfer
                0x080053aa        0xe build/u8x8_cad.o
                0x080053aa                u8x8_cad_EndTransfer
 .text.u8x8_cad_SendSequence
                0x080053b8       0x6c build/u8x8_cad.o
                0x080053b8                u8x8_cad_SendSequence
 .text.u8x8_cad_st7920_spi
                0x08005424      0x104 build/u8x8_cad.o
                0x08005424                u8x8_cad_st7920_spi
 .text.u8x8_d_st7920_common
                0x08005528       0xb8 build/u8x8_d_st7920.o
                0x08005528                u8x8_d_st7920_common
 .text.u8x8_d_st7920_128x64
                0x080055e0       0x1c build/u8x8_d_st7920.o
                0x080055e0                u8x8_d_st7920_128x64
 .text.u8x8_d_helper_display_setup_memory
                0x080055fc        0x8 build/u8x8_display.o
                0x080055fc                u8x8_d_helper_display_setup_memory
 .text.u8x8_d_helper_display_init
                0x08005604       0x5e build/u8x8_display.o
                0x08005604                u8x8_d_helper_display_init
 .text.u8x8_DrawTile
                0x08005662       0x22 build/u8x8_display.o
                0x08005662                u8x8_DrawTile
 .text.u8x8_SetupMemory
                0x08005684        0xe build/u8x8_display.o
                0x08005684                u8x8_SetupMemory
 .text.u8x8_InitDisplay
                0x08005692        0xe build/u8x8_display.o
                0x08005692                u8x8_InitDisplay
 .text.u8x8_SetPowerSave
                0x080056a0        0xe build/u8x8_display.o
                0x080056a0                u8x8_SetPowerSave
 .text.u8x8_RefreshDisplay
                0x080056ae        0xe build/u8x8_display.o
                0x080056ae                u8x8_RefreshDisplay
 .text.u8x8_gpio_call
                0x080056bc        0xa build/u8x8_gpio.o
                0x080056bc                u8x8_gpio_call
 .text.u8x8_dummy_cb
                0x080056c6        0x4 build/u8x8_setup.o
                0x080056c6                u8x8_dummy_cb
 *fill*         0x080056ca        0x2 
 .text.u8x8_SetupDefaults
                0x080056cc       0x28 build/u8x8_setup.o
                0x080056cc                u8x8_SetupDefaults
 .text.u8x8_Setup
                0x080056f4       0x20 build/u8x8_setup.o
                0x080056f4                u8x8_Setup
 .text.Reset_Handler
                0x08005714       0x48 build/startup_stm32f103xe.o
                0x08005714                Reset_Handler
 .text.Default_Handler
                0x0800575c        0x2 build/startup_stm32f103xe.o
                0x0800575c                RTC_Alarm_IRQHandler
                0x0800575c                EXTI2_IRQHandler
                0x0800575c                TIM8_TRG_COM_IRQHandler
                0x0800575c                TIM8_CC_IRQHandler
                0x0800575c                TIM1_CC_IRQHandler
                0x0800575c                TIM6_IRQHandler
                0x0800575c                PVD_IRQHandler
                0x0800575c                SDIO_IRQHandler
                0x0800575c                EXTI3_IRQHandler
                0x0800575c                EXTI0_IRQHandler
                0x0800575c                I2C2_EV_IRQHandler
                0x0800575c                ADC1_2_IRQHandler
                0x0800575c                SPI1_IRQHandler
                0x0800575c                TAMPER_IRQHandler
                0x0800575c                TIM8_UP_IRQHandler
                0x0800575c                DMA2_Channel2_IRQHandler
                0x0800575c                DMA1_Channel4_IRQHandler
                0x0800575c                USART3_IRQHandler
                0x0800575c                RTC_IRQHandler
                0x0800575c                DMA1_Channel7_IRQHandler
                0x0800575c                CAN1_RX1_IRQHandler
                0x0800575c                UART5_IRQHandler
                0x0800575c                ADC3_IRQHandler
                0x0800575c                TIM4_IRQHandler
                0x0800575c                DMA2_Channel1_IRQHandler
                0x0800575c                I2C1_EV_IRQHandler
                0x0800575c                DMA1_Channel6_IRQHandler
                0x0800575c                UART4_IRQHandler
                0x0800575c                TIM3_IRQHandler
                0x0800575c                RCC_IRQHandler
                0x0800575c                TIM1_TRG_COM_IRQHandler
                0x0800575c                DMA1_Channel1_IRQHandler
                0x0800575c                Default_Handler
                0x0800575c                EXTI15_10_IRQHandler
                0x0800575c                TIM7_IRQHandler
                0x0800575c                TIM5_IRQHandler
                0x0800575c                EXTI9_5_IRQHandler
                0x0800575c                SPI2_IRQHandler
                0x0800575c                DMA1_Channel5_IRQHandler
                0x0800575c                EXTI4_IRQHandler
                0x0800575c                USB_HP_CAN1_TX_IRQHandler
                0x0800575c                DMA1_Channel3_IRQHandler
                0x0800575c                FSMC_IRQHandler
                0x0800575c                TIM1_UP_IRQHandler
                0x0800575c                WWDG_IRQHandler
                0x0800575c                TIM2_IRQHandler
                0x0800575c                TIM1_BRK_IRQHandler
                0x0800575c                EXTI1_IRQHandler
                0x0800575c                DMA2_Channel4_5_IRQHandler
                0x0800575c                USART2_IRQHandler
                0x0800575c                I2C2_ER_IRQHandler
                0x0800575c                DMA1_Channel2_IRQHandler
                0x0800575c                TIM8_BRK_IRQHandler
                0x0800575c                CAN1_SCE_IRQHandler
                0x0800575c                FLASH_IRQHandler
                0x0800575c                USART1_IRQHandler
                0x0800575c                SPI3_IRQHandler
                0x0800575c                I2C1_ER_IRQHandler
                0x0800575c                USBWakeUp_IRQHandler
                0x0800575c                DMA2_Channel3_IRQHandler
 *fill*         0x0800575e        0x2 
 .text.__errno  0x08005760        0xc c:/program files (x86)/gnu tools arm embedded/8 2019-q3-update/bin/../lib/gcc/arm-none-eabi/8.3.1/../../../../arm-none-eabi/lib/thumb/v7-m/nofp\libc_nano.a(lib_a-errno.o)
                0x08005760                __errno
 .text.__libc_init_array
                0x0800576c       0x48 c:/program files (x86)/gnu tools arm embedded/8 2019-q3-update/bin/../lib/gcc/arm-none-eabi/8.3.1/../../../../arm-none-eabi/lib/thumb/v7-m/nofp\libc_nano.a(lib_a-init.o)
                0x0800576c                __libc_init_array
 .text.memset   0x080057b4       0x10 c:/program files (x86)/gnu tools arm embedded/8 2019-q3-update/bin/../lib/gcc/arm-none-eabi/8.3.1/../../../../arm-none-eabi/lib/thumb/v7-m/nofp\libc_nano.a(lib_a-memset.o)
                0x080057b4                memset
 .text.__cvt    0x080057c4       0xba c:/program files (x86)/gnu tools arm embedded/8 2019-q3-update/bin/../lib/gcc/arm-none-eabi/8.3.1/../../../../arm-none-eabi/lib/thumb/v7-m/nofp\libc_nano.a(lib_a-nano-vfprintf_float.o)
                0x080057c4                __cvt
 .text.__exponent
                0x0800587e       0x66 c:/program files (x86)/gnu tools arm embedded/8 2019-q3-update/bin/../lib/gcc/arm-none-eabi/8.3.1/../../../../arm-none-eabi/lib/thumb/v7-m/nofp\libc_nano.a(lib_a-nano-vfprintf_float.o)
                0x0800587e                __exponent
 .text._printf_float
                0x080058e4      0x43c c:/program files (x86)/gnu tools arm embedded/8 2019-q3-update/bin/../lib/gcc/arm-none-eabi/8.3.1/../../../../arm-none-eabi/lib/thumb/v7-m/nofp\libc_nano.a(lib_a-nano-vfprintf_float.o)
                0x080058e4                _printf_float
 .text._printf_common
                0x08005d20       0xec c:/program files (x86)/gnu tools arm embedded/8 2019-q3-update/bin/../lib/gcc/arm-none-eabi/8.3.1/../../../../arm-none-eabi/lib/thumb/v7-m/nofp\libc_nano.a(lib_a-nano-vfprintf_i.o)
                0x08005d20                _printf_common
 .text._puts_r  0x08005e0c       0xdc c:/program files (x86)/gnu tools arm embedded/8 2019-q3-update/bin/../lib/gcc/arm-none-eabi/8.3.1/../../../../arm-none-eabi/lib/thumb/v7-m/nofp\libc_nano.a(lib_a-puts.o)
                0x08005e0c                _puts_r
 .text.puts     0x08005ee8       0x10 c:/program files (x86)/gnu tools arm embedded/8 2019-q3-update/bin/../lib/gcc/arm-none-eabi/8.3.1/../../../../arm-none-eabi/lib/thumb/v7-m/nofp\libc_nano.a(lib_a-puts.o)
                0x08005ee8                puts
 .text.__swbuf_r
                0x08005ef8       0xa4 c:/program files (x86)/gnu tools arm embedded/8 2019-q3-update/bin/../lib/gcc/arm-none-eabi/8.3.1/../../../../arm-none-eabi/lib/thumb/v7-m/nofp\libc_nano.a(lib_a-wbuf.o)
                0x08005ef8                __swbuf_r
 .text.__swsetup_r
                0x08005f9c       0xdc c:/program files (x86)/gnu tools arm embedded/8 2019-q3-update/bin/../lib/gcc/arm-none-eabi/8.3.1/../../../../arm-none-eabi/lib/thumb/v7-m/nofp\libc_nano.a(lib_a-wsetup.o)
                0x08005f9c                __swsetup_r
 .text.quorem   0x08006078      0x118 c:/program files (x86)/gnu tools arm embedded/8 2019-q3-update/bin/../lib/gcc/arm-none-eabi/8.3.1/../../../../arm-none-eabi/lib/thumb/v7-m/nofp\libc_nano.a(lib_a-dtoa.o)
 .text._dtoa_r  0x08006190      0xb60 c:/program files (x86)/gnu tools arm embedded/8 2019-q3-update/bin/../lib/gcc/arm-none-eabi/8.3.1/../../../../arm-none-eabi/lib/thumb/v7-m/nofp\libc_nano.a(lib_a-dtoa.o)
                0x08006190                _dtoa_r
 .text.__sflush_r
                0x08006cf0      0x10c c:/program files (x86)/gnu tools arm embedded/8 2019-q3-update/bin/../lib/gcc/arm-none-eabi/8.3.1/../../../../arm-none-eabi/lib/thumb/v7-m/nofp\libc_nano.a(lib_a-fflush.o)
                0x08006cf0                __sflush_r
 .text._fflush_r
                0x08006dfc       0x78 c:/program files (x86)/gnu tools arm embedded/8 2019-q3-update/bin/../lib/gcc/arm-none-eabi/8.3.1/../../../../arm-none-eabi/lib/thumb/v7-m/nofp\libc_nano.a(lib_a-fflush.o)
                0x08006dfc                _fflush_r
 .text.std      0x08006e74       0x48 c:/program files (x86)/gnu tools arm embedded/8 2019-q3-update/bin/../lib/gcc/arm-none-eabi/8.3.1/../../../../arm-none-eabi/lib/thumb/v7-m/nofp\libc_nano.a(lib_a-findfp.o)
 .text._cleanup_r
                0x08006ebc        0xc c:/program files (x86)/gnu tools arm embedded/8 2019-q3-update/bin/../lib/gcc/arm-none-eabi/8.3.1/../../../../arm-none-eabi/lib/thumb/v7-m/nofp\libc_nano.a(lib_a-findfp.o)
                0x08006ebc                _cleanup_r
 .text.__sfmoreglue
                0x08006ec8       0x2c c:/program files (x86)/gnu tools arm embedded/8 2019-q3-update/bin/../lib/gcc/arm-none-eabi/8.3.1/../../../../arm-none-eabi/lib/thumb/v7-m/nofp\libc_nano.a(lib_a-findfp.o)
                0x08006ec8                __sfmoreglue
 .text.__sfp_lock_acquire
                0x08006ef4        0xc c:/program files (x86)/gnu tools arm embedded/8 2019-q3-update/bin/../lib/gcc/arm-none-eabi/8.3.1/../../../../arm-none-eabi/lib/thumb/v7-m/nofp\libc_nano.a(lib_a-findfp.o)
                0x08006ef4                __sfp_lock_acquire
 .text.__sfp_lock_release
                0x08006f00        0xc c:/program files (x86)/gnu tools arm embedded/8 2019-q3-update/bin/../lib/gcc/arm-none-eabi/8.3.1/../../../../arm-none-eabi/lib/thumb/v7-m/nofp\libc_nano.a(lib_a-findfp.o)
                0x08006f00                __sfp_lock_release
 .text.__sinit_lock_acquire
                0x08006f0c        0xc c:/program files (x86)/gnu tools arm embedded/8 2019-q3-update/bin/../lib/gcc/arm-none-eabi/8.3.1/../../../../arm-none-eabi/lib/thumb/v7-m/nofp\libc_nano.a(lib_a-findfp.o)
                0x08006f0c                __sinit_lock_acquire
 .text.__sinit_lock_release
                0x08006f18        0xc c:/program files (x86)/gnu tools arm embedded/8 2019-q3-update/bin/../lib/gcc/arm-none-eabi/8.3.1/../../../../arm-none-eabi/lib/thumb/v7-m/nofp\libc_nano.a(lib_a-findfp.o)
                0x08006f18                __sinit_lock_release
 .text.__sinit  0x08006f24       0x70 c:/program files (x86)/gnu tools arm embedded/8 2019-q3-update/bin/../lib/gcc/arm-none-eabi/8.3.1/../../../../arm-none-eabi/lib/thumb/v7-m/nofp\libc_nano.a(lib_a-findfp.o)
                0x08006f24                __sinit
 .text.__sfp    0x08006f94       0x8c c:/program files (x86)/gnu tools arm embedded/8 2019-q3-update/bin/../lib/gcc/arm-none-eabi/8.3.1/../../../../arm-none-eabi/lib/thumb/v7-m/nofp\libc_nano.a(lib_a-findfp.o)
                0x08006f94                __sfp
 .text._fwalk_reent
                0x08007020       0x3c c:/program files (x86)/gnu tools arm embedded/8 2019-q3-update/bin/../lib/gcc/arm-none-eabi/8.3.1/../../../../arm-none-eabi/lib/thumb/v7-m/nofp\libc_nano.a(lib_a-fwalk.o)
                0x08007020                _fwalk_reent
 .text._localeconv_r
                0x0800705c        0x8 c:/program files (x86)/gnu tools arm embedded/8 2019-q3-update/bin/../lib/gcc/arm-none-eabi/8.3.1/../../../../arm-none-eabi/lib/thumb/v7-m/nofp\libc_nano.a(lib_a-localeconv.o)
                0x0800705c                _localeconv_r
 .text.__retarget_lock_init_recursive
                0x08007064        0x2 c:/program files (x86)/gnu tools arm embedded/8 2019-q3-update/bin/../lib/gcc/arm-none-eabi/8.3.1/../../../../arm-none-eabi/lib/thumb/v7-m/nofp\libc_nano.a(lib_a-lock.o)
                0x08007064                __retarget_lock_init_recursive
 .text.__retarget_lock_acquire_recursive
                0x08007066        0x2 c:/program files (x86)/gnu tools arm embedded/8 2019-q3-update/bin/../lib/gcc/arm-none-eabi/8.3.1/../../../../arm-none-eabi/lib/thumb/v7-m/nofp\libc_nano.a(lib_a-lock.o)
                0x08007066                __retarget_lock_acquire_recursive
 .text.__retarget_lock_release_recursive
                0x08007068        0x2 c:/program files (x86)/gnu tools arm embedded/8 2019-q3-update/bin/../lib/gcc/arm-none-eabi/8.3.1/../../../../arm-none-eabi/lib/thumb/v7-m/nofp\libc_nano.a(lib_a-lock.o)
                0x08007068                __retarget_lock_release_recursive
 .text.__swhatbuf_r
                0x0800706a       0x48 c:/program files (x86)/gnu tools arm embedded/8 2019-q3-update/bin/../lib/gcc/arm-none-eabi/8.3.1/../../../../arm-none-eabi/lib/thumb/v7-m/nofp\libc_nano.a(lib_a-makebuf.o)
                0x0800706a                __swhatbuf_r
 *fill*         0x080070b2        0x2 
 .text.__smakebuf_r
                0x080070b4       0x80 c:/program files (x86)/gnu tools arm embedded/8 2019-q3-update/bin/../lib/gcc/arm-none-eabi/8.3.1/../../../../arm-none-eabi/lib/thumb/v7-m/nofp\libc_nano.a(lib_a-makebuf.o)
                0x080070b4                __smakebuf_r
 .text.malloc   0x08007134       0x10 c:/program files (x86)/gnu tools arm embedded/8 2019-q3-update/bin/../lib/gcc/arm-none-eabi/8.3.1/../../../../arm-none-eabi/lib/thumb/v7-m/nofp\libc_nano.a(lib_a-malloc.o)
                0x08007134                malloc
 .text.memcpy   0x08007144       0x1c c:/program files (x86)/gnu tools arm embedded/8 2019-q3-update/bin/../lib/gcc/arm-none-eabi/8.3.1/../../../../arm-none-eabi/lib/thumb/v7-m/nofp\libc_nano.a(lib_a-memcpy-stub.o)
                0x08007144                memcpy
 .text._Balloc  0x08007160       0x68 c:/program files (x86)/gnu tools arm embedded/8 2019-q3-update/bin/../lib/gcc/arm-none-eabi/8.3.1/../../../../arm-none-eabi/lib/thumb/v7-m/nofp\libc_nano.a(lib_a-mprec.o)
                0x08007160                _Balloc
 .text._Bfree   0x080071c8       0x2e c:/program files (x86)/gnu tools arm embedded/8 2019-q3-update/bin/../lib/gcc/arm-none-eabi/8.3.1/../../../../arm-none-eabi/lib/thumb/v7-m/nofp\libc_nano.a(lib_a-mprec.o)
                0x080071c8                _Bfree
 .text.__multadd
                0x080071f6       0x76 c:/program files (x86)/gnu tools arm embedded/8 2019-q3-update/bin/../lib/gcc/arm-none-eabi/8.3.1/../../../../arm-none-eabi/lib/thumb/v7-m/nofp\libc_nano.a(lib_a-mprec.o)
                0x080071f6                __multadd
 .text.__hi0bits
                0x0800726c       0x40 c:/program files (x86)/gnu tools arm embedded/8 2019-q3-update/bin/../lib/gcc/arm-none-eabi/8.3.1/../../../../arm-none-eabi/lib/thumb/v7-m/nofp\libc_nano.a(lib_a-mprec.o)
                0x0800726c                __hi0bits
 .text.__lo0bits
                0x080072ac       0x60 c:/program files (x86)/gnu tools arm embedded/8 2019-q3-update/bin/../lib/gcc/arm-none-eabi/8.3.1/../../../../arm-none-eabi/lib/thumb/v7-m/nofp\libc_nano.a(lib_a-mprec.o)
                0x080072ac                __lo0bits
 .text.__i2b    0x0800730c       0x12 c:/program files (x86)/gnu tools arm embedded/8 2019-q3-update/bin/../lib/gcc/arm-none-eabi/8.3.1/../../../../arm-none-eabi/lib/thumb/v7-m/nofp\libc_nano.a(lib_a-mprec.o)
                0x0800730c                __i2b
 .text.__multiply
                0x0800731e      0x11e c:/program files (x86)/gnu tools arm embedded/8 2019-q3-update/bin/../lib/gcc/arm-none-eabi/8.3.1/../../../../arm-none-eabi/lib/thumb/v7-m/nofp\libc_nano.a(lib_a-mprec.o)
                0x0800731e                __multiply
 .text.__pow5mult
                0x0800743c       0x9c c:/program files (x86)/gnu tools arm embedded/8 2019-q3-update/bin/../lib/gcc/arm-none-eabi/8.3.1/../../../../arm-none-eabi/lib/thumb/v7-m/nofp\libc_nano.a(lib_a-mprec.o)
                0x0800743c                __pow5mult
 .text.__lshift
                0x080074d8       0xa6 c:/program files (x86)/gnu tools arm embedded/8 2019-q3-update/bin/../lib/gcc/arm-none-eabi/8.3.1/../../../../arm-none-eabi/lib/thumb/v7-m/nofp\libc_nano.a(lib_a-mprec.o)
                0x080074d8                __lshift
 .text.__mcmp   0x0800757e       0x34 c:/program files (x86)/gnu tools arm embedded/8 2019-q3-update/bin/../lib/gcc/arm-none-eabi/8.3.1/../../../../arm-none-eabi/lib/thumb/v7-m/nofp\libc_nano.a(lib_a-mprec.o)
                0x0800757e                __mcmp
 .text.__mdiff  0x080075b2       0xbc c:/program files (x86)/gnu tools arm embedded/8 2019-q3-update/bin/../lib/gcc/arm-none-eabi/8.3.1/../../../../arm-none-eabi/lib/thumb/v7-m/nofp\libc_nano.a(lib_a-mprec.o)
                0x080075b2                __mdiff
 .text.__d2b    0x0800766e       0x9c c:/program files (x86)/gnu tools arm embedded/8 2019-q3-update/bin/../lib/gcc/arm-none-eabi/8.3.1/../../../../arm-none-eabi/lib/thumb/v7-m/nofp\libc_nano.a(lib_a-mprec.o)
                0x0800766e                __d2b
 .text._calloc_r
                0x0800770a       0x1c c:/program files (x86)/gnu tools arm embedded/8 2019-q3-update/bin/../lib/gcc/arm-none-eabi/8.3.1/../../../../arm-none-eabi/lib/thumb/v7-m/nofp\libc_nano.a(lib_a-nano-callocr.o)
                0x0800770a                _calloc_r
 *fill*         0x08007726        0x2 
 .text._free_r  0x08007728       0x98 c:/program files (x86)/gnu tools arm embedded/8 2019-q3-update/bin/../lib/gcc/arm-none-eabi/8.3.1/../../../../arm-none-eabi/lib/thumb/v7-m/nofp\libc_nano.a(lib_a-nano-freer.o)
                0x08007728                _free_r
 .text._malloc_r
                0x080077c0       0xb4 c:/program files (x86)/gnu tools arm embedded/8 2019-q3-update/bin/../lib/gcc/arm-none-eabi/8.3.1/../../../../arm-none-eabi/lib/thumb/v7-m/nofp\libc_nano.a(lib_a-nano-mallocr.o)
                0x080077c0                _malloc_r
 .text._sbrk_r  0x08007874       0x20 c:/program files (x86)/gnu tools arm embedded/8 2019-q3-update/bin/../lib/gcc/arm-none-eabi/8.3.1/../../../../arm-none-eabi/lib/thumb/v7-m/nofp\libc_nano.a(lib_a-sbrkr.o)
                0x08007874                _sbrk_r
 .text.__sread  0x08007894       0x22 c:/program files (x86)/gnu tools arm embedded/8 2019-q3-update/bin/../lib/gcc/arm-none-eabi/8.3.1/../../../../arm-none-eabi/lib/thumb/v7-m/nofp\libc_nano.a(lib_a-stdio.o)
                0x08007894                __sread
 .text.__swrite
                0x080078b6       0x38 c:/program files (x86)/gnu tools arm embedded/8 2019-q3-update/bin/../lib/gcc/arm-none-eabi/8.3.1/../../../../arm-none-eabi/lib/thumb/v7-m/nofp\libc_nano.a(lib_a-stdio.o)
                0x080078b6                __swrite
 .text.__sseek  0x080078ee       0x24 c:/program files (x86)/gnu tools arm embedded/8 2019-q3-update/bin/../lib/gcc/arm-none-eabi/8.3.1/../../../../arm-none-eabi/lib/thumb/v7-m/nofp\libc_nano.a(lib_a-stdio.o)
                0x080078ee                __sseek
 .text.__sclose
                0x08007912        0x8 c:/program files (x86)/gnu tools arm embedded/8 2019-q3-update/bin/../lib/gcc/arm-none-eabi/8.3.1/../../../../arm-none-eabi/lib/thumb/v7-m/nofp\libc_nano.a(lib_a-stdio.o)
                0x08007912                __sclose
 *fill*         0x0800791a        0x2 
 .text._write_r
                0x0800791c       0x24 c:/program files (x86)/gnu tools arm embedded/8 2019-q3-update/bin/../lib/gcc/arm-none-eabi/8.3.1/../../../../arm-none-eabi/lib/thumb/v7-m/nofp\libc_nano.a(lib_a-writer.o)
                0x0800791c                _write_r
 .text._close_r
                0x08007940       0x20 c:/program files (x86)/gnu tools arm embedded/8 2019-q3-update/bin/../lib/gcc/arm-none-eabi/8.3.1/../../../../arm-none-eabi/lib/thumb/v7-m/nofp\libc_nano.a(lib_a-closer.o)
                0x08007940                _close_r
 .text._fstat_r
                0x08007960       0x24 c:/program files (x86)/gnu tools arm embedded/8 2019-q3-update/bin/../lib/gcc/arm-none-eabi/8.3.1/../../../../arm-none-eabi/lib/thumb/v7-m/nofp\libc_nano.a(lib_a-fstatr.o)
                0x08007960                _fstat_r
 .text._isatty_r
                0x08007984       0x20 c:/program files (x86)/gnu tools arm embedded/8 2019-q3-update/bin/../lib/gcc/arm-none-eabi/8.3.1/../../../../arm-none-eabi/lib/thumb/v7-m/nofp\libc_nano.a(lib_a-isattyr.o)
                0x08007984                _isatty_r
 .text._lseek_r
                0x080079a4       0x24 c:/program files (x86)/gnu tools arm embedded/8 2019-q3-update/bin/../lib/gcc/arm-none-eabi/8.3.1/../../../../arm-none-eabi/lib/thumb/v7-m/nofp\libc_nano.a(lib_a-lseekr.o)
                0x080079a4                _lseek_r
 .text.__ascii_mbtowc
                0x080079c8       0x24 c:/program files (x86)/gnu tools arm embedded/8 2019-q3-update/bin/../lib/gcc/arm-none-eabi/8.3.1/../../../../arm-none-eabi/lib/thumb/v7-m/nofp\libc_nano.a(lib_a-mbtowc_r.o)
                0x080079c8                __ascii_mbtowc
 .text.__malloc_lock
                0x080079ec        0xc c:/program files (x86)/gnu tools arm embedded/8 2019-q3-update/bin/../lib/gcc/arm-none-eabi/8.3.1/../../../../arm-none-eabi/lib/thumb/v7-m/nofp\libc_nano.a(lib_a-mlock.o)
                0x080079ec                __malloc_lock
 .text.__malloc_unlock
                0x080079f8        0xc c:/program files (x86)/gnu tools arm embedded/8 2019-q3-update/bin/../lib/gcc/arm-none-eabi/8.3.1/../../../../arm-none-eabi/lib/thumb/v7-m/nofp\libc_nano.a(lib_a-mlock.o)
                0x080079f8                __malloc_unlock
 .text._read_r  0x08007a04       0x24 c:/program files (x86)/gnu tools arm embedded/8 2019-q3-update/bin/../lib/gcc/arm-none-eabi/8.3.1/../../../../arm-none-eabi/lib/thumb/v7-m/nofp\libc_nano.a(lib_a-readr.o)
                0x08007a04                _read_r
 .text.__ascii_wctomb
                0x08007a28       0x1a c:/program files (x86)/gnu tools arm embedded/8 2019-q3-update/bin/../lib/gcc/arm-none-eabi/8.3.1/../../../../arm-none-eabi/lib/thumb/v7-m/nofp\libc_nano.a(lib_a-wctomb_r.o)
                0x08007a28                __ascii_wctomb
 *fill*         0x08007a42        0x2 
 .text._close   0x08007a44       0x10 c:/program files (x86)/gnu tools arm embedded/8 2019-q3-update/bin/../lib/gcc/arm-none-eabi/8.3.1/../../../../arm-none-eabi/lib/thumb/v7-m/nofp\libnosys.a(close.o)
                0x08007a44                _close
 .text._fstat   0x08007a54       0x10 c:/program files (x86)/gnu tools arm embedded/8 2019-q3-update/bin/../lib/gcc/arm-none-eabi/8.3.1/../../../../arm-none-eabi/lib/thumb/v7-m/nofp\libnosys.a(fstat.o)
                0x08007a54                _fstat
 .text._isatty  0x08007a64       0x10 c:/program files (x86)/gnu tools arm embedded/8 2019-q3-update/bin/../lib/gcc/arm-none-eabi/8.3.1/../../../../arm-none-eabi/lib/thumb/v7-m/nofp\libnosys.a(isatty.o)
                0x08007a64                _isatty
 .text._lseek   0x08007a74       0x10 c:/program files (x86)/gnu tools arm embedded/8 2019-q3-update/bin/../lib/gcc/arm-none-eabi/8.3.1/../../../../arm-none-eabi/lib/thumb/v7-m/nofp\libnosys.a(lseek.o)
                0x08007a74                _lseek
 .text._read    0x08007a84       0x10 c:/program files (x86)/gnu tools arm embedded/8 2019-q3-update/bin/../lib/gcc/arm-none-eabi/8.3.1/../../../../arm-none-eabi/lib/thumb/v7-m/nofp\libnosys.a(read.o)
                0x08007a84                _read
 .text._sbrk    0x08007a94       0x1c c:/program files (x86)/gnu tools arm embedded/8 2019-q3-update/bin/../lib/gcc/arm-none-eabi/8.3.1/../../../../arm-none-eabi/lib/thumb/v7-m/nofp\libnosys.a(sbrk.o)
                0x08007a94                _sbrk
 *(.glue_7)
 .glue_7        0x08007ab0        0x0 linker stubs
 *(.glue_7t)
 .glue_7t       0x08007ab0        0x0 linker stubs
 *(.eh_frame)
 .eh_frame      0x08007ab0        0x0 c:/program files (x86)/gnu tools arm embedded/8 2019-q3-update/bin/../lib/gcc/arm-none-eabi/8.3.1/thumb/v7-m/nofp/crtbegin.o
 *(.init)
 .init          0x08007ab0        0x4 c:/program files (x86)/gnu tools arm embedded/8 2019-q3-update/bin/../lib/gcc/arm-none-eabi/8.3.1/thumb/v7-m/nofp/crti.o
                0x08007ab0                _init
 .init          0x08007ab4        0x8 c:/program files (x86)/gnu tools arm embedded/8 2019-q3-update/bin/../lib/gcc/arm-none-eabi/8.3.1/thumb/v7-m/nofp/crtn.o
 *(.fini)
 .fini          0x08007abc        0x4 c:/program files (x86)/gnu tools arm embedded/8 2019-q3-update/bin/../lib/gcc/arm-none-eabi/8.3.1/thumb/v7-m/nofp/crti.o
                0x08007abc                _fini
 .fini          0x08007ac0        0x8 c:/program files (x86)/gnu tools arm embedded/8 2019-q3-update/bin/../lib/gcc/arm-none-eabi/8.3.1/thumb/v7-m/nofp/crtn.o
                0x08007ac8                . = ALIGN (0x4)
                0x08007ac8                _etext = .

.vfp11_veneer   0x08007ac8        0x0
 .vfp11_veneer  0x08007ac8        0x0 linker stubs

.v4_bx          0x08007ac8        0x0
 .v4_bx         0x08007ac8        0x0 linker stubs

.iplt           0x08007ac8        0x0
 .iplt          0x08007ac8        0x0 c:/program files (x86)/gnu tools arm embedded/8 2019-q3-update/bin/../lib/gcc/arm-none-eabi/8.3.1/thumb/v7-m/nofp/crtbegin.o

.rodata         0x08007ac8      0xbb0
                0x08007ac8                . = ALIGN (0x4)
 *(.rodata)
 .rodata        0x08007ac8       0x12 build/stm32f1xx_hal_rcc.o
 *(.rodata*)
 *fill*         0x08007ada        0x2 
 .rodata.Blink.str1.4
                0x08007adc        0xb build/blinkled.o
 *fill*         0x08007ae7        0x1 
 .rodata.bmp_fan_origin
                0x08007ae8        0x8 build/user_bitmap.o
                0x08007ae8                bmp_fan_origin
 .rodata.bmp_fan_origin_data
                0x08007af0       0x48 build/user_bitmap.o
                0x08007af0                bmp_fan_origin_data
 .rodata.bmp_fan_rotate
                0x08007b38        0x8 build/user_bitmap.o
                0x08007b38                bmp_fan_rotate
 .rodata.bmp_fan_rotate_data
                0x08007b40       0x48 build/user_bitmap.o
                0x08007b40                bmp_fan_rotate_data
 .rodata.bmp_logo_ph
                0x08007b88        0x8 build/user_bitmap.o
                0x08007b88                bmp_logo_ph
 .rodata.bmp_neon_off
                0x08007b90        0x8 build/user_bitmap.o
                0x08007b90                bmp_neon_off
 .rodata.bmp_neon_off_data
                0x08007b98       0x80 build/user_bitmap.o
                0x08007b98                bmp_neon_off_data
 .rodata.bmp_neon_on
                0x08007c18        0x8 build/user_bitmap.o
                0x08007c18                bmp_neon_on
 .rodata.bmp_neon_on_data
                0x08007c20       0x80 build/user_bitmap.o
                0x08007c20                bmp_neon_on_data
 .rodata.bmp_ph_logo_data
                0x08007ca0      0x400 build/user_bitmap.o
                0x08007ca0                bmp_ph_logo_data
 .rodata.bmp_socket_off
                0x080080a0        0x8 build/user_bitmap.o
                0x080080a0                bmp_socket_off
 .rodata.bmp_socket_off_data
                0x080080a8       0x80 build/user_bitmap.o
                0x080080a8                bmp_socket_off_data
 .rodata.bmp_socket_on
                0x08008128        0x8 build/user_bitmap.o
                0x08008128                bmp_socket_on
 .rodata.bmp_socket_on_data
                0x08008130       0x80 build/user_bitmap.o
                0x08008130                bmp_socket_on_data
 .rodata.bmp_uv_off
                0x080081b0        0x8 build/user_bitmap.o
                0x080081b0                bmp_uv_off
 .rodata.bmp_uv_off_data
                0x080081b8       0x80 build/user_bitmap.o
                0x080081b8                bmp_uv_off_data
 .rodata.bmp_uv_on
                0x08008238        0x8 build/user_bitmap.o
                0x08008238                bmp_uv_on
 .rodata.bmp_uv_on_data
                0x08008240       0x80 build/user_bitmap.o
                0x08008240                bmp_uv_on_data
 .rodata.Fan_Status.str1.4
                0x080082c0        0x4 build/main_screen.o
 .rodata.Filter.str1.4
                0x080082c4       0x2a build/main_screen.o
 *fill*         0x080082ee        0x2 
 .rodata.Lamp_Status.str1.4
                0x080082f0        0x5 build/main_screen.o
 *fill*         0x080082f5        0x3 
 .rodata.Socket_Status.str1.4
                0x080082f8       0x10 build/main_screen.o
 .rodata.UV_Status.str1.4
                0x08008308        0x3 build/main_screen.o
 *fill*         0x0800830b        0x1 
 .rodata.Door.str1.4
                0x0800830c        0x5 build/info_screen.o
 *fill*         0x08008311        0x3 
 .rodata.Filter_Pa.str1.4
                0x08008314        0x8 build/info_screen.o
                                 0x10 (size before relaxing)
 .rodata.Flow.str1.4
                0x0800831c        0xf build/info_screen.o
 *fill*         0x0800832b        0x1 
 .rodata.SysTime.str1.4
                0x0800832c       0x1d build/info_screen.o
 *fill*         0x08008349        0x3 
 .rodata.USBD_FS_ConfigStrDescriptor.str1.4
                0x0800834c        0xb build/usbd_desc.o
 *fill*         0x08008357        0x1 
 .rodata.USBD_FS_InterfaceStrDescriptor.str1.4
                0x08008358        0xe build/usbd_desc.o
 *fill*         0x08008366        0x2 
 .rodata.USBD_FS_ManufacturerStrDescriptor.str1.4
                0x08008368       0x13 build/usbd_desc.o
 *fill*         0x0800837b        0x1 
 .rodata.USBD_FS_ProductStrDescriptor.str1.4
                0x0800837c       0x18 build/usbd_desc.o
                                 0x16 (size before relaxing)
 .rodata.AHBPrescTable
                0x08008394       0x10 build/system_stm32f1xx.o
                0x08008394                AHBPrescTable
 .rodata.u8g2_cb_r0
                0x080083a4        0x8 build/u8g2_setup.o
                0x080083a4                u8g2_cb_r0
 .rodata.u8x8_d_st7920_init_seq
                0x080083ac       0x13 build/u8x8_d_st7920.o
 *fill*         0x080083bf        0x1 
 .rodata.u8x8_d_st7920_powersave0_seq
                0x080083c0        0x7 build/u8x8_d_st7920.o
 *fill*         0x080083c7        0x1 
 .rodata.u8x8_d_st7920_powersave1_seq
                0x080083c8        0x7 build/u8x8_d_st7920.o
 *fill*         0x080083cf        0x1 
 .rodata.u8x8_st7920_128x64_display_info
                0x080083d0       0x18 build/u8x8_d_st7920.o
 .rodata._global_impure_ptr
                0x080083e8        0x4 c:/program files (x86)/gnu tools arm embedded/8 2019-q3-update/bin/../lib/gcc/arm-none-eabi/8.3.1/../../../../arm-none-eabi/lib/thumb/v7-m/nofp\libc_nano.a(lib_a-impure.o)
                0x080083e8                _global_impure_ptr
 .rodata._printf_float.str1.1
                0x080083ec       0x12 c:/program files (x86)/gnu tools arm embedded/8 2019-q3-update/bin/../lib/gcc/arm-none-eabi/8.3.1/../../../../arm-none-eabi/lib/thumb/v7-m/nofp\libc_nano.a(lib_a-nano-vfprintf_float.o)
 .rodata._dtoa_r.str1.1
                0x080083fe        0xd c:/program files (x86)/gnu tools arm embedded/8 2019-q3-update/bin/../lib/gcc/arm-none-eabi/8.3.1/../../../../arm-none-eabi/lib/thumb/v7-m/nofp\libc_nano.a(lib_a-dtoa.o)
                                  0xf (size before relaxing)
 *fill*         0x0800840b        0x1 
 .rodata.__sf_fake_stderr
                0x0800840c       0x20 c:/program files (x86)/gnu tools arm embedded/8 2019-q3-update/bin/../lib/gcc/arm-none-eabi/8.3.1/../../../../arm-none-eabi/lib/thumb/v7-m/nofp\libc_nano.a(lib_a-findfp.o)
                0x0800840c                __sf_fake_stderr
 .rodata.__sf_fake_stdin
                0x0800842c       0x20 c:/program files (x86)/gnu tools arm embedded/8 2019-q3-update/bin/../lib/gcc/arm-none-eabi/8.3.1/../../../../arm-none-eabi/lib/thumb/v7-m/nofp\libc_nano.a(lib_a-findfp.o)
                0x0800842c                __sf_fake_stdin
 .rodata.__sf_fake_stdout
                0x0800844c       0x20 c:/program files (x86)/gnu tools arm embedded/8 2019-q3-update/bin/../lib/gcc/arm-none-eabi/8.3.1/../../../../arm-none-eabi/lib/thumb/v7-m/nofp\libc_nano.a(lib_a-findfp.o)
                0x0800844c                __sf_fake_stdout
 *fill*         0x0800846c        0x4 
 .rodata.__mprec_bigtens
                0x08008470       0x28 c:/program files (x86)/gnu tools arm embedded/8 2019-q3-update/bin/../lib/gcc/arm-none-eabi/8.3.1/../../../../arm-none-eabi/lib/thumb/v7-m/nofp\libc_nano.a(lib_a-mprec.o)
                0x08008470                __mprec_bigtens
 .rodata.__mprec_tens
                0x08008498       0xc8 c:/program files (x86)/gnu tools arm embedded/8 2019-q3-update/bin/../lib/gcc/arm-none-eabi/8.3.1/../../../../arm-none-eabi/lib/thumb/v7-m/nofp\libc_nano.a(lib_a-mprec.o)
                0x08008498                __mprec_tens
 .rodata.p05.6137
                0x08008560        0xc c:/program files (x86)/gnu tools arm embedded/8 2019-q3-update/bin/../lib/gcc/arm-none-eabi/8.3.1/../../../../arm-none-eabi/lib/thumb/v7-m/nofp\libc_nano.a(lib_a-mprec.o)
 .rodata._setlocale_r.str1.1
                0x0800856c        0x8 c:/program files (x86)/gnu tools arm embedded/8 2019-q3-update/bin/../lib/gcc/arm-none-eabi/8.3.1/../../../../arm-none-eabi/lib/thumb/v7-m/nofp\libc_nano.a(lib_a-locale.o)
                                  0x9 (size before relaxing)
 .rodata.str1.1
                0x08008574        0x2 c:/program files (x86)/gnu tools arm embedded/8 2019-q3-update/bin/../lib/gcc/arm-none-eabi/8.3.1/../../../../arm-none-eabi/lib/thumb/v7-m/nofp\libc_nano.a(lib_a-locale.o)
 .rodata._ctype_
                0x08008576      0x101 c:/program files (x86)/gnu tools arm embedded/8 2019-q3-update/bin/../lib/gcc/arm-none-eabi/8.3.1/../../../../arm-none-eabi/lib/thumb/v7-m/nofp\libc_nano.a(lib_a-ctype_.o)
                0x08008576                _ctype_
                0x08008678                . = ALIGN (0x4)
 *fill*         0x08008677        0x1 

.font.u8g2_font_5x7_mf
                0x08008678      0x77a
 .font.u8g2_font_5x7_mf
                0x08008678      0x77a build/u8g2_fonts.o
                0x08008678                u8g2_font_5x7_mf

.font.u8g2_font_5x7_tf
                0x08008df4      0x689
 .font.u8g2_font_5x7_tf
                0x08008df4      0x689 build/u8g2_fonts.o
                0x08008df4                u8g2_font_5x7_tf

.font.u8g2_font_5x7_tr
                0x08009480      0x345
 .font.u8g2_font_5x7_tr
                0x08009480      0x345 build/u8g2_fonts.o
                0x08009480                u8g2_font_5x7_tr

.font.u8g2_font_5x8_mf
                0x080097c8      0x7db
 .font.u8g2_font_5x8_mf
                0x080097c8      0x7db build/u8g2_fonts.o
                0x080097c8                u8g2_font_5x8_mf

.font.u8g2_font_5x8_tr
                0x08009fa4      0x371
 .font.u8g2_font_5x8_tr
                0x08009fa4      0x371 build/u8g2_fonts.o
                0x08009fa4                u8g2_font_5x8_tr

.font.u8g2_font_inr21_mf
                0x0800a318     0x1e43
 .font.u8g2_font_inr21_mf
                0x0800a318     0x1e43 build/u8g2_fonts.o
                0x0800a318                u8g2_font_inr21_mf

.font.u8g2_font_micro_tr
                0x0800c15c      0x2c5
 .font.u8g2_font_micro_tr
                0x0800c15c      0x2c5 build/u8g2_fonts.o
                0x0800c15c                u8g2_font_micro_tr

.font.u8g2_font_u8glib_4_tf
                0x0800c424      0x72a
 .font.u8g2_font_u8glib_4_tf
                0x0800c424      0x72a build/u8g2_fonts.o
                0x0800c424                u8g2_font_u8glib_4_tf

.rel.dyn        0x0800cb50        0x0
 .rel.iplt      0x0800cb50        0x0 c:/program files (x86)/gnu tools arm embedded/8 2019-q3-update/bin/../lib/gcc/arm-none-eabi/8.3.1/thumb/v7-m/nofp/crtbegin.o

.ARM.extab
 *(.ARM.extab* .gnu.linkonce.armextab.*)

.ARM            0x0800cb4e        0x0
                0x0800cb4e                __exidx_start = .
 *(.ARM.exidx*)
                0x0800cb4e                __exidx_end = .

.preinit_array  0x0800cb4e        0x0
                0x0800cb4e                PROVIDE (__preinit_array_start = .)
 *(.preinit_array*)
                0x0800cb4e                PROVIDE (__preinit_array_end = .)

.init_array     0x0800cb50        0x4
                0x0800cb50                PROVIDE (__init_array_start = .)
 *(SORT_BY_NAME(.init_array.*))
 *(.init_array*)
 .init_array    0x0800cb50        0x4 c:/program files (x86)/gnu tools arm embedded/8 2019-q3-update/bin/../lib/gcc/arm-none-eabi/8.3.1/thumb/v7-m/nofp/crtbegin.o
                0x0800cb54                PROVIDE (__init_array_end = .)

.fini_array     0x0800cb54        0x4
                [!provide]                PROVIDE (__fini_array_start = .)
 *(SORT_BY_NAME(.fini_array.*))
 *(.fini_array*)
 .fini_array    0x0800cb54        0x4 c:/program files (x86)/gnu tools arm embedded/8 2019-q3-update/bin/../lib/gcc/arm-none-eabi/8.3.1/thumb/v7-m/nofp/crtbegin.o
                [!provide]                PROVIDE (__fini_array_end = .)
                0x0800cb58                _sidata = LOADADDR (.data)

.data           0x20000000      0x34c load address 0x0800cb58
                0x20000000                . = ALIGN (0x4)
                0x20000000                _sdata = .
 *(.data)
 *(.data*)
 .data.FS_Desc  0x20000000       0x1c build/usbd_desc.o
                0x20000000                FS_Desc
 .data.USBD_FS_DeviceDesc
                0x2000001c       0x12 build/usbd_desc.o
                0x2000001c                USBD_FS_DeviceDesc
 *fill*         0x2000002e        0x2 
 .data.USBD_LangIDDesc
                0x20000030        0x4 build/usbd_desc.o
                0x20000030                USBD_LangIDDesc
 .data.USBD_StringSerial
                0x20000034       0x1a build/usbd_desc.o
                0x20000034                USBD_StringSerial
 *fill*         0x2000004e        0x2 
 .data.USBD_Interface_fops_FS
                0x20000050       0x10 build/usbd_cdc_if.o
                0x20000050                USBD_Interface_fops_FS
 .data.uwTickFreq
                0x20000060        0x1 build/stm32f1xx_hal.o
                0x20000060                uwTickFreq
 *fill*         0x20000061        0x3 
 .data.uwTickPrio
                0x20000064        0x4 build/stm32f1xx_hal.o
                0x20000064                uwTickPrio
 .data.SystemCoreClock
                0x20000068        0x4 build/system_stm32f1xx.o
                0x20000068                SystemCoreClock
 .data.USBD_CDC
                0x2000006c       0x38 build/usbd_cdc.o
                0x2000006c                USBD_CDC
 .data.USBD_CDC_CfgFSDesc
                0x200000a4       0x43 build/usbd_cdc.o
                0x200000a4                USBD_CDC_CfgFSDesc
 *fill*         0x200000e7        0x1 
 .data.USBD_CDC_CfgHSDesc
                0x200000e8       0x43 build/usbd_cdc.o
                0x200000e8                USBD_CDC_CfgHSDesc
 *fill*         0x2000012b        0x1 
 .data.USBD_CDC_DeviceQualifierDesc
                0x2000012c        0xa build/usbd_cdc.o
 *fill*         0x20000136        0x2 
 .data.USBD_CDC_OtherSpeedCfgDesc
                0x20000138       0x43 build/usbd_cdc.o
                0x20000138                USBD_CDC_OtherSpeedCfgDesc
 *fill*         0x2000017b        0x1 
 .data._impure_ptr
                0x2000017c        0x4 c:/program files (x86)/gnu tools arm embedded/8 2019-q3-update/bin/../lib/gcc/arm-none-eabi/8.3.1/../../../../arm-none-eabi/lib/thumb/v7-m/nofp\libc_nano.a(lib_a-impure.o)
                0x2000017c                _impure_ptr
 .data.impure_data
                0x20000180       0x60 c:/program files (x86)/gnu tools arm embedded/8 2019-q3-update/bin/../lib/gcc/arm-none-eabi/8.3.1/../../../../arm-none-eabi/lib/thumb/v7-m/nofp\libc_nano.a(lib_a-impure.o)
 .data.__global_locale
                0x200001e0      0x16c c:/program files (x86)/gnu tools arm embedded/8 2019-q3-update/bin/../lib/gcc/arm-none-eabi/8.3.1/../../../../arm-none-eabi/lib/thumb/v7-m/nofp\libc_nano.a(lib_a-locale.o)
                0x200001e0                __global_locale
                0x2000034c                . = ALIGN (0x4)
                0x2000034c                _edata = .

.igot.plt       0x2000034c        0x0 load address 0x0800cea4
 .igot.plt      0x2000034c        0x0 c:/program files (x86)/gnu tools arm embedded/8 2019-q3-update/bin/../lib/gcc/arm-none-eabi/8.3.1/thumb/v7-m/nofp/crtbegin.o
                0x2000034c                . = ALIGN (0x4)

.bss            0x2000034c     0x17d4 load address 0x0800cea4
                0x2000034c                _sbss = .
                0x2000034c                __bss_start__ = _sbss
 *(.bss)
 .bss           0x2000034c       0x1c c:/program files (x86)/gnu tools arm embedded/8 2019-q3-update/bin/../lib/gcc/arm-none-eabi/8.3.1/thumb/v7-m/nofp/crtbegin.o
 *(.bss*)
 .bss.toggle    0x20000368        0x1 build/main.o
                0x20000368                toggle
 *fill*         0x20000369        0x3 
 .bss.mem.8322  0x2000036c      0x220 build/usbd_conf.o
 .bss.cfgidx.8239
                0x2000058c        0x1 build/usbd_ctlreq.o
 .bss.ifalt.8234
                0x2000058d        0x1 build/usbd_cdc.o
 *fill*         0x2000058e        0x2 
 .bss.buf.8494  0x20000590      0x400 build/u8g2_d_memory.o
 .bss.buf.5191  0x20000990       0x10 build/u8x8_cad.o
 .bss.__malloc_free_list
                0x200009a0        0x4 c:/program files (x86)/gnu tools arm embedded/8 2019-q3-update/bin/../lib/gcc/arm-none-eabi/8.3.1/../../../../arm-none-eabi/lib/thumb/v7-m/nofp\libc_nano.a(lib_a-nano-mallocr.o)
                0x200009a0                __malloc_free_list
 .bss.__malloc_sbrk_start
                0x200009a4        0x4 c:/program files (x86)/gnu tools arm embedded/8 2019-q3-update/bin/../lib/gcc/arm-none-eabi/8.3.1/../../../../arm-none-eabi/lib/thumb/v7-m/nofp\libc_nano.a(lib_a-nano-mallocr.o)
                0x200009a4                __malloc_sbrk_start
 .bss.heap_end.4194
                0x200009a8        0x4 c:/program files (x86)/gnu tools arm embedded/8 2019-q3-update/bin/../lib/gcc/arm-none-eabi/8.3.1/../../../../arm-none-eabi/lib/thumb/v7-m/nofp\libnosys.a(sbrk.o)
 *(COMMON)
 COMMON         0x200009ac       0x80 build/main.o
                0x200009ac                u8g2
 COMMON         0x20000a2c        0x4 build/blinkled.o
                0x20000a2c                tick
 COMMON         0x20000a30       0x18 build/key.o
                0x20000a30                key
 COMMON         0x20000a48        0xc build/main_screen.o
                0x20000a48                main_scr
 COMMON         0x20000a54        0xc build/info_screen.o
                0x20000a54                Info_Scr
 COMMON         0x20000a60       0x58 build/spi.o
                0x20000a60                hspi1
 COMMON         0x20000ab8      0x224 build/usb_device.o
                0x20000ab8                hUsbDeviceFS
 COMMON         0x20000cdc      0x460 build/usbd_conf.o
                0x20000cdc                hpcd_USB_FS
 COMMON         0x2000113c      0x200 build/usbd_desc.o
                0x2000113c                USBD_StrDesc
 COMMON         0x2000133c      0x7d0 build/usbd_cdc_if.o
                0x2000133c                UserRxBufferFS
                0x20001724                UserTxBufferFS
 COMMON         0x20001b0c        0x4 build/stm32f1xx_hal.o
                0x20001b0c                uwTick
 COMMON         0x20001b10        0x9 c:/program files (x86)/gnu tools arm embedded/8 2019-q3-update/bin/../lib/gcc/arm-none-eabi/8.3.1/../../../../arm-none-eabi/lib/thumb/v7-m/nofp\libc_nano.a(lib_a-lock.o)
                0x20001b10                __lock___atexit_recursive_mutex
                0x20001b11                __lock___arc4random_mutex
                0x20001b12                __lock___env_recursive_mutex
                0x20001b13                __lock___sinit_recursive_mutex
                0x20001b14                __lock___malloc_recursive_mutex
                0x20001b15                __lock___at_quick_exit_mutex
                0x20001b16                __lock___dd_hash_mutex
                0x20001b17                __lock___tz_mutex
                0x20001b18                __lock___sfp_recursive_mutex
 *fill*         0x20001b19        0x3 
 COMMON         0x20001b1c        0x4 c:/program files (x86)/gnu tools arm embedded/8 2019-q3-update/bin/../lib/gcc/arm-none-eabi/8.3.1/../../../../arm-none-eabi/lib/thumb/v7-m/nofp\libc_nano.a(lib_a-reent.o)
                0x20001b1c                errno
                0x20001b20                . = ALIGN (0x4)
                0x20001b20                _ebss = .
                0x20001b20                __bss_end__ = _ebss

._user_heap_stack
                0x20001b20      0x600 load address 0x0800cea4
                0x20001b20                . = ALIGN (0x8)
                0x20001b20                PROVIDE (end = .)
                [!provide]                PROVIDE (_end = .)
                0x20001d20                . = (. + _Min_Heap_Size)
 *fill*         0x20001b20      0x200 
                0x20002120                . = (. + _Min_Stack_Size)
 *fill*         0x20001d20      0x400 
                0x20002120                . = ALIGN (0x8)

/DISCARD/
 libc.a(*)
 libm.a(*)
 libgcc.a(*)

.ARM.attributes
                0x00000000       0x29
 *(.ARM.attributes)
 .ARM.attributes
                0x00000000       0x1d c:/program files (x86)/gnu tools arm embedded/8 2019-q3-update/bin/../lib/gcc/arm-none-eabi/8.3.1/thumb/v7-m/nofp/crti.o
 .ARM.attributes
                0x0000001d       0x2d c:/program files (x86)/gnu tools arm embedded/8 2019-q3-update/bin/../lib/gcc/arm-none-eabi/8.3.1/thumb/v7-m/nofp/crtbegin.o
 .ARM.attributes
                0x0000004a       0x2d build/main.o
 .ARM.attributes
                0x00000077       0x2d build/gpio.o
 .ARM.attributes
                0x000000a4       0x2d build/blinkled.o
 .ARM.attributes
                0x000000d1       0x2d build/key.o
 .ARM.attributes
                0x000000fe       0x33 build/user_bitmap.o
 .ARM.attributes
                0x00000131       0x2d build/logo.o
 .ARM.attributes
                0x0000015e       0x2d build/main_screen.o
 .ARM.attributes
                0x0000018b       0x2d build/info_screen.o
 .ARM.attributes
                0x000001b8       0x2d build/output.o
 .ARM.attributes
                0x000001e5       0x2d build/spi.o
 .ARM.attributes
                0x00000212       0x2d build/usb_device.o
 .ARM.attributes
                0x0000023f       0x2d build/usbd_conf.o
 .ARM.attributes
                0x0000026c       0x2d build/usbd_desc.o
 .ARM.attributes
                0x00000299       0x2d build/usbd_cdc_if.o
 .ARM.attributes
                0x000002c6       0x2d build/stm32f1xx_it.o
 .ARM.attributes
                0x000002f3       0x2d build/stm32f1xx_hal_msp.o
 .ARM.attributes
                0x00000320       0x2d build/stm32f1xx_hal_pcd.o
 .ARM.attributes
                0x0000034d       0x2d build/stm32f1xx_hal_pcd_ex.o
 .ARM.attributes
                0x0000037a       0x2d build/stm32f1xx_ll_usb.o
 .ARM.attributes
                0x000003a7       0x2d build/stm32f1xx_hal_spi.o
 .ARM.attributes
                0x000003d4       0x2d build/stm32f1xx_hal.o
 .ARM.attributes
                0x00000401       0x2d build/stm32f1xx_hal_rcc.o
 .ARM.attributes
                0x0000042e       0x2d build/stm32f1xx_hal_rcc_ex.o
 .ARM.attributes
                0x0000045b       0x2d build/stm32f1xx_hal_gpio.o
 .ARM.attributes
                0x00000488       0x2d build/stm32f1xx_hal_cortex.o
 .ARM.attributes
                0x000004b5       0x2d build/system_stm32f1xx.o
 .ARM.attributes
                0x000004e2       0x2d build/usbd_core.o
 .ARM.attributes
                0x0000050f       0x2d build/usbd_ctlreq.o
 .ARM.attributes
                0x0000053c       0x2d build/usbd_ioreq.o
 .ARM.attributes
                0x00000569       0x2d build/usbd_cdc.o
 .ARM.attributes
                0x00000596       0x2d build/u8g2_bitmap.o
 .ARM.attributes
                0x000005c3       0x2d build/u8g2_box.o
 .ARM.attributes
                0x000005f0       0x2d build/u8g2_buffer.o
 .ARM.attributes
                0x0000061d       0x2d build/u8g2_d_memory.o
 .ARM.attributes
                0x0000064a       0x2d build/u8g2_d_setup.o
 .ARM.attributes
                0x00000677       0x2d build/u8g2_font.o
 .ARM.attributes
                0x000006a4       0x33 build/u8g2_fonts.o
 .ARM.attributes
                0x000006d7       0x2d build/u8g2_hvline.o
 .ARM.attributes
                0x00000704       0x2d build/u8g2_intersection.o
 .ARM.attributes
                0x00000731       0x2d build/u8g2_ll_hvline.o
 .ARM.attributes
                0x0000075e       0x2d build/u8g2_setup.o
 .ARM.attributes
                0x0000078b       0x2d build/u8x8_8x8.o
 .ARM.attributes
                0x000007b8       0x2d build/u8x8_byte.o
 .ARM.attributes
                0x000007e5       0x2d build/u8x8_cad.o
 .ARM.attributes
                0x00000812       0x2d build/u8x8_d_st7920.o
 .ARM.attributes
                0x0000083f       0x2d build/u8x8_display.o
 .ARM.attributes
                0x0000086c       0x2d build/u8x8_gpio.o
 .ARM.attributes
                0x00000899       0x2d build/u8x8_setup.o
 .ARM.attributes
                0x000008c6       0x21 build/startup_stm32f103xe.o
 .ARM.attributes
                0x000008e7       0x2d c:/program files (x86)/gnu tools arm embedded/8 2019-q3-update/bin/../lib/gcc/arm-none-eabi/8.3.1/../../../../arm-none-eabi/lib/thumb/v7-m/nofp\libc_nano.a(lib_a-errno.o)
 .ARM.attributes
                0x00000914       0x2d c:/program files (x86)/gnu tools arm embedded/8 2019-q3-update/bin/../lib/gcc/arm-none-eabi/8.3.1/../../../../arm-none-eabi/lib/thumb/v7-m/nofp\libc_nano.a(lib_a-impure.o)
 .ARM.attributes
                0x00000941       0x2d c:/program files (x86)/gnu tools arm embedded/8 2019-q3-update/bin/../lib/gcc/arm-none-eabi/8.3.1/../../../../arm-none-eabi/lib/thumb/v7-m/nofp\libc_nano.a(lib_a-init.o)
 .ARM.attributes
                0x0000096e       0x2d c:/program files (x86)/gnu tools arm embedded/8 2019-q3-update/bin/../lib/gcc/arm-none-eabi/8.3.1/../../../../arm-none-eabi/lib/thumb/v7-m/nofp\libc_nano.a(lib_a-memset.o)
 .ARM.attributes
                0x0000099b       0x2d c:/program files (x86)/gnu tools arm embedded/8 2019-q3-update/bin/../lib/gcc/arm-none-eabi/8.3.1/../../../../arm-none-eabi/lib/thumb/v7-m/nofp\libc_nano.a(lib_a-nano-vfprintf_float.o)
 .ARM.attributes
                0x000009c8       0x2d c:/program files (x86)/gnu tools arm embedded/8 2019-q3-update/bin/../lib/gcc/arm-none-eabi/8.3.1/../../../../arm-none-eabi/lib/thumb/v7-m/nofp\libc_nano.a(lib_a-nano-vfprintf_i.o)
 .ARM.attributes
                0x000009f5       0x2d c:/program files (x86)/gnu tools arm embedded/8 2019-q3-update/bin/../lib/gcc/arm-none-eabi/8.3.1/../../../../arm-none-eabi/lib/thumb/v7-m/nofp\libc_nano.a(lib_a-puts.o)
 .ARM.attributes
                0x00000a22       0x17 c:/program files (x86)/gnu tools arm embedded/8 2019-q3-update/bin/../lib/gcc/arm-none-eabi/8.3.1/../../../../arm-none-eabi/lib/thumb/v7-m/nofp\libc_nano.a(lib_a-strlen.o)
 .ARM.attributes
                0x00000a39       0x2d c:/program files (x86)/gnu tools arm embedded/8 2019-q3-update/bin/../lib/gcc/arm-none-eabi/8.3.1/../../../../arm-none-eabi/lib/thumb/v7-m/nofp\libc_nano.a(lib_a-wbuf.o)
 .ARM.attributes
                0x00000a66       0x2d c:/program files (x86)/gnu tools arm embedded/8 2019-q3-update/bin/../lib/gcc/arm-none-eabi/8.3.1/../../../../arm-none-eabi/lib/thumb/v7-m/nofp\libc_nano.a(lib_a-wsetup.o)
 .ARM.attributes
                0x00000a93       0x2d c:/program files (x86)/gnu tools arm embedded/8 2019-q3-update/bin/../lib/gcc/arm-none-eabi/8.3.1/../../../../arm-none-eabi/lib/thumb/v7-m/nofp\libc_nano.a(lib_a-dtoa.o)
 .ARM.attributes
                0x00000ac0       0x2d c:/program files (x86)/gnu tools arm embedded/8 2019-q3-update/bin/../lib/gcc/arm-none-eabi/8.3.1/../../../../arm-none-eabi/lib/thumb/v7-m/nofp\libc_nano.a(lib_a-fflush.o)
 .ARM.attributes
                0x00000aed       0x2d c:/program files (x86)/gnu tools arm embedded/8 2019-q3-update/bin/../lib/gcc/arm-none-eabi/8.3.1/../../../../arm-none-eabi/lib/thumb/v7-m/nofp\libc_nano.a(lib_a-findfp.o)
 .ARM.attributes
                0x00000b1a       0x2d c:/program files (x86)/gnu tools arm embedded/8 2019-q3-update/bin/../lib/gcc/arm-none-eabi/8.3.1/../../../../arm-none-eabi/lib/thumb/v7-m/nofp\libc_nano.a(lib_a-fwalk.o)
 .ARM.attributes
                0x00000b47       0x2d c:/program files (x86)/gnu tools arm embedded/8 2019-q3-update/bin/../lib/gcc/arm-none-eabi/8.3.1/../../../../arm-none-eabi/lib/thumb/v7-m/nofp\libc_nano.a(lib_a-localeconv.o)
 .ARM.attributes
                0x00000b74       0x2d c:/program files (x86)/gnu tools arm embedded/8 2019-q3-update/bin/../lib/gcc/arm-none-eabi/8.3.1/../../../../arm-none-eabi/lib/thumb/v7-m/nofp\libc_nano.a(lib_a-lock.o)
 .ARM.attributes
                0x00000ba1       0x2d c:/program files (x86)/gnu tools arm embedded/8 2019-q3-update/bin/../lib/gcc/arm-none-eabi/8.3.1/../../../../arm-none-eabi/lib/thumb/v7-m/nofp\libc_nano.a(lib_a-makebuf.o)
 .ARM.attributes
                0x00000bce       0x2d c:/program files (x86)/gnu tools arm embedded/8 2019-q3-update/bin/../lib/gcc/arm-none-eabi/8.3.1/../../../../arm-none-eabi/lib/thumb/v7-m/nofp\libc_nano.a(lib_a-malloc.o)
 .ARM.attributes
                0x00000bfb       0x2d c:/program files (x86)/gnu tools arm embedded/8 2019-q3-update/bin/../lib/gcc/arm-none-eabi/8.3.1/../../../../arm-none-eabi/lib/thumb/v7-m/nofp\libc_nano.a(lib_a-memcpy-stub.o)
 .ARM.attributes